  Determining projects to restore...
  All projects are up-to-date for restore.
  DomainObjects -> c:\projects\antigravity\gridiron\DomainObjects\bin\Debug\net8.0\DomainObjects.dll
  StateLibrary -> C:\projects\antigravity\gridiron\StateLibrary\bin\Debug\net8.0\StateLibrary.dll
C:\projects\antigravity\gridiron\UnitTestProject1\Helpers\InMemoryLogger.cs(23,28): warning CS8633: Nullability in constraints for type parameter 'TState' of method 'InMemoryLogger.BeginScope<TState>(TState)' doesn't match the constraints for type parameter 'TState' of interface method 'ILogger.BeginScope<TState>(TState)'. Consider using an explicit interface implementation instead. [C:\projects\antigravity\gridiron\UnitTestProject1\UnitTestProject1.csproj]
C:\projects\antigravity\gridiron\UnitTestProject1\Helpers\InMemoryLogger.cs(42,54): warning CS8633: Nullability in constraints for type parameter 'TState' of method 'InMemoryLogger.BeginScope<TState>(TState)' doesn't match the constraints for type parameter 'TState' of interface method 'ILogger.BeginScope<TState>(TState)'. Consider using an explicit interface implementation instead. [C:\projects\antigravity\gridiron\UnitTestProject1\UnitTestProject1.csproj]
C:\projects\antigravity\gridiron\UnitTestProject1\DeadBallPenaltyTests.cs(22,36): warning CS8618: Non-nullable field '_penaltyEnforcement' must contain a non-null value when exiting constructor. Consider adding the 'required' modifier or declaring the field as nullable. [C:\projects\antigravity\gridiron\UnitTestProject1\UnitTestProject1.csproj]
C:\projects\antigravity\gridiron\UnitTestProject1\Helpers\FieldGoalPlayScenarios.cs(80,18): error CS1061: 'TestFluentSeedableRandom' does not contain a definition for 'ElapsedTimeRandomFactor' and no accessible extension method 'ElapsedTimeRandomFactor' accepting a first argument of type 'TestFluentSeedableRandom' could be found (are you missing a using directive or an assembly reference?) [C:\projects\antigravity\gridiron\UnitTestProject1\UnitTestProject1.csproj]
C:\projects\antigravity\gridiron\UnitTestProject1\Helpers\FieldGoalPlayScenarios.cs(97,18): error CS1061: 'TestFluentSeedableRandom' does not contain a definition for 'ElapsedTimeRandomFactor' and no accessible extension method 'ElapsedTimeRandomFactor' accepting a first argument of type 'TestFluentSeedableRandom' could be found (are you missing a using directive or an assembly reference?) [C:\projects\antigravity\gridiron\UnitTestProject1\UnitTestProject1.csproj]
C:\projects\antigravity\gridiron\UnitTestProject1\Helpers\FieldGoalPlayScenarios.cs(117,18): error CS1061: 'TestFluentSeedableRandom' does not contain a definition for 'ElapsedTimeRandomFactor' and no accessible extension method 'ElapsedTimeRandomFactor' accepting a first argument of type 'TestFluentSeedableRandom' could be found (are you missing a using directive or an assembly reference?) [C:\projects\antigravity\gridiron\UnitTestProject1\UnitTestProject1.csproj]
C:\projects\antigravity\gridiron\UnitTestProject1\Helpers\FieldGoalPlayScenarios.cs(138,18): error CS1061: 'TestFluentSeedableRandom' does not contain a definition for 'ElapsedTimeRandomFactor' and no accessible extension method 'ElapsedTimeRandomFactor' accepting a first argument of type 'TestFluentSeedableRandom' could be found (are you missing a using directive or an assembly reference?) [C:\projects\antigravity\gridiron\UnitTestProject1\UnitTestProject1.csproj]
C:\projects\antigravity\gridiron\UnitTestProject1\Helpers\FieldGoalPlayScenarios.cs(156,18): error CS1061: 'TestFluentSeedableRandom' does not contain a definition for 'ElapsedTimeRandomFactor' and no accessible extension method 'ElapsedTimeRandomFactor' accepting a first argument of type 'TestFluentSeedableRandom' could be found (are you missing a using directive or an assembly reference?) [C:\projects\antigravity\gridiron\UnitTestProject1\UnitTestProject1.csproj]
C:\projects\antigravity\gridiron\UnitTestProject1\Helpers\FieldGoalPlayScenarios.cs(177,18): error CS1061: 'TestFluentSeedableRandom' does not contain a definition for 'ElapsedTimeRandomFactor' and no accessible extension method 'ElapsedTimeRandomFactor' accepting a first argument of type 'TestFluentSeedableRandom' could be found (are you missing a using directive or an assembly reference?) [C:\projects\antigravity\gridiron\UnitTestProject1\UnitTestProject1.csproj]
C:\projects\antigravity\gridiron\UnitTestProject1\Helpers\FieldGoalPlayScenarios.cs(195,18): error CS1061: 'TestFluentSeedableRandom' does not contain a definition for 'ElapsedTimeRandomFactor' and no accessible extension method 'ElapsedTimeRandomFactor' accepting a first argument of type 'TestFluentSeedableRandom' could be found (are you missing a using directive or an assembly reference?) [C:\projects\antigravity\gridiron\UnitTestProject1\UnitTestProject1.csproj]
C:\projects\antigravity\gridiron\UnitTestProject1\Helpers\FieldGoalPlayScenarios.cs(216,18): error CS1061: 'TestFluentSeedableRandom' does not contain a definition for 'ElapsedTimeRandomFactor' and no accessible extension method 'ElapsedTimeRandomFactor' accepting a first argument of type 'TestFluentSeedableRandom' could be found (are you missing a using directive or an assembly reference?) [C:\projects\antigravity\gridiron\UnitTestProject1\UnitTestProject1.csproj]
C:\projects\antigravity\gridiron\UnitTestProject1\GameFieldPositionTests.cs(10,22): warning CS8618: Non-nullable field '_game' must contain a non-null value when exiting constructor. Consider adding the 'required' modifier or declaring the field as nullable. [C:\projects\antigravity\gridiron\UnitTestProject1\UnitTestProject1.csproj]
C:\projects\antigravity\gridiron\UnitTestProject1\Helpers\FieldGoalPlayScenarios.cs(228,18): error CS1061: 'TestFluentSeedableRandom' does not contain a definition for 'ElapsedTimeRandomFactor' and no accessible extension method 'ElapsedTimeRandomFactor' accepting a first argument of type 'TestFluentSeedableRandom' could be found (are you missing a using directive or an assembly reference?) [C:\projects\antigravity\gridiron\UnitTestProject1\UnitTestProject1.csproj]
C:\projects\antigravity\gridiron\UnitTestProject1\Helpers\FieldGoalPlayScenarios.cs(249,18): error CS1061: 'TestFluentSeedableRandom' does not contain a definition for 'ElapsedTimeRandomFactor' and no accessible extension method 'ElapsedTimeRandomFactor' accepting a first argument of type 'TestFluentSeedableRandom' could be found (are you missing a using directive or an assembly reference?) [C:\projects\antigravity\gridiron\UnitTestProject1\UnitTestProject1.csproj]
C:\projects\antigravity\gridiron\UnitTestProject1\Helpers\FieldGoalPlayScenarios.cs(266,18): error CS1061: 'TestFluentSeedableRandom' does not contain a definition for 'ElapsedTimeRandomFactor' and no accessible extension method 'ElapsedTimeRandomFactor' accepting a first argument of type 'TestFluentSeedableRandom' could be found (are you missing a using directive or an assembly reference?) [C:\projects\antigravity\gridiron\UnitTestProject1\UnitTestProject1.csproj]
C:\projects\antigravity\gridiron\UnitTestProject1\Helpers\KickoffPlayScenarios.cs(81,9): error CS1061: 'TestFluentSeedableRandom' does not contain a definition for 'ElapsedTimeRandomFactor' and no accessible extension method 'ElapsedTimeRandomFactor' accepting a first argument of type 'TestFluentSeedableRandom' could be found (are you missing a using directive or an assembly reference?) [C:\projects\antigravity\gridiron\UnitTestProject1\UnitTestProject1.csproj]
C:\projects\antigravity\gridiron\UnitTestProject1\Helpers\FieldGoalPlayScenarios.cs(279,18): error CS1061: 'TestFluentSeedableRandom' does not contain a definition for 'ElapsedTimeRandomFactor' and no accessible extension method 'ElapsedTimeRandomFactor' accepting a first argument of type 'TestFluentSeedableRandom' could be found (are you missing a using directive or an assembly reference?) [C:\projects\antigravity\gridiron\UnitTestProject1\UnitTestProject1.csproj]
C:\projects\antigravity\gridiron\UnitTestProject1\Helpers\PuntPlayScenarios.cs(133,18): error CS1061: 'TestFluentSeedableRandom' does not contain a definition for 'ElapsedTimeRandomFactor' and no accessible extension method 'ElapsedTimeRandomFactor' accepting a first argument of type 'TestFluentSeedableRandom' could be found (are you missing a using directive or an assembly reference?) [C:\projects\antigravity\gridiron\UnitTestProject1\UnitTestProject1.csproj]
C:\projects\antigravity\gridiron\UnitTestProject1\Helpers\PassPlayScenarios.cs(100,18): error CS1061: 'TestFluentSeedableRandom' does not contain a definition for 'ElapsedTimeRandomFactor' and no accessible extension method 'ElapsedTimeRandomFactor' accepting a first argument of type 'TestFluentSeedableRandom' could be found (are you missing a using directive or an assembly reference?) [C:\projects\antigravity\gridiron\UnitTestProject1\UnitTestProject1.csproj]
C:\projects\antigravity\gridiron\UnitTestProject1\Helpers\FieldGoalPlayScenarios.cs(292,18): error CS1061: 'TestFluentSeedableRandom' does not contain a definition for 'ElapsedTimeRandomFactor' and no accessible extension method 'ElapsedTimeRandomFactor' accepting a first argument of type 'TestFluentSeedableRandom' could be found (are you missing a using directive or an assembly reference?) [C:\projects\antigravity\gridiron\UnitTestProject1\UnitTestProject1.csproj]
C:\projects\antigravity\gridiron\UnitTestProject1\Helpers\KickoffPlayScenarios.cs(155,6): error CS1061: 'TestFluentSeedableRandom' does not contain a definition for 'ElapsedTimeRandomFactor' and no accessible extension method 'ElapsedTimeRandomFactor' accepting a first argument of type 'TestFluentSeedableRandom' could be found (are you missing a using directive or an assembly reference?) [C:\projects\antigravity\gridiron\UnitTestProject1\UnitTestProject1.csproj]
C:\projects\antigravity\gridiron\UnitTestProject1\DownProgressionTests.cs(224,18): error CS1061: 'TestFluentSeedableRandom' does not contain a definition for 'ElapsedTimeRandomFactor' and no accessible extension method 'ElapsedTimeRandomFactor' accepting a first argument of type 'TestFluentSeedableRandom' could be found (are you missing a using directive or an assembly reference?) [C:\projects\antigravity\gridiron\UnitTestProject1\UnitTestProject1.csproj]
C:\projects\antigravity\gridiron\UnitTestProject1\Helpers\KickoffPlayScenarios.cs(171,5): error CS1061: 'TestFluentSeedableRandom' does not contain a definition for 'ElapsedTimeRandomFactor' and no accessible extension method 'ElapsedTimeRandomFactor' accepting a first argument of type 'TestFluentSeedableRandom' could be found (are you missing a using directive or an assembly reference?) [C:\projects\antigravity\gridiron\UnitTestProject1\UnitTestProject1.csproj]
C:\projects\antigravity\gridiron\UnitTestProject1\Helpers\PuntPlayScenarios.cs(176,18): error CS1061: 'TestFluentSeedableRandom' does not contain a definition for 'ElapsedTimeRandomFactor' and no accessible extension method 'ElapsedTimeRandomFactor' accepting a first argument of type 'TestFluentSeedableRandom' could be found (are you missing a using directive or an assembly reference?) [C:\projects\antigravity\gridiron\UnitTestProject1\UnitTestProject1.csproj]
C:\projects\antigravity\gridiron\UnitTestProject1\Helpers\FieldGoalPlayScenarios.cs(306,18): error CS1061: 'TestFluentSeedableRandom' does not contain a definition for 'ElapsedTimeRandomFactor' and no accessible extension method 'ElapsedTimeRandomFactor' accepting a first argument of type 'TestFluentSeedableRandom' could be found (are you missing a using directive or an assembly reference?) [C:\projects\antigravity\gridiron\UnitTestProject1\UnitTestProject1.csproj]
C:\projects\antigravity\gridiron\UnitTestProject1\Helpers\KickoffPlayScenarios.cs(183,15): error CS1061: 'TestFluentSeedableRandom' does not contain a definition for 'ElapsedTimeRandomFactor' and no accessible extension method 'ElapsedTimeRandomFactor' accepting a first argument of type 'TestFluentSeedableRandom' could be found (are you missing a using directive or an assembly reference?) [C:\projects\antigravity\gridiron\UnitTestProject1\UnitTestProject1.csproj]
C:\projects\antigravity\gridiron\UnitTestProject1\Helpers\PuntPlayScenarios.cs(197,18): error CS1061: 'TestFluentSeedableRandom' does not contain a definition for 'ElapsedTimeRandomFactor' and no accessible extension method 'ElapsedTimeRandomFactor' accepting a first argument of type 'TestFluentSeedableRandom' could be found (are you missing a using directive or an assembly reference?) [C:\projects\antigravity\gridiron\UnitTestProject1\UnitTestProject1.csproj]
C:\projects\antigravity\gridiron\UnitTestProject1\Helpers\PassPlayScenarios.cs(148,18): error CS1061: 'TestFluentSeedableRandom' does not contain a definition for 'ElapsedTimeRandomFactor' and no accessible extension method 'ElapsedTimeRandomFactor' accepting a first argument of type 'TestFluentSeedableRandom' could be found (are you missing a using directive or an assembly reference?) [C:\projects\antigravity\gridiron\UnitTestProject1\UnitTestProject1.csproj]
C:\projects\antigravity\gridiron\UnitTestProject1\Helpers\PuntPlayScenarios.cs(209,18): error CS1061: 'TestFluentSeedableRandom' does not contain a definition for 'ElapsedTimeRandomFactor' and no accessible extension method 'ElapsedTimeRandomFactor' accepting a first argument of type 'TestFluentSeedableRandom' could be found (are you missing a using directive or an assembly reference?) [C:\projects\antigravity\gridiron\UnitTestProject1\UnitTestProject1.csproj]
C:\projects\antigravity\gridiron\UnitTestProject1\Helpers\KickoffPlayScenarios.cs(214,2): error CS1061: 'TestFluentSeedableRandom' does not contain a definition for 'ElapsedTimeRandomFactor' and no accessible extension method 'ElapsedTimeRandomFactor' accepting a first argument of type 'TestFluentSeedableRandom' could be found (are you missing a using directive or an assembly reference?) [C:\projects\antigravity\gridiron\UnitTestProject1\UnitTestProject1.csproj]
C:\projects\antigravity\gridiron\UnitTestProject1\Helpers\FieldGoalPlayScenarios.cs(320,18): error CS1061: 'TestFluentSeedableRandom' does not contain a definition for 'ElapsedTimeRandomFactor' and no accessible extension method 'ElapsedTimeRandomFactor' accepting a first argument of type 'TestFluentSeedableRandom' could be found (are you missing a using directive or an assembly reference?) [C:\projects\antigravity\gridiron\UnitTestProject1\UnitTestProject1.csproj]
C:\projects\antigravity\gridiron\UnitTestProject1\Helpers\RunPlayScenarios.cs(70,18): error CS1061: 'TestFluentSeedableRandom' does not contain a definition for 'ElapsedTimeRandomFactor' and no accessible extension method 'ElapsedTimeRandomFactor' accepting a first argument of type 'TestFluentSeedableRandom' could be found (are you missing a using directive or an assembly reference?) [C:\projects\antigravity\gridiron\UnitTestProject1\UnitTestProject1.csproj]
C:\projects\antigravity\gridiron\UnitTestProject1\Helpers\PuntPlayScenarios.cs(230,18): error CS1061: 'TestFluentSeedableRandom' does not contain a definition for 'ElapsedTimeRandomFactor' and no accessible extension method 'ElapsedTimeRandomFactor' accepting a first argument of type 'TestFluentSeedableRandom' could be found (are you missing a using directive or an assembly reference?) [C:\projects\antigravity\gridiron\UnitTestProject1\UnitTestProject1.csproj]
C:\projects\antigravity\gridiron\UnitTestProject1\Helpers\KickoffPlayScenarios.cs(235,18): error CS1061: 'TestFluentSeedableRandom' does not contain a definition for 'ElapsedTimeRandomFactor' and no accessible extension method 'ElapsedTimeRandomFactor' accepting a first argument of type 'TestFluentSeedableRandom' could be found (are you missing a using directive or an assembly reference?) [C:\projects\antigravity\gridiron\UnitTestProject1\UnitTestProject1.csproj]
C:\projects\antigravity\gridiron\UnitTestProject1\Helpers\PuntPlayScenarios.cs(252,18): error CS1061: 'TestFluentSeedableRandom' does not contain a definition for 'ElapsedTimeRandomFactor' and no accessible extension method 'ElapsedTimeRandomFactor' accepting a first argument of type 'TestFluentSeedableRandom' could be found (are you missing a using directive or an assembly reference?) [C:\projects\antigravity\gridiron\UnitTestProject1\UnitTestProject1.csproj]
C:\projects\antigravity\gridiron\UnitTestProject1\Helpers\KickoffPlayScenarios.cs(269,6): error CS1061: 'TestFluentSeedableRandom' does not contain a definition for 'ElapsedTimeRandomFactor' and no accessible extension method 'ElapsedTimeRandomFactor' accepting a first argument of type 'TestFluentSeedableRandom' could be found (are you missing a using directive or an assembly reference?) [C:\projects\antigravity\gridiron\UnitTestProject1\UnitTestProject1.csproj]
C:\projects\antigravity\gridiron\UnitTestProject1\Helpers\PuntPlayScenarios.cs(266,18): error CS1061: 'TestFluentSeedableRandom' does not contain a definition for 'ElapsedTimeRandomFactor' and no accessible extension method 'ElapsedTimeRandomFactor' accepting a first argument of type 'TestFluentSeedableRandom' could be found (are you missing a using directive or an assembly reference?) [C:\projects\antigravity\gridiron\UnitTestProject1\UnitTestProject1.csproj]
C:\projects\antigravity\gridiron\UnitTestProject1\Helpers\PuntPlayScenarios.cs(279,18): error CS1061: 'TestFluentSeedableRandom' does not contain a definition for 'ElapsedTimeRandomFactor' and no accessible extension method 'ElapsedTimeRandomFactor' accepting a first argument of type 'TestFluentSeedableRandom' could be found (are you missing a using directive or an assembly reference?) [C:\projects\antigravity\gridiron\UnitTestProject1\UnitTestProject1.csproj]
C:\projects\antigravity\gridiron\UnitTestProject1\Helpers\FieldGoalPlayScenarios.cs(350,17): error CS1061: 'TestFluentSeedableRandom' does not contain a definition for 'ElapsedTimeRandomFactor' and no accessible extension method 'ElapsedTimeRandomFactor' accepting a first argument of type 'TestFluentSeedableRandom' could be found (are you missing a using directive or an assembly reference?) [C:\projects\antigravity\gridiron\UnitTestProject1\UnitTestProject1.csproj]
C:\projects\antigravity\gridiron\UnitTestProject1\Helpers\KickoffPlayScenarios.cs(307,9): error CS1061: 'TestFluentSeedableRandom' does not contain a definition for 'ElapsedTimeRandomFactor' and no accessible extension method 'ElapsedTimeRandomFactor' accepting a first argument of type 'TestFluentSeedableRandom' could be found (are you missing a using directive or an assembly reference?) [C:\projects\antigravity\gridiron\UnitTestProject1\UnitTestProject1.csproj]
C:\projects\antigravity\gridiron\UnitTestProject1\Helpers\RunPlayScenarios.cs(98,18): error CS1061: 'TestFluentSeedableRandom' does not contain a definition for 'ElapsedTimeRandomFactor' and no accessible extension method 'ElapsedTimeRandomFactor' accepting a first argument of type 'TestFluentSeedableRandom' could be found (are you missing a using directive or an assembly reference?) [C:\projects\antigravity\gridiron\UnitTestProject1\UnitTestProject1.csproj]
C:\projects\antigravity\gridiron\UnitTestProject1\FieldPositionHelperTests.cs(10,22): warning CS8618: Non-nullable field '_buffaloTeam' must contain a non-null value when exiting constructor. Consider adding the 'required' modifier or declaring the field as nullable. [C:\projects\antigravity\gridiron\UnitTestProject1\UnitTestProject1.csproj]
C:\projects\antigravity\gridiron\UnitTestProject1\FieldPositionHelperTests.cs(11,22): warning CS8618: Non-nullable field '_kansasCityTeam' must contain a non-null value when exiting constructor. Consider adding the 'required' modifier or declaring the field as nullable. [C:\projects\antigravity\gridiron\UnitTestProject1\UnitTestProject1.csproj]
C:\projects\antigravity\gridiron\UnitTestProject1\DownProgressionTests.cs(255,18): error CS1061: 'TestFluentSeedableRandom' does not contain a definition for 'ElapsedTimeRandomFactor' and no accessible extension method 'ElapsedTimeRandomFactor' accepting a first argument of type 'TestFluentSeedableRandom' could be found (are you missing a using directive or an assembly reference?) [C:\projects\antigravity\gridiron\UnitTestProject1\UnitTestProject1.csproj]
C:\projects\antigravity\gridiron\UnitTestProject1\Helpers\KickoffPlayScenarios.cs(334,16): error CS1061: 'TestFluentSeedableRandom' does not contain a definition for 'ElapsedTimeRandomFactor' and no accessible extension method 'ElapsedTimeRandomFactor' accepting a first argument of type 'TestFluentSeedableRandom' could be found (are you missing a using directive or an assembly reference?) [C:\projects\antigravity\gridiron\UnitTestProject1\UnitTestProject1.csproj]
C:\projects\antigravity\gridiron\UnitTestProject1\Helpers\FieldGoalPlayScenarios.cs(371,18): error CS1061: 'TestFluentSeedableRandom' does not contain a definition for 'ElapsedTimeRandomFactor' and no accessible extension method 'ElapsedTimeRandomFactor' accepting a first argument of type 'TestFluentSeedableRandom' could be found (are you missing a using directive or an assembly reference?) [C:\projects\antigravity\gridiron\UnitTestProject1\UnitTestProject1.csproj]
C:\projects\antigravity\gridiron\UnitTestProject1\Helpers\KickoffPlayScenarios.cs(357,6): error CS1061: 'TestFluentSeedableRandom' does not contain a definition for 'ElapsedTimeRandomFactor' and no accessible extension method 'ElapsedTimeRandomFactor' accepting a first argument of type 'TestFluentSeedableRandom' could be found (are you missing a using directive or an assembly reference?) [C:\projects\antigravity\gridiron\UnitTestProject1\UnitTestProject1.csproj]
C:\projects\antigravity\gridiron\UnitTestProject1\Helpers\PassPlayScenarios.cs(178,18): error CS1061: 'TestFluentSeedableRandom' does not contain a definition for 'ElapsedTimeRandomFactor' and no accessible extension method 'ElapsedTimeRandomFactor' accepting a first argument of type 'TestFluentSeedableRandom' could be found (are you missing a using directive or an assembly reference?) [C:\projects\antigravity\gridiron\UnitTestProject1\UnitTestProject1.csproj]
C:\projects\antigravity\gridiron\UnitTestProject1\Helpers\PuntPlayScenarios.cs(389,18): error CS1061: 'TestFluentSeedableRandom' does not contain a definition for 'ElapsedTimeRandomFactor' and no accessible extension method 'ElapsedTimeRandomFactor' accepting a first argument of type 'TestFluentSeedableRandom' could be found (are you missing a using directive or an assembly reference?) [C:\projects\antigravity\gridiron\UnitTestProject1\UnitTestProject1.csproj]
C:\projects\antigravity\gridiron\UnitTestProject1\Helpers\RunPlayScenarios.cs(127,18): error CS1061: 'TestFluentSeedableRandom' does not contain a definition for 'ElapsedTimeRandomFactor' and no accessible extension method 'ElapsedTimeRandomFactor' accepting a first argument of type 'TestFluentSeedableRandom' could be found (are you missing a using directive or an assembly reference?) [C:\projects\antigravity\gridiron\UnitTestProject1\UnitTestProject1.csproj]
C:\projects\antigravity\gridiron\UnitTestProject1\Helpers\PuntPlayScenarios.cs(406,18): error CS1061: 'TestFluentSeedableRandom' does not contain a definition for 'ElapsedTimeRandomFactor' and no accessible extension method 'ElapsedTimeRandomFactor' accepting a first argument of type 'TestFluentSeedableRandom' could be found (are you missing a using directive or an assembly reference?) [C:\projects\antigravity\gridiron\UnitTestProject1\UnitTestProject1.csproj]
C:\projects\antigravity\gridiron\UnitTestProject1\Helpers\PuntPlayScenarios.cs(435,18): error CS1061: 'TestFluentSeedableRandom' does not contain a definition for 'ElapsedTimeRandomFactor' and no accessible extension method 'ElapsedTimeRandomFactor' accepting a first argument of type 'TestFluentSeedableRandom' could be found (are you missing a using directive or an assembly reference?) [C:\projects\antigravity\gridiron\UnitTestProject1\UnitTestProject1.csproj]
C:\projects\antigravity\gridiron\UnitTestProject1\Helpers\PassPlayScenarios.cs(232,18): error CS1061: 'TestFluentSeedableRandom' does not contain a definition for 'ElapsedTimeRandomFactor' and no accessible extension method 'ElapsedTimeRandomFactor' accepting a first argument of type 'TestFluentSeedableRandom' could be found (are you missing a using directive or an assembly reference?) [C:\projects\antigravity\gridiron\UnitTestProject1\UnitTestProject1.csproj]
C:\projects\antigravity\gridiron\UnitTestProject1\Helpers\PuntPlayScenarios.cs(457,18): error CS1061: 'TestFluentSeedableRandom' does not contain a definition for 'ElapsedTimeRandomFactor' and no accessible extension method 'ElapsedTimeRandomFactor' accepting a first argument of type 'TestFluentSeedableRandom' could be found (are you missing a using directive or an assembly reference?) [C:\projects\antigravity\gridiron\UnitTestProject1\UnitTestProject1.csproj]
C:\projects\antigravity\gridiron\UnitTestProject1\Helpers\KickoffPlayScenarios.cs(391,13): error CS1061: 'TestFluentSeedableRandom' does not contain a definition for 'ElapsedTimeRandomFactor' and no accessible extension method 'ElapsedTimeRandomFactor' accepting a first argument of type 'TestFluentSeedableRandom' could be found (are you missing a using directive or an assembly reference?) [C:\projects\antigravity\gridiron\UnitTestProject1\UnitTestProject1.csproj]
C:\projects\antigravity\gridiron\UnitTestProject1\Helpers\KickoffPlayScenarios.cs(441,14): error CS1061: 'TestFluentSeedableRandom' does not contain a definition for 'ElapsedTimeRandomFactor' and no accessible extension method 'ElapsedTimeRandomFactor' accepting a first argument of type 'TestFluentSeedableRandom' could be found (are you missing a using directive or an assembly reference?) [C:\projects\antigravity\gridiron\UnitTestProject1\UnitTestProject1.csproj]
C:\projects\antigravity\gridiron\UnitTestProject1\Helpers\PassPlayScenarios.cs(260,18): error CS1061: 'TestFluentSeedableRandom' does not contain a definition for 'ElapsedTimeRandomFactor' and no accessible extension method 'ElapsedTimeRandomFactor' accepting a first argument of type 'TestFluentSeedableRandom' could be found (are you missing a using directive or an assembly reference?) [C:\projects\antigravity\gridiron\UnitTestProject1\UnitTestProject1.csproj]
C:\projects\antigravity\gridiron\UnitTestProject1\Helpers\PassPlayScenarios.cs(304,18): error CS1061: 'TestFluentSeedableRandom' does not contain a definition for 'ElapsedTimeRandomFactor' and no accessible extension method 'ElapsedTimeRandomFactor' accepting a first argument of type 'TestFluentSeedableRandom' could be found (are you missing a using directive or an assembly reference?) [C:\projects\antigravity\gridiron\UnitTestProject1\UnitTestProject1.csproj]
C:\projects\antigravity\gridiron\UnitTestProject1\Helpers\PuntPlayScenarios.cs(507,18): error CS1061: 'TestFluentSeedableRandom' does not contain a definition for 'ElapsedTimeRandomFactor' and no accessible extension method 'ElapsedTimeRandomFactor' accepting a first argument of type 'TestFluentSeedableRandom' could be found (are you missing a using directive or an assembly reference?) [C:\projects\antigravity\gridiron\UnitTestProject1\UnitTestProject1.csproj]
C:\projects\antigravity\gridiron\UnitTestProject1\Helpers\FieldGoalPlayScenarios.cs(402,22): error CS1061: 'TestFluentSeedableRandom' does not contain a definition for 'ElapsedTimeRandomFactor' and no accessible extension method 'ElapsedTimeRandomFactor' accepting a first argument of type 'TestFluentSeedableRandom' could be found (are you missing a using directive or an assembly reference?) [C:\projects\antigravity\gridiron\UnitTestProject1\UnitTestProject1.csproj]
C:\projects\antigravity\gridiron\UnitTestProject1\Helpers\FieldGoalPlayScenarios.cs(424,21): error CS1061: 'TestFluentSeedableRandom' does not contain a definition for 'ElapsedTimeRandomFactor' and no accessible extension method 'ElapsedTimeRandomFactor' accepting a first argument of type 'TestFluentSeedableRandom' could be found (are you missing a using directive or an assembly reference?) [C:\projects\antigravity\gridiron\UnitTestProject1\UnitTestProject1.csproj]
C:\projects\antigravity\gridiron\UnitTestProject1\Helpers\FieldGoalPlayScenarios.cs(443,17): error CS1061: 'TestFluentSeedableRandom' does not contain a definition for 'ElapsedTimeRandomFactor' and no accessible extension method 'ElapsedTimeRandomFactor' accepting a first argument of type 'TestFluentSeedableRandom' could be found (are you missing a using directive or an assembly reference?) [C:\projects\antigravity\gridiron\UnitTestProject1\UnitTestProject1.csproj]
C:\projects\antigravity\gridiron\UnitTestProject1\Helpers\PuntPlayScenarios.cs(536,18): error CS1061: 'TestFluentSeedableRandom' does not contain a definition for 'ElapsedTimeRandomFactor' and no accessible extension method 'ElapsedTimeRandomFactor' accepting a first argument of type 'TestFluentSeedableRandom' could be found (are you missing a using directive or an assembly reference?) [C:\projects\antigravity\gridiron\UnitTestProject1\UnitTestProject1.csproj]
C:\projects\antigravity\gridiron\UnitTestProject1\Helpers\PassPlayScenarios.cs(330,18): error CS1061: 'TestFluentSeedableRandom' does not contain a definition for 'ElapsedTimeRandomFactor' and no accessible extension method 'ElapsedTimeRandomFactor' accepting a first argument of type 'TestFluentSeedableRandom' could be found (are you missing a using directive or an assembly reference?) [C:\projects\antigravity\gridiron\UnitTestProject1\UnitTestProject1.csproj]
C:\projects\antigravity\gridiron\UnitTestProject1\Helpers\PuntPlayScenarios.cs(556,18): error CS1061: 'TestFluentSeedableRandom' does not contain a definition for 'ElapsedTimeRandomFactor' and no accessible extension method 'ElapsedTimeRandomFactor' accepting a first argument of type 'TestFluentSeedableRandom' could be found (are you missing a using directive or an assembly reference?) [C:\projects\antigravity\gridiron\UnitTestProject1\UnitTestProject1.csproj]
C:\projects\antigravity\gridiron\UnitTestProject1\Helpers\PassPlayScenarios.cs(363,18): error CS1061: 'TestFluentSeedableRandom' does not contain a definition for 'ElapsedTimeRandomFactor' and no accessible extension method 'ElapsedTimeRandomFactor' accepting a first argument of type 'TestFluentSeedableRandom' could be found (are you missing a using directive or an assembly reference?) [C:\projects\antigravity\gridiron\UnitTestProject1\UnitTestProject1.csproj]
C:\projects\antigravity\gridiron\UnitTestProject1\Helpers\PassPlayScenarios.cs(392,18): error CS1061: 'TestFluentSeedableRandom' does not contain a definition for 'ElapsedTimeRandomFactor' and no accessible extension method 'ElapsedTimeRandomFactor' accepting a first argument of type 'TestFluentSeedableRandom' could be found (are you missing a using directive or an assembly reference?) [C:\projects\antigravity\gridiron\UnitTestProject1\UnitTestProject1.csproj]
C:\projects\antigravity\gridiron\UnitTestProject1\Helpers\RunPlayScenarios.cs(166,18): error CS1061: 'TestFluentSeedableRandom' does not contain a definition for 'ElapsedTimeRandomFactor' and no accessible extension method 'ElapsedTimeRandomFactor' accepting a first argument of type 'TestFluentSeedableRandom' could be found (are you missing a using directive or an assembly reference?) [C:\projects\antigravity\gridiron\UnitTestProject1\UnitTestProject1.csproj]
C:\projects\antigravity\gridiron\UnitTestProject1\Helpers\PassPlayScenarios.cs(412,18): error CS1061: 'TestFluentSeedableRandom' does not contain a definition for 'ElapsedTimeRandomFactor' and no accessible extension method 'ElapsedTimeRandomFactor' accepting a first argument of type 'TestFluentSeedableRandom' could be found (are you missing a using directive or an assembly reference?) [C:\projects\antigravity\gridiron\UnitTestProject1\UnitTestProject1.csproj]
C:\projects\antigravity\gridiron\UnitTestProject1\Helpers\PassPlayScenarios.cs(432,18): error CS1061: 'TestFluentSeedableRandom' does not contain a definition for 'ElapsedTimeRandomFactor' and no accessible extension method 'ElapsedTimeRandomFactor' accepting a first argument of type 'TestFluentSeedableRandom' could be found (are you missing a using directive or an assembly reference?) [C:\projects\antigravity\gridiron\UnitTestProject1\UnitTestProject1.csproj]
C:\projects\antigravity\gridiron\UnitTestProject1\Helpers\PassPlayScenarios.cs(470,18): error CS1061: 'TestFluentSeedableRandom' does not contain a definition for 'ElapsedTimeRandomFactor' and no accessible extension method 'ElapsedTimeRandomFactor' accepting a first argument of type 'TestFluentSeedableRandom' could be found (are you missing a using directive or an assembly reference?) [C:\projects\antigravity\gridiron\UnitTestProject1\UnitTestProject1.csproj]
C:\projects\antigravity\gridiron\UnitTestProject1\Helpers\PassPlayScenarios.cs(491,18): error CS1061: 'TestFluentSeedableRandom' does not contain a definition for 'ElapsedTimeRandomFactor' and no accessible extension method 'ElapsedTimeRandomFactor' accepting a first argument of type 'TestFluentSeedableRandom' could be found (are you missing a using directive or an assembly reference?) [C:\projects\antigravity\gridiron\UnitTestProject1\UnitTestProject1.csproj]
C:\projects\antigravity\gridiron\UnitTestProject1\Helpers\PuntPlayScenarios.cs(593,22): error CS1061: 'TestFluentSeedableRandom' does not contain a definition for 'ElapsedTimeRandomFactor' and no accessible extension method 'ElapsedTimeRandomFactor' accepting a first argument of type 'TestFluentSeedableRandom' could be found (are you missing a using directive or an assembly reference?) [C:\projects\antigravity\gridiron\UnitTestProject1\UnitTestProject1.csproj]
C:\projects\antigravity\gridiron\UnitTestProject1\Helpers\PuntPlayScenarios.cs(616,21): error CS1061: 'TestFluentSeedableRandom' does not contain a definition for 'ElapsedTimeRandomFactor' and no accessible extension method 'ElapsedTimeRandomFactor' accepting a first argument of type 'TestFluentSeedableRandom' could be found (are you missing a using directive or an assembly reference?) [C:\projects\antigravity\gridiron\UnitTestProject1\UnitTestProject1.csproj]
C:\projects\antigravity\gridiron\UnitTestProject1\Helpers\PuntPlayScenarios.cs(655,21): error CS1061: 'TestFluentSeedableRandom' does not contain a definition for 'ElapsedTimeRandomFactor' and no accessible extension method 'ElapsedTimeRandomFactor' accepting a first argument of type 'TestFluentSeedableRandom' could be found (are you missing a using directive or an assembly reference?) [C:\projects\antigravity\gridiron\UnitTestProject1\UnitTestProject1.csproj]
C:\projects\antigravity\gridiron\UnitTestProject1\Helpers\PuntPlayScenarios.cs(670,21): error CS1061: 'TestFluentSeedableRandom' does not contain a definition for 'ElapsedTimeRandomFactor' and no accessible extension method 'ElapsedTimeRandomFactor' accepting a first argument of type 'TestFluentSeedableRandom' could be found (are you missing a using directive or an assembly reference?) [C:\projects\antigravity\gridiron\UnitTestProject1\UnitTestProject1.csproj]
C:\projects\antigravity\gridiron\UnitTestProject1\Helpers\PuntPlayScenarios.cs(692,17): error CS1061: 'TestFluentSeedableRandom' does not contain a definition for 'ElapsedTimeRandomFactor' and no accessible extension method 'ElapsedTimeRandomFactor' accepting a first argument of type 'TestFluentSeedableRandom' could be found (are you missing a using directive or an assembly reference?) [C:\projects\antigravity\gridiron\UnitTestProject1\UnitTestProject1.csproj]
C:\projects\antigravity\gridiron\UnitTestProject1\PassPlayExecutionTests.cs(186,13): warning CS8602: Dereference of a possibly null reference. [C:\projects\antigravity\gridiron\UnitTestProject1\UnitTestProject1.csproj]
C:\projects\antigravity\gridiron\UnitTestProject1\TwoPointConversionTests.cs(12,26): warning CS8618: Non-nullable field '_testGame' must contain a non-null value when exiting constructor. Consider adding the 'required' modifier or declaring the field as nullable. [C:\projects\antigravity\gridiron\UnitTestProject1\UnitTestProject1.csproj]
C:\projects\antigravity\gridiron\UnitTestProject1\Helpers\PassPlayScenarios.cs(512,18): error CS1061: 'TestFluentSeedableRandom' does not contain a definition for 'ElapsedTimeRandomFactor' and no accessible extension method 'ElapsedTimeRandomFactor' accepting a first argument of type 'TestFluentSeedableRandom' could be found (are you missing a using directive or an assembly reference?) [C:\projects\antigravity\gridiron\UnitTestProject1\UnitTestProject1.csproj]
C:\projects\antigravity\gridiron\UnitTestProject1\Helpers\RunPlayScenarios.cs(200,18): error CS1061: 'TestFluentSeedableRandom' does not contain a definition for 'ElapsedTimeRandomFactor' and no accessible extension method 'ElapsedTimeRandomFactor' accepting a first argument of type 'TestFluentSeedableRandom' could be found (are you missing a using directive or an assembly reference?) [C:\projects\antigravity\gridiron\UnitTestProject1\UnitTestProject1.csproj]
C:\projects\antigravity\gridiron\UnitTestProject1\Helpers\PassPlayScenarios.cs(576,22): error CS1061: 'TestFluentSeedableRandom' does not contain a definition for 'ElapsedTimeRandomFactor' and no accessible extension method 'ElapsedTimeRandomFactor' accepting a first argument of type 'TestFluentSeedableRandom' could be found (are you missing a using directive or an assembly reference?) [C:\projects\antigravity\gridiron\UnitTestProject1\UnitTestProject1.csproj]
C:\projects\antigravity\gridiron\UnitTestProject1\Helpers\PassPlayScenarios.cs(615,26): error CS1061: 'TestFluentSeedableRandom' does not contain a definition for 'ElapsedTimeRandomFactor' and no accessible extension method 'ElapsedTimeRandomFactor' accepting a first argument of type 'TestFluentSeedableRandom' could be found (are you missing a using directive or an assembly reference?) [C:\projects\antigravity\gridiron\UnitTestProject1\UnitTestProject1.csproj]
C:\projects\antigravity\gridiron\UnitTestProject1\Helpers\PassPlayScenarios.cs(635,25): error CS1061: 'TestFluentSeedableRandom' does not contain a definition for 'ElapsedTimeRandomFactor' and no accessible extension method 'ElapsedTimeRandomFactor' accepting a first argument of type 'TestFluentSeedableRandom' could be found (are you missing a using directive or an assembly reference?) [C:\projects\antigravity\gridiron\UnitTestProject1\UnitTestProject1.csproj]
C:\projects\antigravity\gridiron\UnitTestProject1\Helpers\RunPlayScenarios.cs(240,18): error CS1061: 'TestFluentSeedableRandom' does not contain a definition for 'ElapsedTimeRandomFactor' and no accessible extension method 'ElapsedTimeRandomFactor' accepting a first argument of type 'TestFluentSeedableRandom' could be found (are you missing a using directive or an assembly reference?) [C:\projects\antigravity\gridiron\UnitTestProject1\UnitTestProject1.csproj]
C:\projects\antigravity\gridiron\UnitTestProject1\Helpers\RunPlayScenarios.cs(273,18): error CS1061: 'TestFluentSeedableRandom' does not contain a definition for 'ElapsedTimeRandomFactor' and no accessible extension method 'ElapsedTimeRandomFactor' accepting a first argument of type 'TestFluentSeedableRandom' could be found (are you missing a using directive or an assembly reference?) [C:\projects\antigravity\gridiron\UnitTestProject1\UnitTestProject1.csproj]
C:\projects\antigravity\gridiron\UnitTestProject1\Helpers\RunPlayScenarios.cs(308,18): error CS1061: 'TestFluentSeedableRandom' does not contain a definition for 'ElapsedTimeRandomFactor' and no accessible extension method 'ElapsedTimeRandomFactor' accepting a first argument of type 'TestFluentSeedableRandom' could be found (are you missing a using directive or an assembly reference?) [C:\projects\antigravity\gridiron\UnitTestProject1\UnitTestProject1.csproj]
C:\projects\antigravity\gridiron\UnitTestProject1\PassPlayExecutionTests.cs(264,13): warning CS8602: Dereference of a possibly null reference. [C:\projects\antigravity\gridiron\UnitTestProject1\UnitTestProject1.csproj]
C:\projects\antigravity\gridiron\UnitTestProject1\Helpers\RunPlayScenarios.cs(337,18): error CS1061: 'TestFluentSeedableRandom' does not contain a definition for 'ElapsedTimeRandomFactor' and no accessible extension method 'ElapsedTimeRandomFactor' accepting a first argument of type 'TestFluentSeedableRandom' could be found (are you missing a using directive or an assembly reference?) [C:\projects\antigravity\gridiron\UnitTestProject1\UnitTestProject1.csproj]
C:\projects\antigravity\gridiron\UnitTestProject1\DownProgressionTests.cs(510,18): error CS1061: 'TestFluentSeedableRandom' does not contain a definition for 'ElapsedTimeRandomFactor' and no accessible extension method 'ElapsedTimeRandomFactor' accepting a first argument of type 'TestFluentSeedableRandom' could be found (are you missing a using directive or an assembly reference?) [C:\projects\antigravity\gridiron\UnitTestProject1\UnitTestProject1.csproj]
C:\projects\antigravity\gridiron\UnitTestProject1\Helpers\RunPlayScenarios.cs(370,18): error CS1061: 'TestFluentSeedableRandom' does not contain a definition for 'ElapsedTimeRandomFactor' and no accessible extension method 'ElapsedTimeRandomFactor' accepting a first argument of type 'TestFluentSeedableRandom' could be found (are you missing a using directive or an assembly reference?) [C:\projects\antigravity\gridiron\UnitTestProject1\UnitTestProject1.csproj]
C:\projects\antigravity\gridiron\UnitTestProject1\Helpers\RunPlayScenarios.cs(399,18): error CS1061: 'TestFluentSeedableRandom' does not contain a definition for 'ElapsedTimeRandomFactor' and no accessible extension method 'ElapsedTimeRandomFactor' accepting a first argument of type 'TestFluentSeedableRandom' could be found (are you missing a using directive or an assembly reference?) [C:\projects\antigravity\gridiron\UnitTestProject1\UnitTestProject1.csproj]
C:\projects\antigravity\gridiron\UnitTestProject1\Helpers\RunPlayScenarios.cs(430,18): error CS1061: 'TestFluentSeedableRandom' does not contain a definition for 'ElapsedTimeRandomFactor' and no accessible extension method 'ElapsedTimeRandomFactor' accepting a first argument of type 'TestFluentSeedableRandom' could be found (are you missing a using directive or an assembly reference?) [C:\projects\antigravity\gridiron\UnitTestProject1\UnitTestProject1.csproj]
C:\projects\antigravity\gridiron\UnitTestProject1\Helpers\RunPlayScenarios.cs(495,18): error CS1061: 'TestFluentSeedableRandom' does not contain a definition for 'ElapsedTimeRandomFactor' and no accessible extension method 'ElapsedTimeRandomFactor' accepting a first argument of type 'TestFluentSeedableRandom' could be found (are you missing a using directive or an assembly reference?) [C:\projects\antigravity\gridiron\UnitTestProject1\UnitTestProject1.csproj]
C:\projects\antigravity\gridiron\UnitTestProject1\PassPlayExecutionTests.cs(446,13): warning CS8602: Dereference of a possibly null reference. [C:\projects\antigravity\gridiron\UnitTestProject1\UnitTestProject1.csproj]
C:\projects\antigravity\gridiron\UnitTestProject1\PassPlayExecutionTests.cs(529,13): warning CS8602: Dereference of a possibly null reference. [C:\projects\antigravity\gridiron\UnitTestProject1\UnitTestProject1.csproj]
C:\projects\antigravity\gridiron\UnitTestProject1\RunPlayExecutionTests.cs(48,43): warning CS8602: Dereference of a possibly null reference. [C:\projects\antigravity\gridiron\UnitTestProject1\UnitTestProject1.csproj]
C:\projects\antigravity\gridiron\UnitTestProject1\PlayerDisciplinePenaltyTests.cs(76,32): warning CS8625: Cannot convert null literal to non-nullable reference type. [C:\projects\antigravity\gridiron\UnitTestProject1\UnitTestProject1.csproj]
C:\projects\antigravity\gridiron\UnitTestProject1\RunPlayExecutionTests.cs(64,43): warning CS8602: Dereference of a possibly null reference. [C:\projects\antigravity\gridiron\UnitTestProject1\UnitTestProject1.csproj]
C:\projects\antigravity\gridiron\UnitTestProject1\PlayerDisciplinePenaltyTests.cs(147,32): warning CS8625: Cannot convert null literal to non-nullable reference type. [C:\projects\antigravity\gridiron\UnitTestProject1\UnitTestProject1.csproj]
C:\projects\antigravity\gridiron\UnitTestProject1\RunPlaySkillsChecksTests.cs(137,13): warning CS8602: Dereference of a possibly null reference. [C:\projects\antigravity\gridiron\UnitTestProject1\UnitTestProject1.csproj]
C:\projects\antigravity\gridiron\UnitTestProject1\RunPlaySkillsChecksTests.cs(167,13): warning CS8602: Dereference of a possibly null reference. [C:\projects\antigravity\gridiron\UnitTestProject1\UnitTestProject1.csproj]
C:\projects\antigravity\gridiron\UnitTestProject1\PenaltyAcceptanceTests.cs(18,36): warning CS8618: Non-nullable field '_penaltyEnforcement' must contain a non-null value when exiting constructor. Consider adding the 'required' modifier or declaring the field as nullable. [C:\projects\antigravity\gridiron\UnitTestProject1\UnitTestProject1.csproj]
C:\projects\antigravity\gridiron\UnitTestProject1\PlayerDisciplinePenaltyTests.cs(201,32): warning CS8625: Cannot convert null literal to non-nullable reference type. [C:\projects\antigravity\gridiron\UnitTestProject1\UnitTestProject1.csproj]
C:\projects\antigravity\gridiron\UnitTestProject1\RunPlayExecutionTests.cs(158,13): warning CS8602: Dereference of a possibly null reference. [C:\projects\antigravity\gridiron\UnitTestProject1\UnitTestProject1.csproj]
C:\projects\antigravity\gridiron\UnitTestProject1\RunPlayExecutionTests.cs(161,13): warning CS8602: Dereference of a possibly null reference. [C:\projects\antigravity\gridiron\UnitTestProject1\UnitTestProject1.csproj]
C:\projects\antigravity\gridiron\UnitTestProject1\PlayerDisciplinePenaltyTests.cs(255,28): warning CS8625: Cannot convert null literal to non-nullable reference type. [C:\projects\antigravity\gridiron\UnitTestProject1\UnitTestProject1.csproj]
C:\projects\antigravity\gridiron\UnitTestProject1\PassPlaySkillsChecksTests.cs(255,13): warning CS8602: Dereference of a possibly null reference. [C:\projects\antigravity\gridiron\UnitTestProject1\UnitTestProject1.csproj]
C:\projects\antigravity\gridiron\UnitTestProject1\PassPlaySkillsChecksTests.cs(259,13): warning CS8602: Dereference of a possibly null reference. [C:\projects\antigravity\gridiron\UnitTestProject1\UnitTestProject1.csproj]
C:\projects\antigravity\gridiron\UnitTestProject1\RunPlaySkillsChecksTests.cs(202,13): warning CS8602: Dereference of a possibly null reference. [C:\projects\antigravity\gridiron\UnitTestProject1\UnitTestProject1.csproj]
C:\projects\antigravity\gridiron\UnitTestProject1\PlayerDisciplinePenaltyTests.cs(312,32): warning CS8625: Cannot convert null literal to non-nullable reference type. [C:\projects\antigravity\gridiron\UnitTestProject1\UnitTestProject1.csproj]
C:\projects\antigravity\gridiron\UnitTestProject1\RunPlaySkillsChecksTests.cs(244,13): warning CS8602: Dereference of a possibly null reference. [C:\projects\antigravity\gridiron\UnitTestProject1\UnitTestProject1.csproj]
C:\projects\antigravity\gridiron\UnitTestProject1\PassPlaySkillsChecksTests.cs(294,13): warning CS8602: Dereference of a possibly null reference. [C:\projects\antigravity\gridiron\UnitTestProject1\UnitTestProject1.csproj]
C:\projects\antigravity\gridiron\UnitTestProject1\PassPlaySkillsChecksTests.cs(298,13): warning CS8602: Dereference of a possibly null reference. [C:\projects\antigravity\gridiron\UnitTestProject1\UnitTestProject1.csproj]
C:\projects\antigravity\gridiron\UnitTestProject1\RunPlaySkillsChecksTests.cs(264,13): warning CS8602: Dereference of a possibly null reference. [C:\projects\antigravity\gridiron\UnitTestProject1\UnitTestProject1.csproj]
C:\projects\antigravity\gridiron\UnitTestProject1\PlayerDisciplinePenaltyTests.cs(385,33): warning CS8625: Cannot convert null literal to non-nullable reference type. [C:\projects\antigravity\gridiron\UnitTestProject1\UnitTestProject1.csproj]
C:\projects\antigravity\gridiron\UnitTestProject1\PlayerDisciplinePenaltyTests.cs(398,33): warning CS8625: Cannot convert null literal to non-nullable reference type. [C:\projects\antigravity\gridiron\UnitTestProject1\UnitTestProject1.csproj]
C:\projects\antigravity\gridiron\UnitTestProject1\PassPlaySkillsChecksTests.cs(333,13): warning CS8602: Dereference of a possibly null reference. [C:\projects\antigravity\gridiron\UnitTestProject1\UnitTestProject1.csproj]
C:\projects\antigravity\gridiron\UnitTestProject1\PassPlaySkillsChecksTests.cs(335,13): warning CS8602: Dereference of a possibly null reference. [C:\projects\antigravity\gridiron\UnitTestProject1\UnitTestProject1.csproj]
C:\projects\antigravity\gridiron\UnitTestProject1\RunPlaySkillsChecksTests.cs(284,13): warning CS8602: Dereference of a possibly null reference. [C:\projects\antigravity\gridiron\UnitTestProject1\UnitTestProject1.csproj]
C:\projects\antigravity\gridiron\UnitTestProject1\PassPlaySkillsChecksTests.cs(382,13): warning CS8602: Dereference of a possibly null reference. [C:\projects\antigravity\gridiron\UnitTestProject1\UnitTestProject1.csproj]
C:\projects\antigravity\gridiron\UnitTestProject1\PassPlaySkillsChecksTests.cs(404,13): warning CS8602: Dereference of a possibly null reference. [C:\projects\antigravity\gridiron\UnitTestProject1\UnitTestProject1.csproj]
C:\projects\antigravity\gridiron\UnitTestProject1\PassPlaySkillsChecksTests.cs(426,13): warning CS8602: Dereference of a possibly null reference. [C:\projects\antigravity\gridiron\UnitTestProject1\UnitTestProject1.csproj]
C:\projects\antigravity\gridiron\UnitTestProject1\RunPlayExecutionTests.cs(327,13): warning CS8602: Dereference of a possibly null reference. [C:\projects\antigravity\gridiron\UnitTestProject1\UnitTestProject1.csproj]
C:\projects\antigravity\gridiron\UnitTestProject1\PenaltyEnforcementRulesTests.cs(24,36): warning CS8618: Non-nullable field '_penaltyEnforcement' must contain a non-null value when exiting constructor. Consider adding the 'required' modifier or declaring the field as nullable. [C:\projects\antigravity\gridiron\UnitTestProject1\UnitTestProject1.csproj]
C:\projects\antigravity\gridiron\UnitTestProject1\ReplaySeedableRandomTests.cs(415,64): warning CS8625: Cannot convert null literal to non-nullable reference type. [C:\projects\antigravity\gridiron\UnitTestProject1\UnitTestProject1.csproj]
C:\projects\antigravity\gridiron\UnitTestProject1\RunPlayExecutionTests.cs(354,13): warning CS8602: Dereference of a possibly null reference. [C:\projects\antigravity\gridiron\UnitTestProject1\UnitTestProject1.csproj]
C:\projects\antigravity\gridiron\UnitTestProject1\RunPlayExecutionTests.cs(359,13): warning CS8602: Dereference of a possibly null reference. [C:\projects\antigravity\gridiron\UnitTestProject1\UnitTestProject1.csproj]
C:\projects\antigravity\gridiron\UnitTestProject1\RunPlayExecutionTests.cs(392,13): warning CS8602: Dereference of a possibly null reference. [C:\projects\antigravity\gridiron\UnitTestProject1\UnitTestProject1.csproj]
C:\projects\antigravity\gridiron\UnitTestProject1\RunPlayExecutionTests.cs(417,13): warning CS8602: Dereference of a possibly null reference. [C:\projects\antigravity\gridiron\UnitTestProject1\UnitTestProject1.csproj]
C:\projects\antigravity\gridiron\UnitTestProject1\RunPlayExecutionTests.cs(420,13): warning CS8602: Dereference of a possibly null reference. [C:\projects\antigravity\gridiron\UnitTestProject1\UnitTestProject1.csproj]
C:\projects\antigravity\gridiron\UnitTestProject1\RunPlayExecutionTests.cs(450,13): warning CS8602: Dereference of a possibly null reference. [C:\projects\antigravity\gridiron\UnitTestProject1\UnitTestProject1.csproj]
C:\projects\antigravity\gridiron\UnitTestProject1\RunPlayExecutionTests.cs(479,13): warning CS8602: Dereference of a possibly null reference. [C:\projects\antigravity\gridiron\UnitTestProject1\UnitTestProject1.csproj]
C:\projects\antigravity\gridiron\UnitTestProject1\FieldGoalPlayExecutionTests.cs(11,26): warning CS8618: Non-nullable field '_testGame' must contain a non-null value when exiting constructor. Consider adding the 'required' modifier or declaring the field as nullable. [C:\projects\antigravity\gridiron\UnitTestProject1\UnitTestProject1.csproj]
C:\projects\antigravity\gridiron\UnitTestProject1\SpecialTeamsSubstitutionTests.cs(12,22): warning CS8618: Non-nullable field '_game' must contain a non-null value when exiting constructor. Consider adding the 'required' modifier or declaring the field as nullable. [C:\projects\antigravity\gridiron\UnitTestProject1\UnitTestProject1.csproj]
C:\projects\antigravity\gridiron\UnitTestProject1\SpecialTeamsSubstitutionTests.cs(13,32): warning CS8618: Non-nullable field '_rng' must contain a non-null value when exiting constructor. Consider adding the 'required' modifier or declaring the field as nullable. [C:\projects\antigravity\gridiron\UnitTestProject1\UnitTestProject1.csproj]
C:\projects\antigravity\gridiron\UnitTestProject1\SpecialTeamsSubstitutionTests.cs(14,25): warning CS8618: Non-nullable field '_prePlay' must contain a non-null value when exiting constructor. Consider adding the 'required' modifier or declaring the field as nullable. [C:\projects\antigravity\gridiron\UnitTestProject1\UnitTestProject1.csproj]
C:\projects\antigravity\gridiron\UnitTestProject1\KickoffPlayExecutionTests.cs(11,26): warning CS8618: Non-nullable field '_testGame' must contain a non-null value when exiting constructor. Consider adding the 'required' modifier or declaring the field as nullable. [C:\projects\antigravity\gridiron\UnitTestProject1\UnitTestProject1.csproj]
CSC : warning MSTEST0001: Explicitly enable or disable tests parallelization (https://learn.microsoft.com/dotnet/core/testing/mstest-analyzers/mstest0001) [C:\projects\antigravity\gridiron\UnitTestProject1\UnitTestProject1.csproj]
C:\projects\antigravity\gridiron\UnitTestProject1\ActionTests.cs(42,13): warning MSTEST0017: Assertion arguments should be passed in the correct order. 'actual' and 'expected'/'notExpected' arguments have been swapped. (https://learn.microsoft.com/dotnet/core/testing/mstest-analyzers/mstest0017) [C:\projects\antigravity\gridiron\UnitTestProject1\UnitTestProject1.csproj]
C:\projects\antigravity\gridiron\UnitTestProject1\ActionTests.cs(57,13): warning MSTEST0017: Assertion arguments should be passed in the correct order. 'actual' and 'expected'/'notExpected' arguments have been swapped. (https://learn.microsoft.com/dotnet/core/testing/mstest-analyzers/mstest0017) [C:\projects\antigravity\gridiron\UnitTestProject1\UnitTestProject1.csproj]
C:\projects\antigravity\gridiron\UnitTestProject1\GoalLineTests.cs(33,13): warning MSTEST0037: Use 'Assert.IsGreaterThan' instead of 'Assert.IsTrue' (https://learn.microsoft.com/dotnet/core/testing/mstest-analyzers/mstest0037) [C:\projects\antigravity\gridiron\UnitTestProject1\UnitTestProject1.csproj]
C:\projects\antigravity\gridiron\UnitTestProject1\GoalLineTests.cs(34,13): warning MSTEST0037: Use 'Assert.IsGreaterThanOrEqualTo' instead of 'Assert.IsTrue' (https://learn.microsoft.com/dotnet/core/testing/mstest-analyzers/mstest0037) [C:\projects\antigravity\gridiron\UnitTestProject1\UnitTestProject1.csproj]
C:\projects\antigravity\gridiron\UnitTestProject1\ActionTests.cs(72,13): warning MSTEST0017: Assertion arguments should be passed in the correct order. 'actual' and 'expected'/'notExpected' arguments have been swapped. (https://learn.microsoft.com/dotnet/core/testing/mstest-analyzers/mstest0017) [C:\projects\antigravity\gridiron\UnitTestProject1\UnitTestProject1.csproj]
C:\projects\antigravity\gridiron\UnitTestProject1\GoalLineTests.cs(52,13): warning MSTEST0037: Use 'Assert.IsLessThan' instead of 'Assert.IsTrue' (https://learn.microsoft.com/dotnet/core/testing/mstest-analyzers/mstest0037) [C:\projects\antigravity\gridiron\UnitTestProject1\UnitTestProject1.csproj]
C:\projects\antigravity\gridiron\UnitTestProject1\ActionTests.cs(87,13): warning MSTEST0017: Assertion arguments should be passed in the correct order. 'actual' and 'expected'/'notExpected' arguments have been swapped. (https://learn.microsoft.com/dotnet/core/testing/mstest-analyzers/mstest0017) [C:\projects\antigravity\gridiron\UnitTestProject1\UnitTestProject1.csproj]
C:\projects\antigravity\gridiron\UnitTestProject1\CalculatorTests.cs(101,13): warning MSTEST0037: Use 'Assert.IsGreaterThan' instead of 'Assert.IsTrue' (https://learn.microsoft.com/dotnet/core/testing/mstest-analyzers/mstest0037) [C:\projects\antigravity\gridiron\UnitTestProject1\UnitTestProject1.csproj]
C:\projects\antigravity\gridiron\UnitTestProject1\GoalLineTests.cs(90,13): warning MSTEST0037: Use 'Assert.IsGreaterThanOrEqualTo' instead of 'Assert.IsTrue' (https://learn.microsoft.com/dotnet/core/testing/mstest-analyzers/mstest0037) [C:\projects\antigravity\gridiron\UnitTestProject1\UnitTestProject1.csproj]
C:\projects\antigravity\gridiron\UnitTestProject1\ActionTests.cs(132,13): warning MSTEST0037: Use 'Assert.HasCount' instead of 'Assert.AreEqual' (https://learn.microsoft.com/dotnet/core/testing/mstest-analyzers/mstest0037) [C:\projects\antigravity\gridiron\UnitTestProject1\UnitTestProject1.csproj]
C:\projects\antigravity\gridiron\UnitTestProject1\ActionTests.cs(133,13): warning MSTEST0037: Use 'Assert.IsTrue' instead of 'Assert.AreEqual' (https://learn.microsoft.com/dotnet/core/testing/mstest-analyzers/mstest0037) [C:\projects\antigravity\gridiron\UnitTestProject1\UnitTestProject1.csproj]
C:\projects\antigravity\gridiron\UnitTestProject1\ActionTests.cs(146,13): warning MSTEST0037: Use 'Assert.IsTrue' instead of 'Assert.AreEqual' (https://learn.microsoft.com/dotnet/core/testing/mstest-analyzers/mstest0037) [C:\projects\antigravity\gridiron\UnitTestProject1\UnitTestProject1.csproj]
C:\projects\antigravity\gridiron\UnitTestProject1\ActionTests.cs(147,13): warning MSTEST0037: Use 'Assert.IsTrue' instead of 'Assert.AreEqual' (https://learn.microsoft.com/dotnet/core/testing/mstest-analyzers/mstest0037) [C:\projects\antigravity\gridiron\UnitTestProject1\UnitTestProject1.csproj]
C:\projects\antigravity\gridiron\UnitTestProject1\GoalLineTests.cs(130,13): warning MSTEST0037: Use 'Assert.IsGreaterThanOrEqualTo' instead of 'Assert.IsTrue' (https://learn.microsoft.com/dotnet/core/testing/mstest-analyzers/mstest0037) [C:\projects\antigravity\gridiron\UnitTestProject1\UnitTestProject1.csproj]
C:\projects\antigravity\gridiron\UnitTestProject1\GoalLineTests.cs(170,13): warning MSTEST0037: Use 'Assert.IsGreaterThanOrEqualTo' instead of 'Assert.IsTrue' (https://learn.microsoft.com/dotnet/core/testing/mstest-analyzers/mstest0037) [C:\projects\antigravity\gridiron\UnitTestProject1\UnitTestProject1.csproj]
C:\projects\antigravity\gridiron\UnitTestProject1\GoalLineTests.cs(109,13): warning MSTEST0037: Use 'Assert.IsGreaterThanOrEqualTo' instead of 'Assert.IsTrue' (https://learn.microsoft.com/dotnet/core/testing/mstest-analyzers/mstest0037) [C:\projects\antigravity\gridiron\UnitTestProject1\UnitTestProject1.csproj]
C:\projects\antigravity\gridiron\UnitTestProject1\GoalLineTests.cs(189,13): warning MSTEST0037: Use 'Assert.IsGreaterThanOrEqualTo' instead of 'Assert.IsTrue' (https://learn.microsoft.com/dotnet/core/testing/mstest-analyzers/mstest0037) [C:\projects\antigravity\gridiron\UnitTestProject1\UnitTestProject1.csproj]
C:\projects\antigravity\gridiron\UnitTestProject1\CalculatorTests.cs(257,13): warning MSTEST0037: Use 'Assert.IsGreaterThan' instead of 'Assert.IsTrue' (https://learn.microsoft.com/dotnet/core/testing/mstest-analyzers/mstest0037) [C:\projects\antigravity\gridiron\UnitTestProject1\UnitTestProject1.csproj]
C:\projects\antigravity\gridiron\UnitTestProject1\CalculatorTests.cs(258,13): warning MSTEST0037: Use 'Assert.IsLessThan' instead of 'Assert.IsTrue' (https://learn.microsoft.com/dotnet/core/testing/mstest-analyzers/mstest0037) [C:\projects\antigravity\gridiron\UnitTestProject1\UnitTestProject1.csproj]
C:\projects\antigravity\gridiron\UnitTestProject1\InterceptionTests.cs(59,13): warning MSTEST0037: Use 'Assert.IsGreaterThanOrEqualTo' instead of 'Assert.IsTrue' (https://learn.microsoft.com/dotnet/core/testing/mstest-analyzers/mstest0037) [C:\projects\antigravity\gridiron\UnitTestProject1\UnitTestProject1.csproj]
C:\projects\antigravity\gridiron\UnitTestProject1\GoalLineTests.cs(208,13): warning MSTEST0037: Use 'Assert.IsLessThan' instead of 'Assert.IsTrue' (https://learn.microsoft.com/dotnet/core/testing/mstest-analyzers/mstest0037) [C:\projects\antigravity\gridiron\UnitTestProject1\UnitTestProject1.csproj]
C:\projects\antigravity\gridiron\UnitTestProject1\GoalLineTests.cs(209,13): warning MSTEST0037: Use 'Assert.IsLessThan' instead of 'Assert.IsTrue' (https://learn.microsoft.com/dotnet/core/testing/mstest-analyzers/mstest0037) [C:\projects\antigravity\gridiron\UnitTestProject1\UnitTestProject1.csproj]
C:\projects\antigravity\gridiron\UnitTestProject1\PassPlayExecutionTests.cs(33,13): warning MSTEST0037: Use 'Assert.HasCount' instead of 'Assert.AreEqual' (https://learn.microsoft.com/dotnet/core/testing/mstest-analyzers/mstest0037) [C:\projects\antigravity\gridiron\UnitTestProject1\UnitTestProject1.csproj]
C:\projects\antigravity\gridiron\UnitTestProject1\PassPlayExecutionTests.cs(36,13): warning MSTEST0037: Use 'Assert.IsGreaterThan' instead of 'Assert.IsTrue' (https://learn.microsoft.com/dotnet/core/testing/mstest-analyzers/mstest0037) [C:\projects\antigravity\gridiron\UnitTestProject1\UnitTestProject1.csproj]
C:\projects\antigravity\gridiron\UnitTestProject1\CalculatorTests.cs(284,13): warning MSTEST0037: Use 'Assert.IsLessThan' instead of 'Assert.IsTrue' (https://learn.microsoft.com/dotnet/core/testing/mstest-analyzers/mstest0037) [C:\projects\antigravity\gridiron\UnitTestProject1\UnitTestProject1.csproj]
C:\projects\antigravity\gridiron\UnitTestProject1\PassPlayExecutionTests.cs(77,13): warning MSTEST0037: Use 'Assert.IsLessThan' instead of 'Assert.IsTrue' (https://learn.microsoft.com/dotnet/core/testing/mstest-analyzers/mstest0037) [C:\projects\antigravity\gridiron\UnitTestProject1\UnitTestProject1.csproj]
C:\projects\antigravity\gridiron\UnitTestProject1\FlowTests.cs(74,13): warning MSTEST0037: Use 'Assert.IsNotEmpty' instead of 'Assert.IsTrue' (https://learn.microsoft.com/dotnet/core/testing/mstest-analyzers/mstest0037) [C:\projects\antigravity\gridiron\UnitTestProject1\UnitTestProject1.csproj]
C:\projects\antigravity\gridiron\UnitTestProject1\FlowTests.cs(75,13): warning MSTEST0037: Use 'Assert.IsNotEmpty' instead of 'Assert.IsTrue' (https://learn.microsoft.com/dotnet/core/testing/mstest-analyzers/mstest0037) [C:\projects\antigravity\gridiron\UnitTestProject1\UnitTestProject1.csproj]
C:\projects\antigravity\gridiron\UnitTestProject1\PassPlayExecutionTests.cs(96,13): warning MSTEST0037: Use 'Assert.IsGreaterThanOrEqualTo' instead of 'Assert.IsTrue' (https://learn.microsoft.com/dotnet/core/testing/mstest-analyzers/mstest0037) [C:\projects\antigravity\gridiron\UnitTestProject1\UnitTestProject1.csproj]
C:\projects\antigravity\gridiron\UnitTestProject1\CalculatorTests.cs(310,13): warning MSTEST0037: Use 'Assert.IsGreaterThan' instead of 'Assert.IsTrue' (https://learn.microsoft.com/dotnet/core/testing/mstest-analyzers/mstest0037) [C:\projects\antigravity\gridiron\UnitTestProject1\UnitTestProject1.csproj]
C:\projects\antigravity\gridiron\UnitTestProject1\FieldGoalPlayExecutionTests.cs(247,13): warning MSTEST0037: Use 'Assert.IsLessThan' instead of 'Assert.IsTrue' (https://learn.microsoft.com/dotnet/core/testing/mstest-analyzers/mstest0037) [C:\projects\antigravity\gridiron\UnitTestProject1\UnitTestProject1.csproj]
C:\projects\antigravity\gridiron\UnitTestProject1\CalculatorTests.cs(228,13): warning MSTEST0037: Use 'Assert.IsLessThan' instead of 'Assert.IsTrue' (https://learn.microsoft.com/dotnet/core/testing/mstest-analyzers/mstest0037) [C:\projects\antigravity\gridiron\UnitTestProject1\UnitTestProject1.csproj]
C:\projects\antigravity\gridiron\UnitTestProject1\CalculatorTests.cs(229,13): warning MSTEST0037: Use 'Assert.IsGreaterThan' instead of 'Assert.IsTrue' (https://learn.microsoft.com/dotnet/core/testing/mstest-analyzers/mstest0037) [C:\projects\antigravity\gridiron\UnitTestProject1\UnitTestProject1.csproj]
C:\projects\antigravity\gridiron\UnitTestProject1\InjurySystemTests.cs(152,11): warning MSTEST0032: Review or remove the assertion as its condition is known to be always true (https://learn.microsoft.com/dotnet/core/testing/mstest-analyzers/mstest0032) [C:\projects\antigravity\gridiron\UnitTestProject1\UnitTestProject1.csproj]
C:\projects\antigravity\gridiron\UnitTestProject1\InjurySystemTests.cs(159,11): warning MSTEST0032: Review or remove the assertion as its condition is known to be always true (https://learn.microsoft.com/dotnet/core/testing/mstest-analyzers/mstest0032) [C:\projects\antigravity\gridiron\UnitTestProject1\UnitTestProject1.csproj]
C:\projects\antigravity\gridiron\UnitTestProject1\PassPlayExecutionTests.cs(172,13): warning MSTEST0037: Use 'Assert.IsGreaterThan' instead of 'Assert.IsTrue' (https://learn.microsoft.com/dotnet/core/testing/mstest-analyzers/mstest0037) [C:\projects\antigravity\gridiron\UnitTestProject1\UnitTestProject1.csproj]
C:\projects\antigravity\gridiron\UnitTestProject1\InjurySystemTests.cs(166,2): warning MSTEST0032: Review or remove the assertion as its condition is known to be always true (https://learn.microsoft.com/dotnet/core/testing/mstest-analyzers/mstest0032) [C:\projects\antigravity\gridiron\UnitTestProject1\UnitTestProject1.csproj]
C:\projects\antigravity\gridiron\UnitTestProject1\InterceptionTests.cs(184,13): warning MSTEST0037: Use 'Assert.IsGreaterThanOrEqualTo' instead of 'Assert.IsTrue' (https://learn.microsoft.com/dotnet/core/testing/mstest-analyzers/mstest0037) [C:\projects\antigravity\gridiron\UnitTestProject1\UnitTestProject1.csproj]
C:\projects\antigravity\gridiron\UnitTestProject1\InterceptionTests.cs(185,13): warning MSTEST0037: Use 'Assert.IsLessThanOrEqualTo' instead of 'Assert.IsTrue' (https://learn.microsoft.com/dotnet/core/testing/mstest-analyzers/mstest0037) [C:\projects\antigravity\gridiron\UnitTestProject1\UnitTestProject1.csproj]
C:\projects\antigravity\gridiron\UnitTestProject1\CalculatorTests.cs(340,13): warning MSTEST0037: Use 'Assert.IsLessThanOrEqualTo' instead of 'Assert.IsTrue' (https://learn.microsoft.com/dotnet/core/testing/mstest-analyzers/mstest0037) [C:\projects\antigravity\gridiron\UnitTestProject1\UnitTestProject1.csproj]
C:\projects\antigravity\gridiron\UnitTestProject1\CalculatorTests.cs(341,13): warning MSTEST0037: Use 'Assert.IsGreaterThanOrEqualTo' instead of 'Assert.IsTrue' (https://learn.microsoft.com/dotnet/core/testing/mstest-analyzers/mstest0037) [C:\projects\antigravity\gridiron\UnitTestProject1\UnitTestProject1.csproj]
C:\projects\antigravity\gridiron\UnitTestProject1\CalculatorTests.cs(367,13): warning MSTEST0037: Use 'Assert.IsGreaterThanOrEqualTo' instead of 'Assert.IsTrue' (https://learn.microsoft.com/dotnet/core/testing/mstest-analyzers/mstest0037) [C:\projects\antigravity\gridiron\UnitTestProject1\UnitTestProject1.csproj]
C:\projects\antigravity\gridiron\UnitTestProject1\InjurySystemTests.cs(173,8): warning MSTEST0032: Review or remove the assertion as its condition is known to be always true (https://learn.microsoft.com/dotnet/core/testing/mstest-analyzers/mstest0032) [C:\projects\antigravity\gridiron\UnitTestProject1\UnitTestProject1.csproj]
C:\projects\antigravity\gridiron\UnitTestProject1\CalculatorTests.cs(368,13): warning MSTEST0037: Use 'Assert.IsLessThan' instead of 'Assert.IsTrue' (https://learn.microsoft.com/dotnet/core/testing/mstest-analyzers/mstest0037) [C:\projects\antigravity\gridiron\UnitTestProject1\UnitTestProject1.csproj]
C:\projects\antigravity\gridiron\UnitTestProject1\PassPlayExecutionTests.cs(197,13): warning MSTEST0037: Use 'Assert.IsGreaterThan' instead of 'Assert.IsTrue' (https://learn.microsoft.com/dotnet/core/testing/mstest-analyzers/mstest0037) [C:\projects\antigravity\gridiron\UnitTestProject1\UnitTestProject1.csproj]
C:\projects\antigravity\gridiron\UnitTestProject1\InjurySystemTests.cs(180,13): warning MSTEST0032: Review or remove the assertion as its condition is known to be always true (https://learn.microsoft.com/dotnet/core/testing/mstest-analyzers/mstest0032) [C:\projects\antigravity\gridiron\UnitTestProject1\UnitTestProject1.csproj]
C:\projects\antigravity\gridiron\UnitTestProject1\InjurySystemTests.cs(187,9): warning MSTEST0032: Review or remove the assertion as its condition is known to be always true (https://learn.microsoft.com/dotnet/core/testing/mstest-analyzers/mstest0032) [C:\projects\antigravity\gridiron\UnitTestProject1\UnitTestProject1.csproj]
C:\projects\antigravity\gridiron\UnitTestProject1\GoalLineTests.cs(228,13): warning MSTEST0037: Use 'Assert.IsGreaterThanOrEqualTo' instead of 'Assert.IsTrue' (https://learn.microsoft.com/dotnet/core/testing/mstest-analyzers/mstest0037) [C:\projects\antigravity\gridiron\UnitTestProject1\UnitTestProject1.csproj]
C:\projects\antigravity\gridiron\UnitTestProject1\InjurySystemTests.cs(196,1): warning MSTEST0032: Review or remove the assertion as its condition is known to be always true (https://learn.microsoft.com/dotnet/core/testing/mstest-analyzers/mstest0032) [C:\projects\antigravity\gridiron\UnitTestProject1\UnitTestProject1.csproj]
C:\projects\antigravity\gridiron\UnitTestProject1\CalculatorTests.cs(397,13): warning MSTEST0037: Use 'Assert.IsGreaterThan' instead of 'Assert.IsTrue' (https://learn.microsoft.com/dotnet/core/testing/mstest-analyzers/mstest0037) [C:\projects\antigravity\gridiron\UnitTestProject1\UnitTestProject1.csproj]
C:\projects\antigravity\gridiron\UnitTestProject1\GoalLineTests.cs(252,13): warning MSTEST0037: Use 'Assert.IsLessThanOrEqualTo' instead of 'Assert.IsTrue' (https://learn.microsoft.com/dotnet/core/testing/mstest-analyzers/mstest0037) [C:\projects\antigravity\gridiron\UnitTestProject1\UnitTestProject1.csproj]
C:\projects\antigravity\gridiron\UnitTestProject1\KickoffPlayExecutionTests.cs(99,13): warning MSTEST0037: Use 'Assert.IsLessThan' instead of 'Assert.IsTrue' (https://learn.microsoft.com/dotnet/core/testing/mstest-analyzers/mstest0037) [C:\projects\antigravity\gridiron\UnitTestProject1\UnitTestProject1.csproj]
C:\projects\antigravity\gridiron\UnitTestProject1\PassPlayExecutionTests.cs(224,13): warning MSTEST0037: Use 'Assert.IsGreaterThan' instead of 'Assert.IsTrue' (https://learn.microsoft.com/dotnet/core/testing/mstest-analyzers/mstest0037) [C:\projects\antigravity\gridiron\UnitTestProject1\UnitTestProject1.csproj]
C:\projects\antigravity\gridiron\UnitTestProject1\GoalLineTests.cs(288,13): warning MSTEST0037: Use 'Assert.IsGreaterThan' instead of 'Assert.IsTrue' (https://learn.microsoft.com/dotnet/core/testing/mstest-analyzers/mstest0037) [C:\projects\antigravity\gridiron\UnitTestProject1\UnitTestProject1.csproj]
C:\projects\antigravity\gridiron\UnitTestProject1\GoalLineTests.cs(271,13): warning MSTEST0037: Use 'Assert.IsGreaterThanOrEqualTo' instead of 'Assert.IsTrue' (https://learn.microsoft.com/dotnet/core/testing/mstest-analyzers/mstest0037) [C:\projects\antigravity\gridiron\UnitTestProject1\UnitTestProject1.csproj]
C:\projects\antigravity\gridiron\UnitTestProject1\PassPlayExecutionTests.cs(248,13): warning MSTEST0037: Use 'Assert.IsLessThanOrEqualTo' instead of 'Assert.IsTrue' (https://learn.microsoft.com/dotnet/core/testing/mstest-analyzers/mstest0037) [C:\projects\antigravity\gridiron\UnitTestProject1\UnitTestProject1.csproj]
C:\projects\antigravity\gridiron\UnitTestProject1\InterceptionTests.cs(278,13): warning MSTEST0037: Use 'Assert.IsGreaterThanOrEqualTo' instead of 'Assert.IsTrue' (https://learn.microsoft.com/dotnet/core/testing/mstest-analyzers/mstest0037) [C:\projects\antigravity\gridiron\UnitTestProject1\UnitTestProject1.csproj]
C:\projects\antigravity\gridiron\UnitTestProject1\InterceptionTests.cs(281,13): warning MSTEST0037: Use 'Assert.IsGreaterThan' instead of 'Assert.IsTrue' (https://learn.microsoft.com/dotnet/core/testing/mstest-analyzers/mstest0037) [C:\projects\antigravity\gridiron\UnitTestProject1\UnitTestProject1.csproj]
C:\projects\antigravity\gridiron\UnitTestProject1\InterceptionTests.cs(348,13): warning MSTEST0037: Use 'Assert.IsLessThanOrEqualTo' instead of 'Assert.IsTrue' (https://learn.microsoft.com/dotnet/core/testing/mstest-analyzers/mstest0037) [C:\projects\antigravity\gridiron\UnitTestProject1\UnitTestProject1.csproj]
C:\projects\antigravity\gridiron\UnitTestProject1\InterceptionTests.cs(316,13): warning MSTEST0037: Use 'Assert.IsGreaterThanOrEqualTo' instead of 'Assert.IsTrue' (https://learn.microsoft.com/dotnet/core/testing/mstest-analyzers/mstest0037) [C:\projects\antigravity\gridiron\UnitTestProject1\UnitTestProject1.csproj]
C:\projects\antigravity\gridiron\UnitTestProject1\InterceptionTests.cs(319,13): warning MSTEST0037: Use 'Assert.IsLessThan' instead of 'Assert.IsTrue' (https://learn.microsoft.com/dotnet/core/testing/mstest-analyzers/mstest0037) [C:\projects\antigravity\gridiron\UnitTestProject1\UnitTestProject1.csproj]
C:\projects\antigravity\gridiron\UnitTestProject1\MultiplePenaltyTests.cs(197,13): warning MSTEST0037: Use 'Assert.HasCount' instead of 'Assert.AreEqual' (https://learn.microsoft.com/dotnet/core/testing/mstest-analyzers/mstest0037) [C:\projects\antigravity\gridiron\UnitTestProject1\UnitTestProject1.csproj]
C:\projects\antigravity\gridiron\UnitTestProject1\MultiplePenaltyTests.cs(222,13): warning MSTEST0037: Use 'Assert.HasCount' instead of 'Assert.AreEqual' (https://learn.microsoft.com/dotnet/core/testing/mstest-analyzers/mstest0037) [C:\projects\antigravity\gridiron\UnitTestProject1\UnitTestProject1.csproj]
C:\projects\antigravity\gridiron\UnitTestProject1\MultiplePenaltyTests.cs(242,13): warning MSTEST0037: Use 'Assert.HasCount' instead of 'Assert.AreEqual' (https://learn.microsoft.com/dotnet/core/testing/mstest-analyzers/mstest0037) [C:\projects\antigravity\gridiron\UnitTestProject1\UnitTestProject1.csproj]
C:\projects\antigravity\gridiron\UnitTestProject1\DownProgressionTests.cs(540,13): warning MSTEST0037: Use 'Assert.IsGreaterThanOrEqualTo' instead of 'Assert.IsTrue' (https://learn.microsoft.com/dotnet/core/testing/mstest-analyzers/mstest0037) [C:\projects\antigravity\gridiron\UnitTestProject1\UnitTestProject1.csproj]
C:\projects\antigravity\gridiron\UnitTestProject1\DownProgressionTests.cs(556,13): warning MSTEST0037: Use 'Assert.IsGreaterThanOrEqualTo' instead of 'Assert.IsTrue' (https://learn.microsoft.com/dotnet/core/testing/mstest-analyzers/mstest0037) [C:\projects\antigravity\gridiron\UnitTestProject1\UnitTestProject1.csproj]
C:\projects\antigravity\gridiron\UnitTestProject1\MultiplePenaltyTests.cs(266,13): warning MSTEST0037: Use 'Assert.HasCount' instead of 'Assert.AreEqual' (https://learn.microsoft.com/dotnet/core/testing/mstest-analyzers/mstest0037) [C:\projects\antigravity\gridiron\UnitTestProject1\UnitTestProject1.csproj]
C:\projects\antigravity\gridiron\UnitTestProject1\MultiplePenaltyTests.cs(311,13): warning MSTEST0037: Use 'Assert.HasCount' instead of 'Assert.AreEqual' (https://learn.microsoft.com/dotnet/core/testing/mstest-analyzers/mstest0037) [C:\projects\antigravity\gridiron\UnitTestProject1\UnitTestProject1.csproj]
C:\projects\antigravity\gridiron\UnitTestProject1\MultiplePenaltyTests.cs(335,13): warning MSTEST0037: Use 'Assert.IsEmpty' instead of 'Assert.AreEqual' (https://learn.microsoft.com/dotnet/core/testing/mstest-analyzers/mstest0037) [C:\projects\antigravity\gridiron\UnitTestProject1\UnitTestProject1.csproj]
C:\projects\antigravity\gridiron\UnitTestProject1\DownProgressionTests.cs(604,13): warning MSTEST0037: Use 'Assert.IsLessThanOrEqualTo' instead of 'Assert.IsTrue' (https://learn.microsoft.com/dotnet/core/testing/mstest-analyzers/mstest0037) [C:\projects\antigravity\gridiron\UnitTestProject1\UnitTestProject1.csproj]
C:\projects\antigravity\gridiron\UnitTestProject1\MultiplePenaltyTests.cs(353,13): warning MSTEST0037: Use 'Assert.IsEmpty' instead of 'Assert.AreEqual' (https://learn.microsoft.com/dotnet/core/testing/mstest-analyzers/mstest0037) [C:\projects\antigravity\gridiron\UnitTestProject1\UnitTestProject1.csproj]
C:\projects\antigravity\gridiron\UnitTestProject1\DownProgressionTests.cs(620,13): warning MSTEST0037: Use 'Assert.IsLessThanOrEqualTo' instead of 'Assert.IsTrue' (https://learn.microsoft.com/dotnet/core/testing/mstest-analyzers/mstest0037) [C:\projects\antigravity\gridiron\UnitTestProject1\UnitTestProject1.csproj]
C:\projects\antigravity\gridiron\UnitTestProject1\PassPlayExecutionTests.cs(488,13): warning MSTEST0037: Use 'Assert.IsGreaterThanOrEqualTo' instead of 'Assert.IsTrue' (https://learn.microsoft.com/dotnet/core/testing/mstest-analyzers/mstest0037) [C:\projects\antigravity\gridiron\UnitTestProject1\UnitTestProject1.csproj]
C:\projects\antigravity\gridiron\UnitTestProject1\MultiplePenaltyTests.cs(291,13): warning MSTEST0037: Use 'Assert.HasCount' instead of 'Assert.AreEqual' (https://learn.microsoft.com/dotnet/core/testing/mstest-analyzers/mstest0037) [C:\projects\antigravity\gridiron\UnitTestProject1\UnitTestProject1.csproj]
C:\projects\antigravity\gridiron\UnitTestProject1\RedZoneTests.cs(32,13): warning MSTEST0037: Use 'Assert.IsGreaterThanOrEqualTo' instead of 'Assert.IsTrue' (https://learn.microsoft.com/dotnet/core/testing/mstest-analyzers/mstest0037) [C:\projects\antigravity\gridiron\UnitTestProject1\UnitTestProject1.csproj]
C:\projects\antigravity\gridiron\UnitTestProject1\PlayArchitectureTests.cs(46,13): warning MSTEST0037: Use 'Assert.HasCount' instead of 'Assert.AreEqual' (https://learn.microsoft.com/dotnet/core/testing/mstest-analyzers/mstest0037) [C:\projects\antigravity\gridiron\UnitTestProject1\UnitTestProject1.csproj]
C:\projects\antigravity\gridiron\UnitTestProject1\PuntPlayExecutionTests.cs(37,13): warning MSTEST0037: Use 'Assert.IsLessThan' instead of 'Assert.IsTrue' (https://learn.microsoft.com/dotnet/core/testing/mstest-analyzers/mstest0037) [C:\projects\antigravity\gridiron\UnitTestProject1\UnitTestProject1.csproj]
C:\projects\antigravity\gridiron\UnitTestProject1\PuntPlayExecutionTests.cs(38,13): warning MSTEST0037: Use 'Assert.IsGreaterThanOrEqualTo' instead of 'Assert.IsTrue' (https://learn.microsoft.com/dotnet/core/testing/mstest-analyzers/mstest0037) [C:\projects\antigravity\gridiron\UnitTestProject1\UnitTestProject1.csproj]
C:\projects\antigravity\gridiron\UnitTestProject1\PassPlayExecutionTests.cs(516,13): warning MSTEST0037: Use 'Assert.IsLessThan' instead of 'Assert.IsTrue' (https://learn.microsoft.com/dotnet/core/testing/mstest-analyzers/mstest0037) [C:\projects\antigravity\gridiron\UnitTestProject1\UnitTestProject1.csproj]
C:\projects\antigravity\gridiron\UnitTestProject1\RunPlayExecutionTests.cs(29,13): warning MSTEST0037: Use 'Assert.HasCount' instead of 'Assert.AreEqual' (https://learn.microsoft.com/dotnet/core/testing/mstest-analyzers/mstest0037) [C:\projects\antigravity\gridiron\UnitTestProject1\UnitTestProject1.csproj]
C:\projects\antigravity\gridiron\UnitTestProject1\RunPlayExecutionTests.cs(31,13): warning MSTEST0037: Use 'Assert.AreNotEqual' instead of 'Assert.IsTrue' (https://learn.microsoft.com/dotnet/core/testing/mstest-analyzers/mstest0037) [C:\projects\antigravity\gridiron\UnitTestProject1\UnitTestProject1.csproj]
C:\projects\antigravity\gridiron\UnitTestProject1\RunPlayExecutionTests.cs(32,13): warning MSTEST0037: Use 'Assert.IsGreaterThan' instead of 'Assert.IsTrue' (https://learn.microsoft.com/dotnet/core/testing/mstest-analyzers/mstest0037) [C:\projects\antigravity\gridiron\UnitTestProject1\UnitTestProject1.csproj]
C:\projects\antigravity\gridiron\UnitTestProject1\PassPlayExecutionTests.cs(596,13): warning MSTEST0037: Use 'Assert.IsGreaterThanOrEqualTo' instead of 'Assert.IsTrue' (https://learn.microsoft.com/dotnet/core/testing/mstest-analyzers/mstest0037) [C:\projects\antigravity\gridiron\UnitTestProject1\UnitTestProject1.csproj]
C:\projects\antigravity\gridiron\UnitTestProject1\RedZoneTests.cs(71,13): warning MSTEST0037: Use 'Assert.IsGreaterThanOrEqualTo' instead of 'Assert.IsTrue' (https://learn.microsoft.com/dotnet/core/testing/mstest-analyzers/mstest0037) [C:\projects\antigravity\gridiron\UnitTestProject1\UnitTestProject1.csproj]
C:\projects\antigravity\gridiron\UnitTestProject1\PassPlayExecutionTests.cs(616,13): warning MSTEST0037: Use 'Assert.IsGreaterThanOrEqualTo' instead of 'Assert.IsTrue' (https://learn.microsoft.com/dotnet/core/testing/mstest-analyzers/mstest0037) [C:\projects\antigravity\gridiron\UnitTestProject1\UnitTestProject1.csproj]
C:\projects\antigravity\gridiron\UnitTestProject1\PrePlayFormationTests.cs(39,13): warning MSTEST0037: Use 'Assert.HasCount' instead of 'Assert.AreEqual' (https://learn.microsoft.com/dotnet/core/testing/mstest-analyzers/mstest0037) [C:\projects\antigravity\gridiron\UnitTestProject1\UnitTestProject1.csproj]
C:\projects\antigravity\gridiron\UnitTestProject1\PuntPlayExecutionTests.cs(112,13): warning MSTEST0037: Use 'Assert.IsGreaterThanOrEqualTo' instead of 'Assert.IsTrue' (https://learn.microsoft.com/dotnet/core/testing/mstest-analyzers/mstest0037) [C:\projects\antigravity\gridiron\UnitTestProject1\UnitTestProject1.csproj]
C:\projects\antigravity\gridiron\UnitTestProject1\PuntPlayExecutionTests.cs(113,13): warning MSTEST0037: Use 'Assert.IsLessThanOrEqualTo' instead of 'Assert.IsTrue' (https://learn.microsoft.com/dotnet/core/testing/mstest-analyzers/mstest0037) [C:\projects\antigravity\gridiron\UnitTestProject1\UnitTestProject1.csproj]
C:\projects\antigravity\gridiron\UnitTestProject1\RedZoneTests.cs(88,13): warning MSTEST0037: Use 'Assert.IsLessThanOrEqualTo' instead of 'Assert.IsTrue' (https://learn.microsoft.com/dotnet/core/testing/mstest-analyzers/mstest0037) [C:\projects\antigravity\gridiron\UnitTestProject1\UnitTestProject1.csproj]
C:\projects\antigravity\gridiron\UnitTestProject1\PenaltySkillsChecksTests.cs(91,13): warning MSTEST0037: Use 'Assert.IsGreaterThan' instead of 'Assert.IsTrue' (https://learn.microsoft.com/dotnet/core/testing/mstest-analyzers/mstest0037) [C:\projects\antigravity\gridiron\UnitTestProject1\UnitTestProject1.csproj]
C:\projects\antigravity\gridiron\UnitTestProject1\PenaltyClassTests.cs(126,13): warning MSTEST0037: Use 'Assert.IsGreaterThan' instead of 'Assert.IsTrue' (https://learn.microsoft.com/dotnet/core/testing/mstest-analyzers/mstest0037) [C:\projects\antigravity\gridiron\UnitTestProject1\UnitTestProject1.csproj]
C:\projects\antigravity\gridiron\UnitTestProject1\ReplaySeedableRandomTests.cs(77,13): warning MSTEST0037: Use 'Assert.HasCount' instead of 'Assert.AreEqual' (https://learn.microsoft.com/dotnet/core/testing/mstest-analyzers/mstest0037) [C:\projects\antigravity\gridiron\UnitTestProject1\UnitTestProject1.csproj]
C:\projects\antigravity\gridiron\UnitTestProject1\ReplaySeedableRandomTests.cs(78,13): warning MSTEST0037: Use 'Assert.HasCount' instead of 'Assert.AreEqual' (https://learn.microsoft.com/dotnet/core/testing/mstest-analyzers/mstest0037) [C:\projects\antigravity\gridiron\UnitTestProject1\UnitTestProject1.csproj]
C:\projects\antigravity\gridiron\UnitTestProject1\ReplaySeedableRandomTests.cs(79,13): warning MSTEST0037: Use 'Assert.HasCount' instead of 'Assert.AreEqual' (https://learn.microsoft.com/dotnet/core/testing/mstest-analyzers/mstest0037) [C:\projects\antigravity\gridiron\UnitTestProject1\UnitTestProject1.csproj]
C:\projects\antigravity\gridiron\UnitTestProject1\PlayerDisciplinePenaltyTests.cs(87,13): warning MSTEST0037: Use 'Assert.IsGreaterThan' instead of 'Assert.IsTrue' (https://learn.microsoft.com/dotnet/core/testing/mstest-analyzers/mstest0037) [C:\projects\antigravity\gridiron\UnitTestProject1\UnitTestProject1.csproj]
C:\projects\antigravity\gridiron\UnitTestProject1\PuntPlayExecutionTests.cs(134,13): warning MSTEST0037: Use 'Assert.IsLessThan' instead of 'Assert.IsTrue' (https://learn.microsoft.com/dotnet/core/testing/mstest-analyzers/mstest0037) [C:\projects\antigravity\gridiron\UnitTestProject1\UnitTestProject1.csproj]
C:\projects\antigravity\gridiron\UnitTestProject1\PuntPlayExecutionTests.cs(135,13): warning MSTEST0037: Use 'Assert.IsGreaterThanOrEqualTo' instead of 'Assert.IsTrue' (https://learn.microsoft.com/dotnet/core/testing/mstest-analyzers/mstest0037) [C:\projects\antigravity\gridiron\UnitTestProject1\UnitTestProject1.csproj]
C:\projects\antigravity\gridiron\UnitTestProject1\FieldGoalPlayExecutionTests.cs(462,13): warning MSTEST0037: Use 'Assert.Contains' instead of 'Assert.IsTrue' (https://learn.microsoft.com/dotnet/core/testing/mstest-analyzers/mstest0037) [C:\projects\antigravity\gridiron\UnitTestProject1\UnitTestProject1.csproj]
C:\projects\antigravity\gridiron\UnitTestProject1\RedZoneTests.cs(110,13): warning MSTEST0037: Use 'Assert.IsGreaterThanOrEqualTo' instead of 'Assert.IsTrue' (https://learn.microsoft.com/dotnet/core/testing/mstest-analyzers/mstest0037) [C:\projects\antigravity\gridiron\UnitTestProject1\UnitTestProject1.csproj]
C:\projects\antigravity\gridiron\UnitTestProject1\ReplaySeedableRandomTests.cs(101,13): warning MSTEST0037: Use 'Assert.HasCount' instead of 'Assert.AreEqual' (https://learn.microsoft.com/dotnet/core/testing/mstest-analyzers/mstest0037) [C:\projects\antigravity\gridiron\UnitTestProject1\UnitTestProject1.csproj]
C:\projects\antigravity\gridiron\UnitTestProject1\RedZoneTests.cs(129,13): warning MSTEST0037: Use 'Assert.IsLessThan' instead of 'Assert.IsTrue' (https://learn.microsoft.com/dotnet/core/testing/mstest-analyzers/mstest0037) [C:\projects\antigravity\gridiron\UnitTestProject1\UnitTestProject1.csproj]
C:\projects\antigravity\gridiron\UnitTestProject1\FieldGoalPlayExecutionTests.cs(488,13): warning MSTEST0037: Use 'Assert.Contains' instead of 'Assert.IsTrue' (https://learn.microsoft.com/dotnet/core/testing/mstest-analyzers/mstest0037) [C:\projects\antigravity\gridiron\UnitTestProject1\UnitTestProject1.csproj]
C:\projects\antigravity\gridiron\UnitTestProject1\FieldGoalPlayExecutionTests.cs(489,13): warning MSTEST0037: Use 'Assert.IsLessThan' instead of 'Assert.IsTrue' (https://learn.microsoft.com/dotnet/core/testing/mstest-analyzers/mstest0037) [C:\projects\antigravity\gridiron\UnitTestProject1\UnitTestProject1.csproj]
C:\projects\antigravity\gridiron\UnitTestProject1\PlayArchitectureTests.cs(136,13): warning MSTEST0037: Use 'Assert.IsEmpty' instead of 'Assert.AreEqual' (https://learn.microsoft.com/dotnet/core/testing/mstest-analyzers/mstest0037) [C:\projects\antigravity\gridiron\UnitTestProject1\UnitTestProject1.csproj]
C:\projects\antigravity\gridiron\UnitTestProject1\RedZoneTests.cs(148,13): warning MSTEST0037: Use 'Assert.IsGreaterThanOrEqualTo' instead of 'Assert.IsTrue' (https://learn.microsoft.com/dotnet/core/testing/mstest-analyzers/mstest0037) [C:\projects\antigravity\gridiron\UnitTestProject1\UnitTestProject1.csproj]
C:\projects\antigravity\gridiron\UnitTestProject1\PenaltyClassTests.cs(76,13): warning MSTEST0037: Use 'Assert.IsGreaterThan' instead of 'Assert.IsTrue' (https://learn.microsoft.com/dotnet/core/testing/mstest-analyzers/mstest0037) [C:\projects\antigravity\gridiron\UnitTestProject1\UnitTestProject1.csproj]
C:\projects\antigravity\gridiron\UnitTestProject1\PassPlayExecutionTests.cs(694,13): warning MSTEST0037: Use 'Assert.IsLessThanOrEqualTo' instead of 'Assert.IsTrue' (https://learn.microsoft.com/dotnet/core/testing/mstest-analyzers/mstest0037) [C:\projects\antigravity\gridiron\UnitTestProject1\UnitTestProject1.csproj]
C:\projects\antigravity\gridiron\UnitTestProject1\RedZoneTests.cs(170,13): warning MSTEST0037: Use 'Assert.IsGreaterThanOrEqualTo' instead of 'Assert.IsTrue' (https://learn.microsoft.com/dotnet/core/testing/mstest-analyzers/mstest0037) [C:\projects\antigravity\gridiron\UnitTestProject1\UnitTestProject1.csproj]
C:\projects\antigravity\gridiron\UnitTestProject1\PlayArchitectureTests.cs(162,13): warning MSTEST0037: Use 'Assert.HasCount' instead of 'Assert.AreEqual' (https://learn.microsoft.com/dotnet/core/testing/mstest-analyzers/mstest0037) [C:\projects\antigravity\gridiron\UnitTestProject1\UnitTestProject1.csproj]
C:\projects\antigravity\gridiron\UnitTestProject1\RunPlayExecutionTests.cs(116,13): warning MSTEST0037: Use 'Assert.IsGreaterThan' instead of 'Assert.IsTrue' (https://learn.microsoft.com/dotnet/core/testing/mstest-analyzers/mstest0037) [C:\projects\antigravity\gridiron\UnitTestProject1\UnitTestProject1.csproj]
C:\projects\antigravity\gridiron\UnitTestProject1\PrePlayFormationTests.cs(56,13): warning MSTEST0037: Use 'Assert.HasCount' instead of 'Assert.AreEqual' (https://learn.microsoft.com/dotnet/core/testing/mstest-analyzers/mstest0037) [C:\projects\antigravity\gridiron\UnitTestProject1\UnitTestProject1.csproj]
C:\projects\antigravity\gridiron\UnitTestProject1\PenaltyClassTests.cs(205,13): warning MSTEST0037: Use 'Assert.IsGreaterThan' instead of 'Assert.IsTrue' (https://learn.microsoft.com/dotnet/core/testing/mstest-analyzers/mstest0037) [C:\projects\antigravity\gridiron\UnitTestProject1\UnitTestProject1.csproj]
C:\projects\antigravity\gridiron\UnitTestProject1\PlayerDisciplinePenaltyTests.cs(157,13): warning MSTEST0037: Use 'Assert.IsGreaterThan' instead of 'Assert.IsTrue' (https://learn.microsoft.com/dotnet/core/testing/mstest-analyzers/mstest0037) [C:\projects\antigravity\gridiron\UnitTestProject1\UnitTestProject1.csproj]
C:\projects\antigravity\gridiron\UnitTestProject1\KickoffPlayExecutionTests.cs(345,13): warning MSTEST0037: Use 'Assert.IsEmpty' instead of 'Assert.AreEqual' (https://learn.microsoft.com/dotnet/core/testing/mstest-analyzers/mstest0037) [C:\projects\antigravity\gridiron\UnitTestProject1\UnitTestProject1.csproj]
C:\projects\antigravity\gridiron\UnitTestProject1\RunPlayExecutionTests.cs(140,13): warning MSTEST0037: Use 'Assert.IsGreaterThan' instead of 'Assert.IsTrue' (https://learn.microsoft.com/dotnet/core/testing/mstest-analyzers/mstest0037) [C:\projects\antigravity\gridiron\UnitTestProject1\UnitTestProject1.csproj]
C:\projects\antigravity\gridiron\UnitTestProject1\RedZoneTests.cs(188,13): warning MSTEST0037: Use 'Assert.IsLessThan' instead of 'Assert.IsTrue' (https://learn.microsoft.com/dotnet/core/testing/mstest-analyzers/mstest0037) [C:\projects\antigravity\gridiron\UnitTestProject1\UnitTestProject1.csproj]
C:\projects\antigravity\gridiron\UnitTestProject1\PenaltyClassTests.cs(219,13): warning MSTEST0037: Use 'Assert.IsGreaterThan' instead of 'Assert.IsTrue' (https://learn.microsoft.com/dotnet/core/testing/mstest-analyzers/mstest0037) [C:\projects\antigravity\gridiron\UnitTestProject1\UnitTestProject1.csproj]
C:\projects\antigravity\gridiron\UnitTestProject1\PlayArchitectureTests.cs(186,13): warning MSTEST0037: Use 'Assert.IsEmpty' instead of 'Assert.AreEqual' (https://learn.microsoft.com/dotnet/core/testing/mstest-analyzers/mstest0037) [C:\projects\antigravity\gridiron\UnitTestProject1\UnitTestProject1.csproj]
C:\projects\antigravity\gridiron\UnitTestProject1\FieldGoalPlayExecutionTests.cs(405,13): warning MSTEST0037: Use 'Assert.Contains' instead of 'Assert.IsTrue' (https://learn.microsoft.com/dotnet/core/testing/mstest-analyzers/mstest0037) [C:\projects\antigravity\gridiron\UnitTestProject1\UnitTestProject1.csproj]
C:\projects\antigravity\gridiron\UnitTestProject1\FieldGoalPlayExecutionTests.cs(407,13): warning MSTEST0037: Use 'Assert.IsGreaterThan' instead of 'Assert.IsTrue' (https://learn.microsoft.com/dotnet/core/testing/mstest-analyzers/mstest0037) [C:\projects\antigravity\gridiron\UnitTestProject1\UnitTestProject1.csproj]
C:\projects\antigravity\gridiron\UnitTestProject1\PenaltyClassTests.cs(236,13): warning MSTEST0037: Use 'Assert.IsGreaterThan' instead of 'Assert.IsTrue' (https://learn.microsoft.com/dotnet/core/testing/mstest-analyzers/mstest0037) [C:\projects\antigravity\gridiron\UnitTestProject1\UnitTestProject1.csproj]
C:\projects\antigravity\gridiron\UnitTestProject1\PassPlayExecutionTests.cs(733,13): warning MSTEST0037: Use 'Assert.IsLessThan' instead of 'Assert.IsTrue' (https://learn.microsoft.com/dotnet/core/testing/mstest-analyzers/mstest0037) [C:\projects\antigravity\gridiron\UnitTestProject1\UnitTestProject1.csproj]
C:\projects\antigravity\gridiron\UnitTestProject1\PassPlayExecutionTests.cs(735,13): warning MSTEST0037: Use 'Assert.IsLessThanOrEqualTo' instead of 'Assert.IsTrue' (https://learn.microsoft.com/dotnet/core/testing/mstest-analyzers/mstest0037) [C:\projects\antigravity\gridiron\UnitTestProject1\UnitTestProject1.csproj]
C:\projects\antigravity\gridiron\UnitTestProject1\RedZoneTests.cs(223,13): warning MSTEST0037: Use 'Assert.IsGreaterThanOrEqualTo' instead of 'Assert.IsTrue' (https://learn.microsoft.com/dotnet/core/testing/mstest-analyzers/mstest0037) [C:\projects\antigravity\gridiron\UnitTestProject1\UnitTestProject1.csproj]
C:\projects\antigravity\gridiron\UnitTestProject1\PassPlayExecutionTests.cs(775,13): warning MSTEST0037: Use 'Assert.IsGreaterThanOrEqualTo' instead of 'Assert.IsTrue' (https://learn.microsoft.com/dotnet/core/testing/mstest-analyzers/mstest0037) [C:\projects\antigravity\gridiron\UnitTestProject1\UnitTestProject1.csproj]
C:\projects\antigravity\gridiron\UnitTestProject1\PrePlayFormationTests.cs(74,13): warning MSTEST0037: Use 'Assert.HasCount' instead of 'Assert.AreEqual' (https://learn.microsoft.com/dotnet/core/testing/mstest-analyzers/mstest0037) [C:\projects\antigravity\gridiron\UnitTestProject1\UnitTestProject1.csproj]
C:\projects\antigravity\gridiron\UnitTestProject1\RedZoneTests.cs(247,13): warning MSTEST0037: Use 'Assert.IsLessThanOrEqualTo' instead of 'Assert.IsTrue' (https://learn.microsoft.com/dotnet/core/testing/mstest-analyzers/mstest0037) [C:\projects\antigravity\gridiron\UnitTestProject1\UnitTestProject1.csproj]
C:\projects\antigravity\gridiron\UnitTestProject1\RunPlayExecutionTests.cs(180,13): warning MSTEST0037: Use 'Assert.IsGreaterThan' instead of 'Assert.IsTrue' (https://learn.microsoft.com/dotnet/core/testing/mstest-analyzers/mstest0037) [C:\projects\antigravity\gridiron\UnitTestProject1\UnitTestProject1.csproj]
C:\projects\antigravity\gridiron\UnitTestProject1\PenaltyClassTests.cs(281,13): warning MSTEST0037: Use 'Assert.IsGreaterThan' instead of 'Assert.IsTrue' (https://learn.microsoft.com/dotnet/core/testing/mstest-analyzers/mstest0037) [C:\projects\antigravity\gridiron\UnitTestProject1\UnitTestProject1.csproj]
C:\projects\antigravity\gridiron\UnitTestProject1\KickoffPlayExecutionTests.cs(401,13): warning MSTEST0037: Use 'Assert.IsNotEmpty' instead of 'Assert.IsTrue' (https://learn.microsoft.com/dotnet/core/testing/mstest-analyzers/mstest0037) [C:\projects\antigravity\gridiron\UnitTestProject1\UnitTestProject1.csproj]
C:\projects\antigravity\gridiron\UnitTestProject1\KickoffPlayExecutionTests.cs(422,13): warning MSTEST0037: Use 'Assert.IsEmpty' instead of 'Assert.AreEqual' (https://learn.microsoft.com/dotnet/core/testing/mstest-analyzers/mstest0037) [C:\projects\antigravity\gridiron\UnitTestProject1\UnitTestProject1.csproj]
C:\projects\antigravity\gridiron\UnitTestProject1\PassPlayExecutionTests.cs(804,13): warning MSTEST0037: Use 'Assert.IsGreaterThanOrEqualTo' instead of 'Assert.IsTrue' (https://learn.microsoft.com/dotnet/core/testing/mstest-analyzers/mstest0037) [C:\projects\antigravity\gridiron\UnitTestProject1\UnitTestProject1.csproj]
C:\projects\antigravity\gridiron\UnitTestProject1\RunPlayExecutionTests.cs(205,13): warning MSTEST0037: Use 'Assert.IsLessThanOrEqualTo' instead of 'Assert.IsTrue' (https://learn.microsoft.com/dotnet/core/testing/mstest-analyzers/mstest0037) [C:\projects\antigravity\gridiron\UnitTestProject1\UnitTestProject1.csproj]
C:\projects\antigravity\gridiron\UnitTestProject1\PrePlayFormationTests.cs(92,13): warning MSTEST0037: Use 'Assert.HasCount' instead of 'Assert.AreEqual' (https://learn.microsoft.com/dotnet/core/testing/mstest-analyzers/mstest0037) [C:\projects\antigravity\gridiron\UnitTestProject1\UnitTestProject1.csproj]
C:\projects\antigravity\gridiron\UnitTestProject1\PlayArchitectureTests.cs(266,13): warning MSTEST0037: Use 'Assert.HasCount' instead of 'Assert.AreEqual' (https://learn.microsoft.com/dotnet/core/testing/mstest-analyzers/mstest0037) [C:\projects\antigravity\gridiron\UnitTestProject1\UnitTestProject1.csproj]
C:\projects\antigravity\gridiron\UnitTestProject1\KickoffPlayExecutionTests.cs(465,13): warning MSTEST0037: Use 'Assert.IsLessThanOrEqualTo' instead of 'Assert.IsTrue' (https://learn.microsoft.com/dotnet/core/testing/mstest-analyzers/mstest0037) [C:\projects\antigravity\gridiron\UnitTestProject1\UnitTestProject1.csproj]
C:\projects\antigravity\gridiron\UnitTestProject1\RunPlayExecutionTests.cs(224,13): warning MSTEST0037: Use 'Assert.IsLessThanOrEqualTo' instead of 'Assert.IsTrue' (https://learn.microsoft.com/dotnet/core/testing/mstest-analyzers/mstest0037) [C:\projects\antigravity\gridiron\UnitTestProject1\UnitTestProject1.csproj]
C:\projects\antigravity\gridiron\UnitTestProject1\RedZoneTests.cs(334,13): warning MSTEST0037: Use 'Assert.IsGreaterThanOrEqualTo' instead of 'Assert.IsTrue' (https://learn.microsoft.com/dotnet/core/testing/mstest-analyzers/mstest0037) [C:\projects\antigravity\gridiron\UnitTestProject1\UnitTestProject1.csproj]
C:\projects\antigravity\gridiron\UnitTestProject1\PlayerDisciplinePenaltyTests.cs(322,13): warning MSTEST0037: Use 'Assert.IsGreaterThan' instead of 'Assert.IsTrue' (https://learn.microsoft.com/dotnet/core/testing/mstest-analyzers/mstest0037) [C:\projects\antigravity\gridiron\UnitTestProject1\UnitTestProject1.csproj]
C:\projects\antigravity\gridiron\UnitTestProject1\RedZoneTests.cs(50,13): warning MSTEST0037: Use 'Assert.IsGreaterThanOrEqualTo' instead of 'Assert.IsTrue' (https://learn.microsoft.com/dotnet/core/testing/mstest-analyzers/mstest0037) [C:\projects\antigravity\gridiron\UnitTestProject1\UnitTestProject1.csproj]
C:\projects\antigravity\gridiron\UnitTestProject1\PuntPlayExecutionTests.cs(306,13): warning MSTEST0037: Use 'Assert.IsGreaterThan' instead of 'Assert.IsTrue' (https://learn.microsoft.com/dotnet/core/testing/mstest-analyzers/mstest0037) [C:\projects\antigravity\gridiron\UnitTestProject1\UnitTestProject1.csproj]
C:\projects\antigravity\gridiron\UnitTestProject1\PuntPlayExecutionTests.cs(307,13): warning MSTEST0037: Use 'Assert.IsEmpty' instead of 'Assert.AreEqual' (https://learn.microsoft.com/dotnet/core/testing/mstest-analyzers/mstest0037) [C:\projects\antigravity\gridiron\UnitTestProject1\UnitTestProject1.csproj]
C:\projects\antigravity\gridiron\UnitTestProject1\PuntPlayExecutionTests.cs(332,13): warning MSTEST0037: Use 'Assert.IsGreaterThan' instead of 'Assert.IsTrue' (https://learn.microsoft.com/dotnet/core/testing/mstest-analyzers/mstest0037) [C:\projects\antigravity\gridiron\UnitTestProject1\UnitTestProject1.csproj]
C:\projects\antigravity\gridiron\UnitTestProject1\PuntPlayExecutionTests.cs(333,13): warning MSTEST0037: Use 'Assert.IsEmpty' instead of 'Assert.AreEqual' (https://learn.microsoft.com/dotnet/core/testing/mstest-analyzers/mstest0037) [C:\projects\antigravity\gridiron\UnitTestProject1\UnitTestProject1.csproj]
C:\projects\antigravity\gridiron\UnitTestProject1\SafetyFreeKickTests.cs(280,13): warning MSTEST0037: Use 'Assert.HasCount' instead of 'Assert.AreEqual' (https://learn.microsoft.com/dotnet/core/testing/mstest-analyzers/mstest0037) [C:\projects\antigravity\gridiron\UnitTestProject1\UnitTestProject1.csproj]
C:\projects\antigravity\gridiron\UnitTestProject1\SafetyFreeKickTests.cs(282,13): warning MSTEST0037: Use 'Assert.HasCount' instead of 'Assert.AreEqual' (https://learn.microsoft.com/dotnet/core/testing/mstest-analyzers/mstest0037) [C:\projects\antigravity\gridiron\UnitTestProject1\UnitTestProject1.csproj]
C:\projects\antigravity\gridiron\UnitTestProject1\PuntPlayExecutionTests.cs(353,13): warning MSTEST0037: Use 'Assert.IsGreaterThan' instead of 'Assert.IsTrue' (https://learn.microsoft.com/dotnet/core/testing/mstest-analyzers/mstest0037) [C:\projects\antigravity\gridiron\UnitTestProject1\UnitTestProject1.csproj]
C:\projects\antigravity\gridiron\UnitTestProject1\RunPlayExecutionTests.cs(314,13): warning MSTEST0037: Use 'Assert.IsLessThanOrEqualTo' instead of 'Assert.IsTrue' (https://learn.microsoft.com/dotnet/core/testing/mstest-analyzers/mstest0037) [C:\projects\antigravity\gridiron\UnitTestProject1\UnitTestProject1.csproj]
C:\projects\antigravity\gridiron\UnitTestProject1\PuntPlayExecutionTests.cs(378,13): warning MSTEST0037: Use 'Assert.IsEmpty' instead of 'Assert.AreEqual' (https://learn.microsoft.com/dotnet/core/testing/mstest-analyzers/mstest0037) [C:\projects\antigravity\gridiron\UnitTestProject1\UnitTestProject1.csproj]
C:\projects\antigravity\gridiron\UnitTestProject1\PlayArchitectureTests.cs(392,13): warning MSTEST0037: Use 'Assert.HasCount' instead of 'Assert.AreEqual' (https://learn.microsoft.com/dotnet/core/testing/mstest-analyzers/mstest0037) [C:\projects\antigravity\gridiron\UnitTestProject1\UnitTestProject1.csproj]
C:\projects\antigravity\gridiron\UnitTestProject1\RunPlayExecutionTests.cs(293,13): warning MSTEST0037: Use 'Assert.IsGreaterThanOrEqualTo' instead of 'Assert.IsTrue' (https://learn.microsoft.com/dotnet/core/testing/mstest-analyzers/mstest0037) [C:\projects\antigravity\gridiron\UnitTestProject1\UnitTestProject1.csproj]
C:\projects\antigravity\gridiron\UnitTestProject1\PlayArchitectureTests.cs(446,13): warning MSTEST0037: Use 'Assert.HasCount' instead of 'Assert.AreEqual' (https://learn.microsoft.com/dotnet/core/testing/mstest-analyzers/mstest0037) [C:\projects\antigravity\gridiron\UnitTestProject1\UnitTestProject1.csproj]
C:\projects\antigravity\gridiron\UnitTestProject1\RunPlayExecutionTests.cs(340,13): warning MSTEST0037: Use 'Assert.IsGreaterThanOrEqualTo' instead of 'Assert.IsTrue' (https://learn.microsoft.com/dotnet/core/testing/mstest-analyzers/mstest0037) [C:\projects\antigravity\gridiron\UnitTestProject1\UnitTestProject1.csproj]
C:\projects\antigravity\gridiron\UnitTestProject1\ReplaySeedableRandomTests.cs(422,13): warning MSTEST0037: Use 'Assert.HasCount' instead of 'Assert.AreEqual' (https://learn.microsoft.com/dotnet/core/testing/mstest-analyzers/mstest0037) [C:\projects\antigravity\gridiron\UnitTestProject1\UnitTestProject1.csproj]
C:\projects\antigravity\gridiron\UnitTestProject1\FieldGoalPlayExecutionTests.cs(870,13): warning MSTEST0037: Use 'Assert.IsGreaterThan' instead of 'Assert.IsTrue' (https://learn.microsoft.com/dotnet/core/testing/mstest-analyzers/mstest0037) [C:\projects\antigravity\gridiron\UnitTestProject1\UnitTestProject1.csproj]
C:\projects\antigravity\gridiron\UnitTestProject1\ScoringIntegrationTests.cs(361,13): warning MSTEST0037: Use 'Assert.IsGreaterThan' instead of 'Assert.IsTrue' (https://learn.microsoft.com/dotnet/core/testing/mstest-analyzers/mstest0037) [C:\projects\antigravity\gridiron\UnitTestProject1\UnitTestProject1.csproj]
C:\projects\antigravity\gridiron\UnitTestProject1\ScoringIntegrationTests.cs(367,13): warning MSTEST0037: Use 'Assert.IsGreaterThan' instead of 'Assert.IsTrue' (https://learn.microsoft.com/dotnet/core/testing/mstest-analyzers/mstest0037) [C:\projects\antigravity\gridiron\UnitTestProject1\UnitTestProject1.csproj]
C:\projects\antigravity\gridiron\UnitTestProject1\ReplaySeedableRandomTests.cs(441,13): warning MSTEST0037: Use 'Assert.HasCount' instead of 'Assert.AreEqual' (https://learn.microsoft.com/dotnet/core/testing/mstest-analyzers/mstest0037) [C:\projects\antigravity\gridiron\UnitTestProject1\UnitTestProject1.csproj]
C:\projects\antigravity\gridiron\UnitTestProject1\ReplaySeedableRandomTests.cs(459,13): warning MSTEST0037: Use 'Assert.HasCount' instead of 'Assert.AreEqual' (https://learn.microsoft.com/dotnet/core/testing/mstest-analyzers/mstest0037) [C:\projects\antigravity\gridiron\UnitTestProject1\UnitTestProject1.csproj]
C:\projects\antigravity\gridiron\UnitTestProject1\PuntPlayExecutionTests.cs(471,13): warning MSTEST0037: Use 'Assert.HasCount' instead of 'Assert.AreEqual' (https://learn.microsoft.com/dotnet/core/testing/mstest-analyzers/mstest0037) [C:\projects\antigravity\gridiron\UnitTestProject1\UnitTestProject1.csproj]
C:\projects\antigravity\gridiron\UnitTestProject1\RunPlayExecutionTests.cs(379,13): warning MSTEST0037: Use 'Assert.IsGreaterThan' instead of 'Assert.IsTrue' (https://learn.microsoft.com/dotnet/core/testing/mstest-analyzers/mstest0037) [C:\projects\antigravity\gridiron\UnitTestProject1\UnitTestProject1.csproj]
C:\projects\antigravity\gridiron\UnitTestProject1\PenaltySkillsChecksTests.cs(550,13): warning MSTEST0037: Use 'Assert.AreEqual' instead of 'Assert.IsTrue' (https://learn.microsoft.com/dotnet/core/testing/mstest-analyzers/mstest0037) [C:\projects\antigravity\gridiron\UnitTestProject1\UnitTestProject1.csproj]
C:\projects\antigravity\gridiron\UnitTestProject1\ReplaySeedableRandomTests.cs(481,13): warning MSTEST0037: Use 'Assert.IsEmpty' instead of 'Assert.AreEqual' (https://learn.microsoft.com/dotnet/core/testing/mstest-analyzers/mstest0037) [C:\projects\antigravity\gridiron\UnitTestProject1\UnitTestProject1.csproj]
C:\projects\antigravity\gridiron\UnitTestProject1\ReplaySeedableRandomTests.cs(482,13): warning MSTEST0037: Use 'Assert.IsEmpty' instead of 'Assert.AreEqual' (https://learn.microsoft.com/dotnet/core/testing/mstest-analyzers/mstest0037) [C:\projects\antigravity\gridiron\UnitTestProject1\UnitTestProject1.csproj]
C:\projects\antigravity\gridiron\UnitTestProject1\ReplaySeedableRandomTests.cs(483,13): warning MSTEST0037: Use 'Assert.IsEmpty' instead of 'Assert.AreEqual' (https://learn.microsoft.com/dotnet/core/testing/mstest-analyzers/mstest0037) [C:\projects\antigravity\gridiron\UnitTestProject1\UnitTestProject1.csproj]
C:\projects\antigravity\gridiron\UnitTestProject1\ReplaySeedableRandomTests.cs(531,13): warning MSTEST0037: Use 'Assert.HasCount' instead of 'Assert.AreEqual' (https://learn.microsoft.com/dotnet/core/testing/mstest-analyzers/mstest0037) [C:\projects\antigravity\gridiron\UnitTestProject1\UnitTestProject1.csproj]
C:\projects\antigravity\gridiron\UnitTestProject1\ReplaySeedableRandomTests.cs(507,13): warning MSTEST0037: Use 'Assert.IsEmpty' instead of 'Assert.AreEqual' (https://learn.microsoft.com/dotnet/core/testing/mstest-analyzers/mstest0037) [C:\projects\antigravity\gridiron\UnitTestProject1\UnitTestProject1.csproj]
C:\projects\antigravity\gridiron\UnitTestProject1\ReplaySeedableRandomTests.cs(508,13): warning MSTEST0037: Use 'Assert.IsEmpty' instead of 'Assert.AreEqual' (https://learn.microsoft.com/dotnet/core/testing/mstest-analyzers/mstest0037) [C:\projects\antigravity\gridiron\UnitTestProject1\UnitTestProject1.csproj]
C:\projects\antigravity\gridiron\UnitTestProject1\ReplaySeedableRandomTests.cs(509,13): warning MSTEST0037: Use 'Assert.IsEmpty' instead of 'Assert.AreEqual' (https://learn.microsoft.com/dotnet/core/testing/mstest-analyzers/mstest0037) [C:\projects\antigravity\gridiron\UnitTestProject1\UnitTestProject1.csproj]
C:\projects\antigravity\gridiron\UnitTestProject1\PuntPlayExecutionTests.cs(500,13): warning MSTEST0037: Use 'Assert.HasCount' instead of 'Assert.AreEqual' (https://learn.microsoft.com/dotnet/core/testing/mstest-analyzers/mstest0037) [C:\projects\antigravity\gridiron\UnitTestProject1\UnitTestProject1.csproj]
C:\projects\antigravity\gridiron\UnitTestProject1\RunPlayExecutionTests.cs(403,13): warning MSTEST0037: Use 'Assert.IsGreaterThanOrEqualTo' instead of 'Assert.IsTrue' (https://learn.microsoft.com/dotnet/core/testing/mstest-analyzers/mstest0037) [C:\projects\antigravity\gridiron\UnitTestProject1\UnitTestProject1.csproj]
C:\projects\antigravity\gridiron\UnitTestProject1\ReplaySeedableRandomTests.cs(580,13): warning MSTEST0037: Use 'Assert.HasCount' instead of 'Assert.AreEqual' (https://learn.microsoft.com/dotnet/core/testing/mstest-analyzers/mstest0037) [C:\projects\antigravity\gridiron\UnitTestProject1\UnitTestProject1.csproj]
C:\projects\antigravity\gridiron\UnitTestProject1\PassPlaySkillsChecksTests.cs(538,13): warning MSTEST0037: Use 'Assert.IsGreaterThan' instead of 'Assert.IsTrue' (https://learn.microsoft.com/dotnet/core/testing/mstest-analyzers/mstest0037) [C:\projects\antigravity\gridiron\UnitTestProject1\UnitTestProject1.csproj]
C:\projects\antigravity\gridiron\UnitTestProject1\PassPlaySkillsChecksTests.cs(539,13): warning MSTEST0037: Use 'Assert.IsLessThan' instead of 'Assert.IsTrue' (https://learn.microsoft.com/dotnet/core/testing/mstest-analyzers/mstest0037) [C:\projects\antigravity\gridiron\UnitTestProject1\UnitTestProject1.csproj]
C:\projects\antigravity\gridiron\UnitTestProject1\PuntPlayExecutionTests.cs(546,13): warning MSTEST0037: Use 'Assert.IsGreaterThanOrEqualTo' instead of 'Assert.IsTrue' (https://learn.microsoft.com/dotnet/core/testing/mstest-analyzers/mstest0037) [C:\projects\antigravity\gridiron\UnitTestProject1\UnitTestProject1.csproj]
C:\projects\antigravity\gridiron\UnitTestProject1\PassPlaySkillsChecksTests.cs(571,13): warning MSTEST0037: Use 'Assert.IsGreaterThan' instead of 'Assert.IsTrue' (https://learn.microsoft.com/dotnet/core/testing/mstest-analyzers/mstest0037) [C:\projects\antigravity\gridiron\UnitTestProject1\UnitTestProject1.csproj]
C:\projects\antigravity\gridiron\UnitTestProject1\PassPlaySkillsChecksTests.cs(572,13): warning MSTEST0037: Use 'Assert.IsLessThan' instead of 'Assert.IsTrue' (https://learn.microsoft.com/dotnet/core/testing/mstest-analyzers/mstest0037) [C:\projects\antigravity\gridiron\UnitTestProject1\UnitTestProject1.csproj]
C:\projects\antigravity\gridiron\UnitTestProject1\SkillsCheckResultsTests.cs(148,13): warning MSTEST0037: Use 'Assert.IsGreaterThanOrEqualTo' instead of 'Assert.IsTrue' (https://learn.microsoft.com/dotnet/core/testing/mstest-analyzers/mstest0037) [C:\projects\antigravity\gridiron\UnitTestProject1\UnitTestProject1.csproj]
C:\projects\antigravity\gridiron\UnitTestProject1\SkillsCheckResultsTests.cs(149,13): warning MSTEST0037: Use 'Assert.IsLessThan' instead of 'Assert.IsTrue' (https://learn.microsoft.com/dotnet/core/testing/mstest-analyzers/mstest0037) [C:\projects\antigravity\gridiron\UnitTestProject1\UnitTestProject1.csproj]
C:\projects\antigravity\gridiron\UnitTestProject1\SkillsCheckResultsTests.cs(165,13): warning MSTEST0037: Use 'Assert.IsGreaterThanOrEqualTo' instead of 'Assert.IsTrue' (https://learn.microsoft.com/dotnet/core/testing/mstest-analyzers/mstest0037) [C:\projects\antigravity\gridiron\UnitTestProject1\UnitTestProject1.csproj]
C:\projects\antigravity\gridiron\UnitTestProject1\SkillsCheckResultsTests.cs(166,13): warning MSTEST0037: Use 'Assert.IsLessThan' instead of 'Assert.IsTrue' (https://learn.microsoft.com/dotnet/core/testing/mstest-analyzers/mstest0037) [C:\projects\antigravity\gridiron\UnitTestProject1\UnitTestProject1.csproj]
C:\projects\antigravity\gridiron\UnitTestProject1\SkillsCheckResultsTests.cs(199,13): warning MSTEST0037: Use 'Assert.IsGreaterThanOrEqualTo' instead of 'Assert.IsTrue' (https://learn.microsoft.com/dotnet/core/testing/mstest-analyzers/mstest0037) [C:\projects\antigravity\gridiron\UnitTestProject1\UnitTestProject1.csproj]
C:\projects\antigravity\gridiron\UnitTestProject1\SkillsCheckResultsTests.cs(200,13): warning MSTEST0037: Use 'Assert.IsLessThan' instead of 'Assert.IsTrue' (https://learn.microsoft.com/dotnet/core/testing/mstest-analyzers/mstest0037) [C:\projects\antigravity\gridiron\UnitTestProject1\UnitTestProject1.csproj]
C:\projects\antigravity\gridiron\UnitTestProject1\KickoffPlayExecutionTests.cs(685,13): warning MSTEST0037: Use 'Assert.IsGreaterThan' instead of 'Assert.IsTrue' (https://learn.microsoft.com/dotnet/core/testing/mstest-analyzers/mstest0037) [C:\projects\antigravity\gridiron\UnitTestProject1\UnitTestProject1.csproj]
C:\projects\antigravity\gridiron\UnitTestProject1\SkillsCheckResultsTests.cs(182,13): warning MSTEST0037: Use 'Assert.IsGreaterThanOrEqualTo' instead of 'Assert.IsTrue' (https://learn.microsoft.com/dotnet/core/testing/mstest-analyzers/mstest0037) [C:\projects\antigravity\gridiron\UnitTestProject1\UnitTestProject1.csproj]
C:\projects\antigravity\gridiron\UnitTestProject1\SkillsCheckResultsTests.cs(183,13): warning MSTEST0037: Use 'Assert.IsLessThan' instead of 'Assert.IsTrue' (https://learn.microsoft.com/dotnet/core/testing/mstest-analyzers/mstest0037) [C:\projects\antigravity\gridiron\UnitTestProject1\UnitTestProject1.csproj]
C:\projects\antigravity\gridiron\UnitTestProject1\RunPlayExecutionTests.cs(438,13): warning MSTEST0037: Use 'Assert.IsGreaterThan' instead of 'Assert.IsTrue' (https://learn.microsoft.com/dotnet/core/testing/mstest-analyzers/mstest0037) [C:\projects\antigravity\gridiron\UnitTestProject1\UnitTestProject1.csproj]
C:\projects\antigravity\gridiron\UnitTestProject1\PassPlayExecutionTests.cs(544,13): warning MSTEST0037: Use 'Assert.IsGreaterThan' instead of 'Assert.IsTrue' (https://learn.microsoft.com/dotnet/core/testing/mstest-analyzers/mstest0037) [C:\projects\antigravity\gridiron\UnitTestProject1\UnitTestProject1.csproj]
C:\projects\antigravity\gridiron\UnitTestProject1\PuntPlayExecutionTests.cs(589,13): warning MSTEST0037: Use 'Assert.IsGreaterThan' instead of 'Assert.IsTrue' (https://learn.microsoft.com/dotnet/core/testing/mstest-analyzers/mstest0037) [C:\projects\antigravity\gridiron\UnitTestProject1\UnitTestProject1.csproj]
C:\projects\antigravity\gridiron\UnitTestProject1\PassPlaySkillsChecksTests.cs(604,13): warning MSTEST0037: Use 'Assert.IsLessThan' instead of 'Assert.IsTrue' (https://learn.microsoft.com/dotnet/core/testing/mstest-analyzers/mstest0037) [C:\projects\antigravity\gridiron\UnitTestProject1\UnitTestProject1.csproj]
C:\projects\antigravity\gridiron\UnitTestProject1\SkillsCheckResultsTests.cs(218,13): warning MSTEST0037: Use 'Assert.IsGreaterThanOrEqualTo' instead of 'Assert.IsTrue' (https://learn.microsoft.com/dotnet/core/testing/mstest-analyzers/mstest0037) [C:\projects\antigravity\gridiron\UnitTestProject1\UnitTestProject1.csproj]
C:\projects\antigravity\gridiron\UnitTestProject1\PassPlaySkillsChecksTests.cs(605,13): warning MSTEST0037: Use 'Assert.IsGreaterThan' instead of 'Assert.IsTrue' (https://learn.microsoft.com/dotnet/core/testing/mstest-analyzers/mstest0037) [C:\projects\antigravity\gridiron\UnitTestProject1\UnitTestProject1.csproj]
C:\projects\antigravity\gridiron\UnitTestProject1\SkillsCheckResultsTests.cs(219,13): warning MSTEST0037: Use 'Assert.IsLessThan' instead of 'Assert.IsTrue' (https://learn.microsoft.com/dotnet/core/testing/mstest-analyzers/mstest0037) [C:\projects\antigravity\gridiron\UnitTestProject1\UnitTestProject1.csproj]
C:\projects\antigravity\gridiron\UnitTestProject1\SkillsCheckResultsTests.cs(235,13): warning MSTEST0037: Use 'Assert.IsGreaterThanOrEqualTo' instead of 'Assert.IsTrue' (https://learn.microsoft.com/dotnet/core/testing/mstest-analyzers/mstest0037) [C:\projects\antigravity\gridiron\UnitTestProject1\UnitTestProject1.csproj]
C:\projects\antigravity\gridiron\UnitTestProject1\SkillsCheckResultsTests.cs(236,13): warning MSTEST0037: Use 'Assert.IsLessThan' instead of 'Assert.IsTrue' (https://learn.microsoft.com/dotnet/core/testing/mstest-analyzers/mstest0037) [C:\projects\antigravity\gridiron\UnitTestProject1\UnitTestProject1.csproj]
C:\projects\antigravity\gridiron\UnitTestProject1\PlayArchitectureTests.cs(680,13): warning MSTEST0037: Use 'Assert.HasCount' instead of 'Assert.AreEqual' (https://learn.microsoft.com/dotnet/core/testing/mstest-analyzers/mstest0037) [C:\projects\antigravity\gridiron\UnitTestProject1\UnitTestProject1.csproj]
C:\projects\antigravity\gridiron\UnitTestProject1\TeamsDepthChartTests.cs(17,13): warning MSTEST0037: Use 'Assert.IsNotEmpty' instead of 'Assert.IsTrue' (https://learn.microsoft.com/dotnet/core/testing/mstest-analyzers/mstest0037) [C:\projects\antigravity\gridiron\UnitTestProject1\UnitTestProject1.csproj]
C:\projects\antigravity\gridiron\UnitTestProject1\SpecialTeamsSubstitutionTests.cs(45,13): warning MSTEST0037: Use 'Assert.HasCount' instead of 'Assert.AreEqual' (https://learn.microsoft.com/dotnet/core/testing/mstest-analyzers/mstest0037) [C:\projects\antigravity\gridiron\UnitTestProject1\UnitTestProject1.csproj]
C:\projects\antigravity\gridiron\UnitTestProject1\ReplaySeedableRandomTests.cs(602,13): warning MSTEST0037: Use 'Assert.HasCount' instead of 'Assert.AreEqual' (https://learn.microsoft.com/dotnet/core/testing/mstest-analyzers/mstest0037) [C:\projects\antigravity\gridiron\UnitTestProject1\UnitTestProject1.csproj]
C:\projects\antigravity\gridiron\UnitTestProject1\SkillsCheckResultsTests.cs(256,13): warning MSTEST0037: Use 'Assert.IsLessThan' instead of 'Assert.IsTrue' (https://learn.microsoft.com/dotnet/core/testing/mstest-analyzers/mstest0037) [C:\projects\antigravity\gridiron\UnitTestProject1\UnitTestProject1.csproj]
C:\projects\antigravity\gridiron\UnitTestProject1\SkillsCheckResultsTests.cs(257,13): warning MSTEST0037: Use 'Assert.IsGreaterThanOrEqualTo' instead of 'Assert.IsTrue' (https://learn.microsoft.com/dotnet/core/testing/mstest-analyzers/mstest0037) [C:\projects\antigravity\gridiron\UnitTestProject1\UnitTestProject1.csproj]
C:\projects\antigravity\gridiron\UnitTestProject1\SkillsCheckResultsTests.cs(258,13): warning MSTEST0037: Use 'Assert.IsLessThanOrEqualTo' instead of 'Assert.IsTrue' (https://learn.microsoft.com/dotnet/core/testing/mstest-analyzers/mstest0037) [C:\projects\antigravity\gridiron\UnitTestProject1\UnitTestProject1.csproj]
C:\projects\antigravity\gridiron\UnitTestProject1\TimeConsumptionTests.cs(52,13): warning MSTEST0037: Use 'Assert.IsGreaterThan' instead of 'Assert.IsTrue' (https://learn.microsoft.com/dotnet/core/testing/mstest-analyzers/mstest0037) [C:\projects\antigravity\gridiron\UnitTestProject1\UnitTestProject1.csproj]
C:\projects\antigravity\gridiron\UnitTestProject1\SpecialTeamsSubstitutionTests.cs(65,13): warning MSTEST0037: Use 'Assert.HasCount' instead of 'Assert.AreEqual' (https://learn.microsoft.com/dotnet/core/testing/mstest-analyzers/mstest0037) [C:\projects\antigravity\gridiron\UnitTestProject1\UnitTestProject1.csproj]
C:\projects\antigravity\gridiron\UnitTestProject1\PuntPlayExecutionTests.cs(645,13): warning MSTEST0037: Use 'Assert.IsGreaterThanOrEqualTo' instead of 'Assert.IsTrue' (https://learn.microsoft.com/dotnet/core/testing/mstest-analyzers/mstest0037) [C:\projects\antigravity\gridiron\UnitTestProject1\UnitTestProject1.csproj]
C:\projects\antigravity\gridiron\UnitTestProject1\PuntPlayExecutionTests.cs(646,13): warning MSTEST0037: Use 'Assert.IsLessThan' instead of 'Assert.IsTrue' (https://learn.microsoft.com/dotnet/core/testing/mstest-analyzers/mstest0037) [C:\projects\antigravity\gridiron\UnitTestProject1\UnitTestProject1.csproj]
C:\projects\antigravity\gridiron\UnitTestProject1\PuntPlayExecutionTests.cs(665,13): warning MSTEST0037: Use 'Assert.IsGreaterThanOrEqualTo' instead of 'Assert.IsTrue' (https://learn.microsoft.com/dotnet/core/testing/mstest-analyzers/mstest0037) [C:\projects\antigravity\gridiron\UnitTestProject1\UnitTestProject1.csproj]
C:\projects\antigravity\gridiron\UnitTestProject1\PuntPlayExecutionTests.cs(666,13): warning MSTEST0037: Use 'Assert.IsLessThanOrEqualTo' instead of 'Assert.IsTrue' (https://learn.microsoft.com/dotnet/core/testing/mstest-analyzers/mstest0037) [C:\projects\antigravity\gridiron\UnitTestProject1\UnitTestProject1.csproj]
C:\projects\antigravity\gridiron\UnitTestProject1\RunPlayExecutionTests.cs(464,13): warning MSTEST0037: Use 'Assert.HasCount' instead of 'Assert.AreEqual' (https://learn.microsoft.com/dotnet/core/testing/mstest-analyzers/mstest0037) [C:\projects\antigravity\gridiron\UnitTestProject1\UnitTestProject1.csproj]
C:\projects\antigravity\gridiron\UnitTestProject1\RunPlayExecutionTests.cs(466,13): warning MSTEST0037: Use 'Assert.IsGreaterThanOrEqualTo' instead of 'Assert.IsTrue' (https://learn.microsoft.com/dotnet/core/testing/mstest-analyzers/mstest0037) [C:\projects\antigravity\gridiron\UnitTestProject1\UnitTestProject1.csproj]
C:\projects\antigravity\gridiron\UnitTestProject1\ThirdDownConversionTests.cs(33,13): warning MSTEST0037: Use 'Assert.IsGreaterThanOrEqualTo' instead of 'Assert.IsTrue' (https://learn.microsoft.com/dotnet/core/testing/mstest-analyzers/mstest0037) [C:\projects\antigravity\gridiron\UnitTestProject1\UnitTestProject1.csproj]
C:\projects\antigravity\gridiron\UnitTestProject1\TimeConsumptionTests.cs(107,13): warning MSTEST0037: Use 'Assert.IsGreaterThan' instead of 'Assert.IsTrue' (https://learn.microsoft.com/dotnet/core/testing/mstest-analyzers/mstest0037) [C:\projects\antigravity\gridiron\UnitTestProject1\UnitTestProject1.csproj]
C:\projects\antigravity\gridiron\UnitTestProject1\KickoffPlayExecutionTests.cs(707,13): warning MSTEST0037: Use 'Assert.IsGreaterThanOrEqualTo' instead of 'Assert.IsTrue' (https://learn.microsoft.com/dotnet/core/testing/mstest-analyzers/mstest0037) [C:\projects\antigravity\gridiron\UnitTestProject1\UnitTestProject1.csproj]
C:\projects\antigravity\gridiron\UnitTestProject1\SpecialTeamsSubstitutionTests.cs(90,13): warning MSTEST0037: Use 'Assert.Contains' instead of 'Assert.IsTrue' (https://learn.microsoft.com/dotnet/core/testing/mstest-analyzers/mstest0037) [C:\projects\antigravity\gridiron\UnitTestProject1\UnitTestProject1.csproj]
C:\projects\antigravity\gridiron\UnitTestProject1\PassPlaySkillsChecksTests.cs(637,13): warning MSTEST0037: Use 'Assert.IsLessThan' instead of 'Assert.IsTrue' (https://learn.microsoft.com/dotnet/core/testing/mstest-analyzers/mstest0037) [C:\projects\antigravity\gridiron\UnitTestProject1\UnitTestProject1.csproj]
C:\projects\antigravity\gridiron\UnitTestProject1\PassPlaySkillsChecksTests.cs(638,13): warning MSTEST0037: Use 'Assert.IsGreaterThan' instead of 'Assert.IsTrue' (https://learn.microsoft.com/dotnet/core/testing/mstest-analyzers/mstest0037) [C:\projects\antigravity\gridiron\UnitTestProject1\UnitTestProject1.csproj]
C:\projects\antigravity\gridiron\UnitTestProject1\KickoffPlayExecutionTests.cs(729,13): warning MSTEST0037: Use 'Assert.IsLessThanOrEqualTo' instead of 'Assert.IsTrue' (https://learn.microsoft.com/dotnet/core/testing/mstest-analyzers/mstest0037) [C:\projects\antigravity\gridiron\UnitTestProject1\UnitTestProject1.csproj]
C:\projects\antigravity\gridiron\UnitTestProject1\RunPlayExecutionTests.cs(494,13): warning MSTEST0037: Use 'Assert.IsGreaterThanOrEqualTo' instead of 'Assert.IsTrue' (https://learn.microsoft.com/dotnet/core/testing/mstest-analyzers/mstest0037) [C:\projects\antigravity\gridiron\UnitTestProject1\UnitTestProject1.csproj]
C:\projects\antigravity\gridiron\UnitTestProject1\TeamsDepthChartTests.cs(33,13): warning MSTEST0037: Use 'Assert.HasCount' instead of 'Assert.AreEqual' (https://learn.microsoft.com/dotnet/core/testing/mstest-analyzers/mstest0037) [C:\projects\antigravity\gridiron\UnitTestProject1\UnitTestProject1.csproj]
C:\projects\antigravity\gridiron\UnitTestProject1\SpecialTeamsSubstitutionTests.cs(141,13): warning MSTEST0037: Use 'Assert.HasCount' instead of 'Assert.AreEqual' (https://learn.microsoft.com/dotnet/core/testing/mstest-analyzers/mstest0037) [C:\projects\antigravity\gridiron\UnitTestProject1\UnitTestProject1.csproj]
C:\projects\antigravity\gridiron\UnitTestProject1\ThirdDownConversionTests.cs(70,13): warning MSTEST0037: Use 'Assert.IsGreaterThanOrEqualTo' instead of 'Assert.IsTrue' (https://learn.microsoft.com/dotnet/core/testing/mstest-analyzers/mstest0037) [C:\projects\antigravity\gridiron\UnitTestProject1\UnitTestProject1.csproj]
C:\projects\antigravity\gridiron\UnitTestProject1\SkillsCheckResultsTests.cs(330,13): warning MSTEST0037: Use 'Assert.IsGreaterThanOrEqualTo' instead of 'Assert.IsTrue' (https://learn.microsoft.com/dotnet/core/testing/mstest-analyzers/mstest0037) [C:\projects\antigravity\gridiron\UnitTestProject1\UnitTestProject1.csproj]
C:\projects\antigravity\gridiron\UnitTestProject1\SkillsCheckResultsTests.cs(331,13): warning MSTEST0037: Use 'Assert.IsLessThan' instead of 'Assert.IsTrue' (https://learn.microsoft.com/dotnet/core/testing/mstest-analyzers/mstest0037) [C:\projects\antigravity\gridiron\UnitTestProject1\UnitTestProject1.csproj]
C:\projects\antigravity\gridiron\UnitTestProject1\RunPlayExecutionTests.cs(515,13): warning MSTEST0037: Use 'Assert.IsLessThanOrEqualTo' instead of 'Assert.IsTrue' (https://learn.microsoft.com/dotnet/core/testing/mstest-analyzers/mstest0037) [C:\projects\antigravity\gridiron\UnitTestProject1\UnitTestProject1.csproj]
C:\projects\antigravity\gridiron\UnitTestProject1\KickoffPlayExecutionTests.cs(754,13): warning MSTEST0037: Use 'Assert.IsNotEmpty' instead of 'Assert.IsTrue' (https://learn.microsoft.com/dotnet/core/testing/mstest-analyzers/mstest0037) [C:\projects\antigravity\gridiron\UnitTestProject1\UnitTestProject1.csproj]
C:\projects\antigravity\gridiron\UnitTestProject1\KickoffPlayExecutionTests.cs(755,13): warning MSTEST0037: Use 'Assert.IsGreaterThanOrEqualTo' instead of 'Assert.IsTrue' (https://learn.microsoft.com/dotnet/core/testing/mstest-analyzers/mstest0037) [C:\projects\antigravity\gridiron\UnitTestProject1\UnitTestProject1.csproj]
C:\projects\antigravity\gridiron\UnitTestProject1\ReplaySeedableRandomTests.cs(660,13): warning MSTEST0037: Use 'Assert.HasCount' instead of 'Assert.AreEqual' (https://learn.microsoft.com/dotnet/core/testing/mstest-analyzers/mstest0037) [C:\projects\antigravity\gridiron\UnitTestProject1\UnitTestProject1.csproj]
C:\projects\antigravity\gridiron\UnitTestProject1\ReplaySeedableRandomTests.cs(661,13): warning MSTEST0037: Use 'Assert.HasCount' instead of 'Assert.AreEqual' (https://learn.microsoft.com/dotnet/core/testing/mstest-analyzers/mstest0037) [C:\projects\antigravity\gridiron\UnitTestProject1\UnitTestProject1.csproj]
C:\projects\antigravity\gridiron\UnitTestProject1\ReplaySeedableRandomTests.cs(662,13): warning MSTEST0037: Use 'Assert.HasCount' instead of 'Assert.AreEqual' (https://learn.microsoft.com/dotnet/core/testing/mstest-analyzers/mstest0037) [C:\projects\antigravity\gridiron\UnitTestProject1\UnitTestProject1.csproj]
C:\projects\antigravity\gridiron\UnitTestProject1\SpecialTeamsSubstitutionTests.cs(161,13): warning MSTEST0037: Use 'Assert.HasCount' instead of 'Assert.AreEqual' (https://learn.microsoft.com/dotnet/core/testing/mstest-analyzers/mstest0037) [C:\projects\antigravity\gridiron\UnitTestProject1\UnitTestProject1.csproj]
C:\projects\antigravity\gridiron\UnitTestProject1\TimeConsumptionTests.cs(141,13): warning MSTEST0037: Use 'Assert.IsGreaterThan' instead of 'Assert.IsTrue' (https://learn.microsoft.com/dotnet/core/testing/mstest-analyzers/mstest0037) [C:\projects\antigravity\gridiron\UnitTestProject1\UnitTestProject1.csproj]
C:\projects\antigravity\gridiron\UnitTestProject1\TeamsDepthChartTests.cs(52,13): warning MSTEST0037: Use 'Assert.HasCount' instead of 'Assert.AreEqual' (https://learn.microsoft.com/dotnet/core/testing/mstest-analyzers/mstest0037) [C:\projects\antigravity\gridiron\UnitTestProject1\UnitTestProject1.csproj]
C:\projects\antigravity\gridiron\UnitTestProject1\ThirdDownConversionTests.cs(88,13): warning MSTEST0037: Use 'Assert.IsLessThan' instead of 'Assert.IsTrue' (https://learn.microsoft.com/dotnet/core/testing/mstest-analyzers/mstest0037) [C:\projects\antigravity\gridiron\UnitTestProject1\UnitTestProject1.csproj]
C:\projects\antigravity\gridiron\UnitTestProject1\SkillsCheckResultsTests.cs(354,13): warning MSTEST0037: Use 'Assert.IsGreaterThan' instead of 'Assert.IsTrue' (https://learn.microsoft.com/dotnet/core/testing/mstest-analyzers/mstest0037) [C:\projects\antigravity\gridiron\UnitTestProject1\UnitTestProject1.csproj]
C:\projects\antigravity\gridiron\UnitTestProject1\SkillsCheckResultsTests.cs(355,13): warning MSTEST0037: Use 'Assert.IsLessThan' instead of 'Assert.IsTrue' (https://learn.microsoft.com/dotnet/core/testing/mstest-analyzers/mstest0037) [C:\projects\antigravity\gridiron\UnitTestProject1\UnitTestProject1.csproj]
C:\projects\antigravity\gridiron\UnitTestProject1\SpecialTeamsSubstitutionTests.cs(189,13): warning MSTEST0037: Use 'Assert.Contains' instead of 'Assert.IsTrue' (https://learn.microsoft.com/dotnet/core/testing/mstest-analyzers/mstest0037) [C:\projects\antigravity\gridiron\UnitTestProject1\UnitTestProject1.csproj]
C:\projects\antigravity\gridiron\UnitTestProject1\SpecialTeamsSubstitutionTests.cs(221,13): warning MSTEST0037: Use 'Assert.Contains' instead of 'Assert.IsTrue' (https://learn.microsoft.com/dotnet/core/testing/mstest-analyzers/mstest0037) [C:\projects\antigravity\gridiron\UnitTestProject1\UnitTestProject1.csproj]
C:\projects\antigravity\gridiron\UnitTestProject1\TeamsDepthChartTests.cs(68,13): warning MSTEST0037: Use 'Assert.HasCount' instead of 'Assert.AreEqual' (https://learn.microsoft.com/dotnet/core/testing/mstest-analyzers/mstest0037) [C:\projects\antigravity\gridiron\UnitTestProject1\UnitTestProject1.csproj]
C:\projects\antigravity\gridiron\UnitTestProject1\PuntPlayExecutionTests.cs(783,13): warning MSTEST0037: Use 'Assert.IsEmpty' instead of 'Assert.AreEqual' (https://learn.microsoft.com/dotnet/core/testing/mstest-analyzers/mstest0037) [C:\projects\antigravity\gridiron\UnitTestProject1\UnitTestProject1.csproj]
C:\projects\antigravity\gridiron\UnitTestProject1\SkillsCheckResultsTests.cs(376,13): warning MSTEST0037: Use 'Assert.IsGreaterThanOrEqualTo' instead of 'Assert.IsTrue' (https://learn.microsoft.com/dotnet/core/testing/mstest-analyzers/mstest0037) [C:\projects\antigravity\gridiron\UnitTestProject1\UnitTestProject1.csproj]
C:\projects\antigravity\gridiron\UnitTestProject1\SkillsCheckResultsTests.cs(377,13): warning MSTEST0037: Use 'Assert.IsLessThanOrEqualTo' instead of 'Assert.IsTrue' (https://learn.microsoft.com/dotnet/core/testing/mstest-analyzers/mstest0037) [C:\projects\antigravity\gridiron\UnitTestProject1\UnitTestProject1.csproj]
C:\projects\antigravity\gridiron\UnitTestProject1\KickoffPlayExecutionTests.cs(780,13): warning MSTEST0037: Use 'Assert.IsNotEmpty' instead of 'Assert.IsTrue' (https://learn.microsoft.com/dotnet/core/testing/mstest-analyzers/mstest0037) [C:\projects\antigravity\gridiron\UnitTestProject1\UnitTestProject1.csproj]
C:\projects\antigravity\gridiron\UnitTestProject1\PassPlaySkillsChecksTests.cs(670,13): warning MSTEST0037: Use 'Assert.IsGreaterThan' instead of 'Assert.IsTrue' (https://learn.microsoft.com/dotnet/core/testing/mstest-analyzers/mstest0037) [C:\projects\antigravity\gridiron\UnitTestProject1\UnitTestProject1.csproj]
C:\projects\antigravity\gridiron\UnitTestProject1\KickoffPlayExecutionTests.cs(781,13): warning MSTEST0037: Use 'Assert.IsLessThan' instead of 'Assert.IsTrue' (https://learn.microsoft.com/dotnet/core/testing/mstest-analyzers/mstest0037) [C:\projects\antigravity\gridiron\UnitTestProject1\UnitTestProject1.csproj]
C:\projects\antigravity\gridiron\UnitTestProject1\SkillsCheckResultsTests.cs(398,13): warning MSTEST0037: Use 'Assert.IsGreaterThanOrEqualTo' instead of 'Assert.IsTrue' (https://learn.microsoft.com/dotnet/core/testing/mstest-analyzers/mstest0037) [C:\projects\antigravity\gridiron\UnitTestProject1\UnitTestProject1.csproj]
C:\projects\antigravity\gridiron\UnitTestProject1\SkillsCheckResultsTests.cs(399,13): warning MSTEST0037: Use 'Assert.IsLessThanOrEqualTo' instead of 'Assert.IsTrue' (https://learn.microsoft.com/dotnet/core/testing/mstest-analyzers/mstest0037) [C:\projects\antigravity\gridiron\UnitTestProject1\UnitTestProject1.csproj]
C:\projects\antigravity\gridiron\UnitTestProject1\SpecialTeamsSubstitutionTests.cs(245,13): warning MSTEST0037: Use 'Assert.HasCount' instead of 'Assert.AreEqual' (https://learn.microsoft.com/dotnet/core/testing/mstest-analyzers/mstest0037) [C:\projects\antigravity\gridiron\UnitTestProject1\UnitTestProject1.csproj]
C:\projects\antigravity\gridiron\UnitTestProject1\PlayArchitectureTests.cs(815,13): warning MSTEST0037: Use 'Assert.HasCount' instead of 'Assert.AreEqual' (https://learn.microsoft.com/dotnet/core/testing/mstest-analyzers/mstest0037) [C:\projects\antigravity\gridiron\UnitTestProject1\UnitTestProject1.csproj]
C:\projects\antigravity\gridiron\UnitTestProject1\TimeConsumptionTests.cs(177,13): warning MSTEST0037: Use 'Assert.IsGreaterThan' instead of 'Assert.IsTrue' (https://learn.microsoft.com/dotnet/core/testing/mstest-analyzers/mstest0037) [C:\projects\antigravity\gridiron\UnitTestProject1\UnitTestProject1.csproj]
C:\projects\antigravity\gridiron\UnitTestProject1\ThirdDownConversionTests.cs(110,13): warning MSTEST0037: Use 'Assert.IsGreaterThanOrEqualTo' instead of 'Assert.IsTrue' (https://learn.microsoft.com/dotnet/core/testing/mstest-analyzers/mstest0037) [C:\projects\antigravity\gridiron\UnitTestProject1\UnitTestProject1.csproj]
C:\projects\antigravity\gridiron\UnitTestProject1\SpecialTeamsSubstitutionTests.cs(271,13): warning MSTEST0037: Use 'Assert.HasCount' instead of 'Assert.AreEqual' (https://learn.microsoft.com/dotnet/core/testing/mstest-analyzers/mstest0037) [C:\projects\antigravity\gridiron\UnitTestProject1\UnitTestProject1.csproj]
C:\projects\antigravity\gridiron\UnitTestProject1\PuntPlayExecutionTests.cs(802,13): warning MSTEST0037: Use 'Assert.IsNotEmpty' instead of 'Assert.IsTrue' (https://learn.microsoft.com/dotnet/core/testing/mstest-analyzers/mstest0037) [C:\projects\antigravity\gridiron\UnitTestProject1\UnitTestProject1.csproj]
C:\projects\antigravity\gridiron\UnitTestProject1\PuntPlayExecutionTests.cs(804,13): warning MSTEST0037: Use 'Assert.IsGreaterThanOrEqualTo' instead of 'Assert.IsTrue' (https://learn.microsoft.com/dotnet/core/testing/mstest-analyzers/mstest0037) [C:\projects\antigravity\gridiron\UnitTestProject1\UnitTestProject1.csproj]
C:\projects\antigravity\gridiron\UnitTestProject1\SpecialTeamsSubstitutionTests.cs(292,13): warning MSTEST0037: Use 'Assert.HasCount' instead of 'Assert.AreEqual' (https://learn.microsoft.com/dotnet/core/testing/mstest-analyzers/mstest0037) [C:\projects\antigravity\gridiron\UnitTestProject1\UnitTestProject1.csproj]
C:\projects\antigravity\gridiron\UnitTestProject1\SkillsCheckResultsTests.cs(424,13): warning MSTEST0037: Use 'Assert.IsGreaterThanOrEqualTo' instead of 'Assert.IsTrue' (https://learn.microsoft.com/dotnet/core/testing/mstest-analyzers/mstest0037) [C:\projects\antigravity\gridiron\UnitTestProject1\UnitTestProject1.csproj]
C:\projects\antigravity\gridiron\UnitTestProject1\SkillsCheckResultsTests.cs(425,13): warning MSTEST0037: Use 'Assert.IsLessThan' instead of 'Assert.IsTrue' (https://learn.microsoft.com/dotnet/core/testing/mstest-analyzers/mstest0037) [C:\projects\antigravity\gridiron\UnitTestProject1\UnitTestProject1.csproj]
C:\projects\antigravity\gridiron\UnitTestProject1\TeamsDepthChartTests.cs(84,13): warning MSTEST0037: Use 'Assert.HasCount' instead of 'Assert.AreEqual' (https://learn.microsoft.com/dotnet/core/testing/mstest-analyzers/mstest0037) [C:\projects\antigravity\gridiron\UnitTestProject1\UnitTestProject1.csproj]
C:\projects\antigravity\gridiron\UnitTestProject1\SkillsCheckResultsTests.cs(446,13): warning MSTEST0037: Use 'Assert.IsLessThan' instead of 'Assert.IsTrue' (https://learn.microsoft.com/dotnet/core/testing/mstest-analyzers/mstest0037) [C:\projects\antigravity\gridiron\UnitTestProject1\UnitTestProject1.csproj]
C:\projects\antigravity\gridiron\UnitTestProject1\SkillsCheckResultsTests.cs(467,13): warning MSTEST0037: Use 'Assert.IsGreaterThanOrEqualTo' instead of 'Assert.IsTrue' (https://learn.microsoft.com/dotnet/core/testing/mstest-analyzers/mstest0037) [C:\projects\antigravity\gridiron\UnitTestProject1\UnitTestProject1.csproj]
C:\projects\antigravity\gridiron\UnitTestProject1\SpecialTeamsSubstitutionTests.cs(323,13): warning MSTEST0037: Use 'Assert.Contains' instead of 'Assert.IsTrue' (https://learn.microsoft.com/dotnet/core/testing/mstest-analyzers/mstest0037) [C:\projects\antigravity\gridiron\UnitTestProject1\UnitTestProject1.csproj]
C:\projects\antigravity\gridiron\UnitTestProject1\SpecialTeamsSubstitutionTests.cs(358,13): warning MSTEST0037: Use 'Assert.Contains' instead of 'Assert.IsTrue' (https://learn.microsoft.com/dotnet/core/testing/mstest-analyzers/mstest0037) [C:\projects\antigravity\gridiron\UnitTestProject1\UnitTestProject1.csproj]
C:\projects\antigravity\gridiron\UnitTestProject1\ThirdDownConversionTests.cs(128,13): warning MSTEST0037: Use 'Assert.IsLessThan' instead of 'Assert.IsTrue' (https://learn.microsoft.com/dotnet/core/testing/mstest-analyzers/mstest0037) [C:\projects\antigravity\gridiron\UnitTestProject1\UnitTestProject1.csproj]
C:\projects\antigravity\gridiron\UnitTestProject1\ThirdDownConversionTests.cs(147,13): warning MSTEST0037: Use 'Assert.IsGreaterThanOrEqualTo' instead of 'Assert.IsTrue' (https://learn.microsoft.com/dotnet/core/testing/mstest-analyzers/mstest0037) [C:\projects\antigravity\gridiron\UnitTestProject1\UnitTestProject1.csproj]
C:\projects\antigravity\gridiron\UnitTestProject1\SpecialTeamsSubstitutionTests.cs(392,13): warning MSTEST0037: Use 'Assert.Contains' instead of 'Assert.IsTrue' (https://learn.microsoft.com/dotnet/core/testing/mstest-analyzers/mstest0037) [C:\projects\antigravity\gridiron\UnitTestProject1\UnitTestProject1.csproj]
C:\projects\antigravity\gridiron\UnitTestProject1\ThirdDownConversionTests.cs(169,13): warning MSTEST0037: Use 'Assert.IsGreaterThanOrEqualTo' instead of 'Assert.IsTrue' (https://learn.microsoft.com/dotnet/core/testing/mstest-analyzers/mstest0037) [C:\projects\antigravity\gridiron\UnitTestProject1\UnitTestProject1.csproj]
C:\projects\antigravity\gridiron\UnitTestProject1\PlayArchitectureTests.cs(903,13): warning MSTEST0037: Use 'Assert.HasCount' instead of 'Assert.AreEqual' (https://learn.microsoft.com/dotnet/core/testing/mstest-analyzers/mstest0037) [C:\projects\antigravity\gridiron\UnitTestProject1\UnitTestProject1.csproj]
C:\projects\antigravity\gridiron\UnitTestProject1\PuntPlayExecutionTests.cs(867,13): warning MSTEST0037: Use 'Assert.IsNotEmpty' instead of 'Assert.IsTrue' (https://learn.microsoft.com/dotnet/core/testing/mstest-analyzers/mstest0037) [C:\projects\antigravity\gridiron\UnitTestProject1\UnitTestProject1.csproj]
C:\projects\antigravity\gridiron\UnitTestProject1\ThirdDownConversionTests.cs(188,13): warning MSTEST0037: Use 'Assert.IsGreaterThanOrEqualTo' instead of 'Assert.IsTrue' (https://learn.microsoft.com/dotnet/core/testing/mstest-analyzers/mstest0037) [C:\projects\antigravity\gridiron\UnitTestProject1\UnitTestProject1.csproj]
C:\projects\antigravity\gridiron\UnitTestProject1\PlayArchitectureTests.cs(1003,13): warning MSTEST0037: Use 'Assert.HasCount' instead of 'Assert.AreEqual' (https://learn.microsoft.com/dotnet/core/testing/mstest-analyzers/mstest0037) [C:\projects\antigravity\gridiron\UnitTestProject1\UnitTestProject1.csproj]
C:\projects\antigravity\gridiron\UnitTestProject1\SpecialTeamsSubstitutionTests.cs(445,13): warning MSTEST0037: Use 'Assert.HasCount' instead of 'Assert.AreEqual' (https://learn.microsoft.com/dotnet/core/testing/mstest-analyzers/mstest0037) [C:\projects\antigravity\gridiron\UnitTestProject1\UnitTestProject1.csproj]
C:\projects\antigravity\gridiron\UnitTestProject1\PuntPlayExecutionTests.cs(893,13): warning MSTEST0037: Use 'Assert.IsNotEmpty' instead of 'Assert.IsTrue' (https://learn.microsoft.com/dotnet/core/testing/mstest-analyzers/mstest0037) [C:\projects\antigravity\gridiron\UnitTestProject1\UnitTestProject1.csproj]
C:\projects\antigravity\gridiron\UnitTestProject1\ThirdDownConversionTests.cs(224,13): warning MSTEST0037: Use 'Assert.IsLessThan' instead of 'Assert.IsTrue' (https://learn.microsoft.com/dotnet/core/testing/mstest-analyzers/mstest0037) [C:\projects\antigravity\gridiron\UnitTestProject1\UnitTestProject1.csproj]
C:\projects\antigravity\gridiron\UnitTestProject1\PuntPlayExecutionTests.cs(913,13): warning MSTEST0037: Use 'Assert.IsGreaterThan' instead of 'Assert.IsTrue' (https://learn.microsoft.com/dotnet/core/testing/mstest-analyzers/mstest0037) [C:\projects\antigravity\gridiron\UnitTestProject1\UnitTestProject1.csproj]
C:\projects\antigravity\gridiron\UnitTestProject1\PlayArchitectureTests.cs(1051,13): warning MSTEST0037: Use 'Assert.HasCount' instead of 'Assert.AreEqual' (https://learn.microsoft.com/dotnet/core/testing/mstest-analyzers/mstest0037) [C:\projects\antigravity\gridiron\UnitTestProject1\UnitTestProject1.csproj]
C:\projects\antigravity\gridiron\UnitTestProject1\PuntPlayExecutionTests.cs(934,17): warning MSTEST0037: Use 'Assert.IsGreaterThan' instead of 'Assert.IsTrue' (https://learn.microsoft.com/dotnet/core/testing/mstest-analyzers/mstest0037) [C:\projects\antigravity\gridiron\UnitTestProject1\UnitTestProject1.csproj]
C:\projects\antigravity\gridiron\UnitTestProject1\PuntPlayExecutionTests.cs(955,13): warning MSTEST0037: Use 'Assert.IsLessThan' instead of 'Assert.IsTrue' (https://learn.microsoft.com/dotnet/core/testing/mstest-analyzers/mstest0037) [C:\projects\antigravity\gridiron\UnitTestProject1\UnitTestProject1.csproj]
C:\projects\antigravity\gridiron\UnitTestProject1\PuntPlayExecutionTests.cs(956,13): warning MSTEST0037: Use 'Assert.IsGreaterThanOrEqualTo' instead of 'Assert.IsTrue' (https://learn.microsoft.com/dotnet/core/testing/mstest-analyzers/mstest0037) [C:\projects\antigravity\gridiron\UnitTestProject1\UnitTestProject1.csproj]
C:\projects\antigravity\gridiron\UnitTestProject1\SpecialTeamsSubstitutionTests.cs(486,13): warning MSTEST0037: Use 'Assert.HasCount' instead of 'Assert.AreEqual' (https://learn.microsoft.com/dotnet/core/testing/mstest-analyzers/mstest0037) [C:\projects\antigravity\gridiron\UnitTestProject1\UnitTestProject1.csproj]
C:\projects\antigravity\gridiron\UnitTestProject1\SpecialTeamsSubstitutionTests.cs(529,13): warning MSTEST0037: Use 'Assert.Contains' instead of 'Assert.IsTrue' (https://learn.microsoft.com/dotnet/core/testing/mstest-analyzers/mstest0037) [C:\projects\antigravity\gridiron\UnitTestProject1\UnitTestProject1.csproj]
C:\projects\antigravity\gridiron\UnitTestProject1\SpecialTeamsSubstitutionTests.cs(533,13): warning MSTEST0037: Use 'Assert.HasCount' instead of 'Assert.AreEqual' (https://learn.microsoft.com/dotnet/core/testing/mstest-analyzers/mstest0037) [C:\projects\antigravity\gridiron\UnitTestProject1\UnitTestProject1.csproj]
C:\projects\antigravity\gridiron\UnitTestProject1\TouchdownConversionFlowTests.cs(407,13): warning MSTEST0037: Use 'Assert.HasCount' instead of 'Assert.AreEqual' (https://learn.microsoft.com/dotnet/core/testing/mstest-analyzers/mstest0037) [C:\projects\antigravity\gridiron\UnitTestProject1\UnitTestProject1.csproj]
C:\projects\antigravity\gridiron\UnitTestProject1\TouchdownConversionFlowTests.cs(408,13): warning MSTEST0037: Use 'Assert.HasCount' instead of 'Assert.AreEqual' (https://learn.microsoft.com/dotnet/core/testing/mstest-analyzers/mstest0037) [C:\projects\antigravity\gridiron\UnitTestProject1\UnitTestProject1.csproj]
C:\projects\antigravity\gridiron\UnitTestProject1\SpecialTeamsSubstitutionTests.cs(560,13): warning MSTEST0037: Use 'Assert.Contains' instead of 'Assert.IsTrue' (https://learn.microsoft.com/dotnet/core/testing/mstest-analyzers/mstest0037) [C:\projects\antigravity\gridiron\UnitTestProject1\UnitTestProject1.csproj]
C:\projects\antigravity\gridiron\UnitTestProject1\SpecialTeamsSubstitutionTests.cs(564,13): warning MSTEST0037: Use 'Assert.HasCount' instead of 'Assert.AreEqual' (https://learn.microsoft.com/dotnet/core/testing/mstest-analyzers/mstest0037) [C:\projects\antigravity\gridiron\UnitTestProject1\UnitTestProject1.csproj]
C:\projects\antigravity\gridiron\UnitTestProject1\PlayArchitectureTests.cs(1117,13): warning MSTEST0037: Use 'Assert.HasCount' instead of 'Assert.AreEqual' (https://learn.microsoft.com/dotnet/core/testing/mstest-analyzers/mstest0037) [C:\projects\antigravity\gridiron\UnitTestProject1\UnitTestProject1.csproj]

Build FAILED.

C:\projects\antigravity\gridiron\UnitTestProject1\Helpers\InMemoryLogger.cs(23,28): warning CS8633: Nullability in constraints for type parameter 'TState' of method 'InMemoryLogger.BeginScope<TState>(TState)' doesn't match the constraints for type parameter 'TState' of interface method 'ILogger.BeginScope<TState>(TState)'. Consider using an explicit interface implementation instead. [C:\projects\antigravity\gridiron\UnitTestProject1\UnitTestProject1.csproj]
C:\projects\antigravity\gridiron\UnitTestProject1\Helpers\InMemoryLogger.cs(42,54): warning CS8633: Nullability in constraints for type parameter 'TState' of method 'InMemoryLogger.BeginScope<TState>(TState)' doesn't match the constraints for type parameter 'TState' of interface method 'ILogger.BeginScope<TState>(TState)'. Consider using an explicit interface implementation instead. [C:\projects\antigravity\gridiron\UnitTestProject1\UnitTestProject1.csproj]
C:\projects\antigravity\gridiron\UnitTestProject1\DeadBallPenaltyTests.cs(22,36): warning CS8618: Non-nullable field '_penaltyEnforcement' must contain a non-null value when exiting constructor. Consider adding the 'required' modifier or declaring the field as nullable. [C:\projects\antigravity\gridiron\UnitTestProject1\UnitTestProject1.csproj]
C:\projects\antigravity\gridiron\UnitTestProject1\GameFieldPositionTests.cs(10,22): warning CS8618: Non-nullable field '_game' must contain a non-null value when exiting constructor. Consider adding the 'required' modifier or declaring the field as nullable. [C:\projects\antigravity\gridiron\UnitTestProject1\UnitTestProject1.csproj]
C:\projects\antigravity\gridiron\UnitTestProject1\FieldPositionHelperTests.cs(10,22): warning CS8618: Non-nullable field '_buffaloTeam' must contain a non-null value when exiting constructor. Consider adding the 'required' modifier or declaring the field as nullable. [C:\projects\antigravity\gridiron\UnitTestProject1\UnitTestProject1.csproj]
C:\projects\antigravity\gridiron\UnitTestProject1\FieldPositionHelperTests.cs(11,22): warning CS8618: Non-nullable field '_kansasCityTeam' must contain a non-null value when exiting constructor. Consider adding the 'required' modifier or declaring the field as nullable. [C:\projects\antigravity\gridiron\UnitTestProject1\UnitTestProject1.csproj]
C:\projects\antigravity\gridiron\UnitTestProject1\PassPlayExecutionTests.cs(186,13): warning CS8602: Dereference of a possibly null reference. [C:\projects\antigravity\gridiron\UnitTestProject1\UnitTestProject1.csproj]
C:\projects\antigravity\gridiron\UnitTestProject1\TwoPointConversionTests.cs(12,26): warning CS8618: Non-nullable field '_testGame' must contain a non-null value when exiting constructor. Consider adding the 'required' modifier or declaring the field as nullable. [C:\projects\antigravity\gridiron\UnitTestProject1\UnitTestProject1.csproj]
C:\projects\antigravity\gridiron\UnitTestProject1\PassPlayExecutionTests.cs(264,13): warning CS8602: Dereference of a possibly null reference. [C:\projects\antigravity\gridiron\UnitTestProject1\UnitTestProject1.csproj]
C:\projects\antigravity\gridiron\UnitTestProject1\PassPlayExecutionTests.cs(446,13): warning CS8602: Dereference of a possibly null reference. [C:\projects\antigravity\gridiron\UnitTestProject1\UnitTestProject1.csproj]
C:\projects\antigravity\gridiron\UnitTestProject1\PassPlayExecutionTests.cs(529,13): warning CS8602: Dereference of a possibly null reference. [C:\projects\antigravity\gridiron\UnitTestProject1\UnitTestProject1.csproj]
C:\projects\antigravity\gridiron\UnitTestProject1\RunPlayExecutionTests.cs(48,43): warning CS8602: Dereference of a possibly null reference. [C:\projects\antigravity\gridiron\UnitTestProject1\UnitTestProject1.csproj]
C:\projects\antigravity\gridiron\UnitTestProject1\PlayerDisciplinePenaltyTests.cs(76,32): warning CS8625: Cannot convert null literal to non-nullable reference type. [C:\projects\antigravity\gridiron\UnitTestProject1\UnitTestProject1.csproj]
C:\projects\antigravity\gridiron\UnitTestProject1\RunPlayExecutionTests.cs(64,43): warning CS8602: Dereference of a possibly null reference. [C:\projects\antigravity\gridiron\UnitTestProject1\UnitTestProject1.csproj]
C:\projects\antigravity\gridiron\UnitTestProject1\PlayerDisciplinePenaltyTests.cs(147,32): warning CS8625: Cannot convert null literal to non-nullable reference type. [C:\projects\antigravity\gridiron\UnitTestProject1\UnitTestProject1.csproj]
C:\projects\antigravity\gridiron\UnitTestProject1\RunPlaySkillsChecksTests.cs(137,13): warning CS8602: Dereference of a possibly null reference. [C:\projects\antigravity\gridiron\UnitTestProject1\UnitTestProject1.csproj]
C:\projects\antigravity\gridiron\UnitTestProject1\RunPlaySkillsChecksTests.cs(167,13): warning CS8602: Dereference of a possibly null reference. [C:\projects\antigravity\gridiron\UnitTestProject1\UnitTestProject1.csproj]
C:\projects\antigravity\gridiron\UnitTestProject1\PenaltyAcceptanceTests.cs(18,36): warning CS8618: Non-nullable field '_penaltyEnforcement' must contain a non-null value when exiting constructor. Consider adding the 'required' modifier or declaring the field as nullable. [C:\projects\antigravity\gridiron\UnitTestProject1\UnitTestProject1.csproj]
C:\projects\antigravity\gridiron\UnitTestProject1\PlayerDisciplinePenaltyTests.cs(201,32): warning CS8625: Cannot convert null literal to non-nullable reference type. [C:\projects\antigravity\gridiron\UnitTestProject1\UnitTestProject1.csproj]
C:\projects\antigravity\gridiron\UnitTestProject1\RunPlayExecutionTests.cs(158,13): warning CS8602: Dereference of a possibly null reference. [C:\projects\antigravity\gridiron\UnitTestProject1\UnitTestProject1.csproj]
C:\projects\antigravity\gridiron\UnitTestProject1\RunPlayExecutionTests.cs(161,13): warning CS8602: Dereference of a possibly null reference. [C:\projects\antigravity\gridiron\UnitTestProject1\UnitTestProject1.csproj]
C:\projects\antigravity\gridiron\UnitTestProject1\PlayerDisciplinePenaltyTests.cs(255,28): warning CS8625: Cannot convert null literal to non-nullable reference type. [C:\projects\antigravity\gridiron\UnitTestProject1\UnitTestProject1.csproj]
C:\projects\antigravity\gridiron\UnitTestProject1\PassPlaySkillsChecksTests.cs(255,13): warning CS8602: Dereference of a possibly null reference. [C:\projects\antigravity\gridiron\UnitTestProject1\UnitTestProject1.csproj]
C:\projects\antigravity\gridiron\UnitTestProject1\PassPlaySkillsChecksTests.cs(259,13): warning CS8602: Dereference of a possibly null reference. [C:\projects\antigravity\gridiron\UnitTestProject1\UnitTestProject1.csproj]
C:\projects\antigravity\gridiron\UnitTestProject1\RunPlaySkillsChecksTests.cs(202,13): warning CS8602: Dereference of a possibly null reference. [C:\projects\antigravity\gridiron\UnitTestProject1\UnitTestProject1.csproj]
C:\projects\antigravity\gridiron\UnitTestProject1\PlayerDisciplinePenaltyTests.cs(312,32): warning CS8625: Cannot convert null literal to non-nullable reference type. [C:\projects\antigravity\gridiron\UnitTestProject1\UnitTestProject1.csproj]
C:\projects\antigravity\gridiron\UnitTestProject1\RunPlaySkillsChecksTests.cs(244,13): warning CS8602: Dereference of a possibly null reference. [C:\projects\antigravity\gridiron\UnitTestProject1\UnitTestProject1.csproj]
C:\projects\antigravity\gridiron\UnitTestProject1\PassPlaySkillsChecksTests.cs(294,13): warning CS8602: Dereference of a possibly null reference. [C:\projects\antigravity\gridiron\UnitTestProject1\UnitTestProject1.csproj]
C:\projects\antigravity\gridiron\UnitTestProject1\PassPlaySkillsChecksTests.cs(298,13): warning CS8602: Dereference of a possibly null reference. [C:\projects\antigravity\gridiron\UnitTestProject1\UnitTestProject1.csproj]
C:\projects\antigravity\gridiron\UnitTestProject1\RunPlaySkillsChecksTests.cs(264,13): warning CS8602: Dereference of a possibly null reference. [C:\projects\antigravity\gridiron\UnitTestProject1\UnitTestProject1.csproj]
C:\projects\antigravity\gridiron\UnitTestProject1\PlayerDisciplinePenaltyTests.cs(385,33): warning CS8625: Cannot convert null literal to non-nullable reference type. [C:\projects\antigravity\gridiron\UnitTestProject1\UnitTestProject1.csproj]
C:\projects\antigravity\gridiron\UnitTestProject1\PlayerDisciplinePenaltyTests.cs(398,33): warning CS8625: Cannot convert null literal to non-nullable reference type. [C:\projects\antigravity\gridiron\UnitTestProject1\UnitTestProject1.csproj]
C:\projects\antigravity\gridiron\UnitTestProject1\PassPlaySkillsChecksTests.cs(333,13): warning CS8602: Dereference of a possibly null reference. [C:\projects\antigravity\gridiron\UnitTestProject1\UnitTestProject1.csproj]
C:\projects\antigravity\gridiron\UnitTestProject1\PassPlaySkillsChecksTests.cs(335,13): warning CS8602: Dereference of a possibly null reference. [C:\projects\antigravity\gridiron\UnitTestProject1\UnitTestProject1.csproj]
C:\projects\antigravity\gridiron\UnitTestProject1\RunPlaySkillsChecksTests.cs(284,13): warning CS8602: Dereference of a possibly null reference. [C:\projects\antigravity\gridiron\UnitTestProject1\UnitTestProject1.csproj]
C:\projects\antigravity\gridiron\UnitTestProject1\PassPlaySkillsChecksTests.cs(382,13): warning CS8602: Dereference of a possibly null reference. [C:\projects\antigravity\gridiron\UnitTestProject1\UnitTestProject1.csproj]
C:\projects\antigravity\gridiron\UnitTestProject1\PassPlaySkillsChecksTests.cs(404,13): warning CS8602: Dereference of a possibly null reference. [C:\projects\antigravity\gridiron\UnitTestProject1\UnitTestProject1.csproj]
C:\projects\antigravity\gridiron\UnitTestProject1\PassPlaySkillsChecksTests.cs(426,13): warning CS8602: Dereference of a possibly null reference. [C:\projects\antigravity\gridiron\UnitTestProject1\UnitTestProject1.csproj]
C:\projects\antigravity\gridiron\UnitTestProject1\RunPlayExecutionTests.cs(327,13): warning CS8602: Dereference of a possibly null reference. [C:\projects\antigravity\gridiron\UnitTestProject1\UnitTestProject1.csproj]
C:\projects\antigravity\gridiron\UnitTestProject1\PenaltyEnforcementRulesTests.cs(24,36): warning CS8618: Non-nullable field '_penaltyEnforcement' must contain a non-null value when exiting constructor. Consider adding the 'required' modifier or declaring the field as nullable. [C:\projects\antigravity\gridiron\UnitTestProject1\UnitTestProject1.csproj]
C:\projects\antigravity\gridiron\UnitTestProject1\ReplaySeedableRandomTests.cs(415,64): warning CS8625: Cannot convert null literal to non-nullable reference type. [C:\projects\antigravity\gridiron\UnitTestProject1\UnitTestProject1.csproj]
C:\projects\antigravity\gridiron\UnitTestProject1\RunPlayExecutionTests.cs(354,13): warning CS8602: Dereference of a possibly null reference. [C:\projects\antigravity\gridiron\UnitTestProject1\UnitTestProject1.csproj]
C:\projects\antigravity\gridiron\UnitTestProject1\RunPlayExecutionTests.cs(359,13): warning CS8602: Dereference of a possibly null reference. [C:\projects\antigravity\gridiron\UnitTestProject1\UnitTestProject1.csproj]
C:\projects\antigravity\gridiron\UnitTestProject1\RunPlayExecutionTests.cs(392,13): warning CS8602: Dereference of a possibly null reference. [C:\projects\antigravity\gridiron\UnitTestProject1\UnitTestProject1.csproj]
C:\projects\antigravity\gridiron\UnitTestProject1\RunPlayExecutionTests.cs(417,13): warning CS8602: Dereference of a possibly null reference. [C:\projects\antigravity\gridiron\UnitTestProject1\UnitTestProject1.csproj]
C:\projects\antigravity\gridiron\UnitTestProject1\RunPlayExecutionTests.cs(420,13): warning CS8602: Dereference of a possibly null reference. [C:\projects\antigravity\gridiron\UnitTestProject1\UnitTestProject1.csproj]
C:\projects\antigravity\gridiron\UnitTestProject1\RunPlayExecutionTests.cs(450,13): warning CS8602: Dereference of a possibly null reference. [C:\projects\antigravity\gridiron\UnitTestProject1\UnitTestProject1.csproj]
C:\projects\antigravity\gridiron\UnitTestProject1\RunPlayExecutionTests.cs(479,13): warning CS8602: Dereference of a possibly null reference. [C:\projects\antigravity\gridiron\UnitTestProject1\UnitTestProject1.csproj]
C:\projects\antigravity\gridiron\UnitTestProject1\FieldGoalPlayExecutionTests.cs(11,26): warning CS8618: Non-nullable field '_testGame' must contain a non-null value when exiting constructor. Consider adding the 'required' modifier or declaring the field as nullable. [C:\projects\antigravity\gridiron\UnitTestProject1\UnitTestProject1.csproj]
C:\projects\antigravity\gridiron\UnitTestProject1\SpecialTeamsSubstitutionTests.cs(12,22): warning CS8618: Non-nullable field '_game' must contain a non-null value when exiting constructor. Consider adding the 'required' modifier or declaring the field as nullable. [C:\projects\antigravity\gridiron\UnitTestProject1\UnitTestProject1.csproj]
C:\projects\antigravity\gridiron\UnitTestProject1\SpecialTeamsSubstitutionTests.cs(13,32): warning CS8618: Non-nullable field '_rng' must contain a non-null value when exiting constructor. Consider adding the 'required' modifier or declaring the field as nullable. [C:\projects\antigravity\gridiron\UnitTestProject1\UnitTestProject1.csproj]
C:\projects\antigravity\gridiron\UnitTestProject1\SpecialTeamsSubstitutionTests.cs(14,25): warning CS8618: Non-nullable field '_prePlay' must contain a non-null value when exiting constructor. Consider adding the 'required' modifier or declaring the field as nullable. [C:\projects\antigravity\gridiron\UnitTestProject1\UnitTestProject1.csproj]
C:\projects\antigravity\gridiron\UnitTestProject1\KickoffPlayExecutionTests.cs(11,26): warning CS8618: Non-nullable field '_testGame' must contain a non-null value when exiting constructor. Consider adding the 'required' modifier or declaring the field as nullable. [C:\projects\antigravity\gridiron\UnitTestProject1\UnitTestProject1.csproj]
CSC : warning MSTEST0001: Explicitly enable or disable tests parallelization (https://learn.microsoft.com/dotnet/core/testing/mstest-analyzers/mstest0001) [C:\projects\antigravity\gridiron\UnitTestProject1\UnitTestProject1.csproj]
C:\projects\antigravity\gridiron\UnitTestProject1\ActionTests.cs(42,13): warning MSTEST0017: Assertion arguments should be passed in the correct order. 'actual' and 'expected'/'notExpected' arguments have been swapped. (https://learn.microsoft.com/dotnet/core/testing/mstest-analyzers/mstest0017) [C:\projects\antigravity\gridiron\UnitTestProject1\UnitTestProject1.csproj]
C:\projects\antigravity\gridiron\UnitTestProject1\ActionTests.cs(57,13): warning MSTEST0017: Assertion arguments should be passed in the correct order. 'actual' and 'expected'/'notExpected' arguments have been swapped. (https://learn.microsoft.com/dotnet/core/testing/mstest-analyzers/mstest0017) [C:\projects\antigravity\gridiron\UnitTestProject1\UnitTestProject1.csproj]
C:\projects\antigravity\gridiron\UnitTestProject1\GoalLineTests.cs(33,13): warning MSTEST0037: Use 'Assert.IsGreaterThan' instead of 'Assert.IsTrue' (https://learn.microsoft.com/dotnet/core/testing/mstest-analyzers/mstest0037) [C:\projects\antigravity\gridiron\UnitTestProject1\UnitTestProject1.csproj]
C:\projects\antigravity\gridiron\UnitTestProject1\GoalLineTests.cs(34,13): warning MSTEST0037: Use 'Assert.IsGreaterThanOrEqualTo' instead of 'Assert.IsTrue' (https://learn.microsoft.com/dotnet/core/testing/mstest-analyzers/mstest0037) [C:\projects\antigravity\gridiron\UnitTestProject1\UnitTestProject1.csproj]
C:\projects\antigravity\gridiron\UnitTestProject1\ActionTests.cs(72,13): warning MSTEST0017: Assertion arguments should be passed in the correct order. 'actual' and 'expected'/'notExpected' arguments have been swapped. (https://learn.microsoft.com/dotnet/core/testing/mstest-analyzers/mstest0017) [C:\projects\antigravity\gridiron\UnitTestProject1\UnitTestProject1.csproj]
C:\projects\antigravity\gridiron\UnitTestProject1\GoalLineTests.cs(52,13): warning MSTEST0037: Use 'Assert.IsLessThan' instead of 'Assert.IsTrue' (https://learn.microsoft.com/dotnet/core/testing/mstest-analyzers/mstest0037) [C:\projects\antigravity\gridiron\UnitTestProject1\UnitTestProject1.csproj]
C:\projects\antigravity\gridiron\UnitTestProject1\ActionTests.cs(87,13): warning MSTEST0017: Assertion arguments should be passed in the correct order. 'actual' and 'expected'/'notExpected' arguments have been swapped. (https://learn.microsoft.com/dotnet/core/testing/mstest-analyzers/mstest0017) [C:\projects\antigravity\gridiron\UnitTestProject1\UnitTestProject1.csproj]
C:\projects\antigravity\gridiron\UnitTestProject1\CalculatorTests.cs(101,13): warning MSTEST0037: Use 'Assert.IsGreaterThan' instead of 'Assert.IsTrue' (https://learn.microsoft.com/dotnet/core/testing/mstest-analyzers/mstest0037) [C:\projects\antigravity\gridiron\UnitTestProject1\UnitTestProject1.csproj]
C:\projects\antigravity\gridiron\UnitTestProject1\GoalLineTests.cs(90,13): warning MSTEST0037: Use 'Assert.IsGreaterThanOrEqualTo' instead of 'Assert.IsTrue' (https://learn.microsoft.com/dotnet/core/testing/mstest-analyzers/mstest0037) [C:\projects\antigravity\gridiron\UnitTestProject1\UnitTestProject1.csproj]
C:\projects\antigravity\gridiron\UnitTestProject1\ActionTests.cs(132,13): warning MSTEST0037: Use 'Assert.HasCount' instead of 'Assert.AreEqual' (https://learn.microsoft.com/dotnet/core/testing/mstest-analyzers/mstest0037) [C:\projects\antigravity\gridiron\UnitTestProject1\UnitTestProject1.csproj]
C:\projects\antigravity\gridiron\UnitTestProject1\ActionTests.cs(133,13): warning MSTEST0037: Use 'Assert.IsTrue' instead of 'Assert.AreEqual' (https://learn.microsoft.com/dotnet/core/testing/mstest-analyzers/mstest0037) [C:\projects\antigravity\gridiron\UnitTestProject1\UnitTestProject1.csproj]
C:\projects\antigravity\gridiron\UnitTestProject1\ActionTests.cs(146,13): warning MSTEST0037: Use 'Assert.IsTrue' instead of 'Assert.AreEqual' (https://learn.microsoft.com/dotnet/core/testing/mstest-analyzers/mstest0037) [C:\projects\antigravity\gridiron\UnitTestProject1\UnitTestProject1.csproj]
C:\projects\antigravity\gridiron\UnitTestProject1\ActionTests.cs(147,13): warning MSTEST0037: Use 'Assert.IsTrue' instead of 'Assert.AreEqual' (https://learn.microsoft.com/dotnet/core/testing/mstest-analyzers/mstest0037) [C:\projects\antigravity\gridiron\UnitTestProject1\UnitTestProject1.csproj]
C:\projects\antigravity\gridiron\UnitTestProject1\GoalLineTests.cs(130,13): warning MSTEST0037: Use 'Assert.IsGreaterThanOrEqualTo' instead of 'Assert.IsTrue' (https://learn.microsoft.com/dotnet/core/testing/mstest-analyzers/mstest0037) [C:\projects\antigravity\gridiron\UnitTestProject1\UnitTestProject1.csproj]
C:\projects\antigravity\gridiron\UnitTestProject1\GoalLineTests.cs(170,13): warning MSTEST0037: Use 'Assert.IsGreaterThanOrEqualTo' instead of 'Assert.IsTrue' (https://learn.microsoft.com/dotnet/core/testing/mstest-analyzers/mstest0037) [C:\projects\antigravity\gridiron\UnitTestProject1\UnitTestProject1.csproj]
C:\projects\antigravity\gridiron\UnitTestProject1\GoalLineTests.cs(109,13): warning MSTEST0037: Use 'Assert.IsGreaterThanOrEqualTo' instead of 'Assert.IsTrue' (https://learn.microsoft.com/dotnet/core/testing/mstest-analyzers/mstest0037) [C:\projects\antigravity\gridiron\UnitTestProject1\UnitTestProject1.csproj]
C:\projects\antigravity\gridiron\UnitTestProject1\GoalLineTests.cs(189,13): warning MSTEST0037: Use 'Assert.IsGreaterThanOrEqualTo' instead of 'Assert.IsTrue' (https://learn.microsoft.com/dotnet/core/testing/mstest-analyzers/mstest0037) [C:\projects\antigravity\gridiron\UnitTestProject1\UnitTestProject1.csproj]
C:\projects\antigravity\gridiron\UnitTestProject1\CalculatorTests.cs(257,13): warning MSTEST0037: Use 'Assert.IsGreaterThan' instead of 'Assert.IsTrue' (https://learn.microsoft.com/dotnet/core/testing/mstest-analyzers/mstest0037) [C:\projects\antigravity\gridiron\UnitTestProject1\UnitTestProject1.csproj]
C:\projects\antigravity\gridiron\UnitTestProject1\CalculatorTests.cs(258,13): warning MSTEST0037: Use 'Assert.IsLessThan' instead of 'Assert.IsTrue' (https://learn.microsoft.com/dotnet/core/testing/mstest-analyzers/mstest0037) [C:\projects\antigravity\gridiron\UnitTestProject1\UnitTestProject1.csproj]
C:\projects\antigravity\gridiron\UnitTestProject1\InterceptionTests.cs(59,13): warning MSTEST0037: Use 'Assert.IsGreaterThanOrEqualTo' instead of 'Assert.IsTrue' (https://learn.microsoft.com/dotnet/core/testing/mstest-analyzers/mstest0037) [C:\projects\antigravity\gridiron\UnitTestProject1\UnitTestProject1.csproj]
C:\projects\antigravity\gridiron\UnitTestProject1\GoalLineTests.cs(208,13): warning MSTEST0037: Use 'Assert.IsLessThan' instead of 'Assert.IsTrue' (https://learn.microsoft.com/dotnet/core/testing/mstest-analyzers/mstest0037) [C:\projects\antigravity\gridiron\UnitTestProject1\UnitTestProject1.csproj]
C:\projects\antigravity\gridiron\UnitTestProject1\GoalLineTests.cs(209,13): warning MSTEST0037: Use 'Assert.IsLessThan' instead of 'Assert.IsTrue' (https://learn.microsoft.com/dotnet/core/testing/mstest-analyzers/mstest0037) [C:\projects\antigravity\gridiron\UnitTestProject1\UnitTestProject1.csproj]
C:\projects\antigravity\gridiron\UnitTestProject1\PassPlayExecutionTests.cs(33,13): warning MSTEST0037: Use 'Assert.HasCount' instead of 'Assert.AreEqual' (https://learn.microsoft.com/dotnet/core/testing/mstest-analyzers/mstest0037) [C:\projects\antigravity\gridiron\UnitTestProject1\UnitTestProject1.csproj]
C:\projects\antigravity\gridiron\UnitTestProject1\PassPlayExecutionTests.cs(36,13): warning MSTEST0037: Use 'Assert.IsGreaterThan' instead of 'Assert.IsTrue' (https://learn.microsoft.com/dotnet/core/testing/mstest-analyzers/mstest0037) [C:\projects\antigravity\gridiron\UnitTestProject1\UnitTestProject1.csproj]
C:\projects\antigravity\gridiron\UnitTestProject1\CalculatorTests.cs(284,13): warning MSTEST0037: Use 'Assert.IsLessThan' instead of 'Assert.IsTrue' (https://learn.microsoft.com/dotnet/core/testing/mstest-analyzers/mstest0037) [C:\projects\antigravity\gridiron\UnitTestProject1\UnitTestProject1.csproj]
C:\projects\antigravity\gridiron\UnitTestProject1\PassPlayExecutionTests.cs(77,13): warning MSTEST0037: Use 'Assert.IsLessThan' instead of 'Assert.IsTrue' (https://learn.microsoft.com/dotnet/core/testing/mstest-analyzers/mstest0037) [C:\projects\antigravity\gridiron\UnitTestProject1\UnitTestProject1.csproj]
C:\projects\antigravity\gridiron\UnitTestProject1\FlowTests.cs(74,13): warning MSTEST0037: Use 'Assert.IsNotEmpty' instead of 'Assert.IsTrue' (https://learn.microsoft.com/dotnet/core/testing/mstest-analyzers/mstest0037) [C:\projects\antigravity\gridiron\UnitTestProject1\UnitTestProject1.csproj]
C:\projects\antigravity\gridiron\UnitTestProject1\FlowTests.cs(75,13): warning MSTEST0037: Use 'Assert.IsNotEmpty' instead of 'Assert.IsTrue' (https://learn.microsoft.com/dotnet/core/testing/mstest-analyzers/mstest0037) [C:\projects\antigravity\gridiron\UnitTestProject1\UnitTestProject1.csproj]
C:\projects\antigravity\gridiron\UnitTestProject1\PassPlayExecutionTests.cs(96,13): warning MSTEST0037: Use 'Assert.IsGreaterThanOrEqualTo' instead of 'Assert.IsTrue' (https://learn.microsoft.com/dotnet/core/testing/mstest-analyzers/mstest0037) [C:\projects\antigravity\gridiron\UnitTestProject1\UnitTestProject1.csproj]
C:\projects\antigravity\gridiron\UnitTestProject1\CalculatorTests.cs(310,13): warning MSTEST0037: Use 'Assert.IsGreaterThan' instead of 'Assert.IsTrue' (https://learn.microsoft.com/dotnet/core/testing/mstest-analyzers/mstest0037) [C:\projects\antigravity\gridiron\UnitTestProject1\UnitTestProject1.csproj]
C:\projects\antigravity\gridiron\UnitTestProject1\FieldGoalPlayExecutionTests.cs(247,13): warning MSTEST0037: Use 'Assert.IsLessThan' instead of 'Assert.IsTrue' (https://learn.microsoft.com/dotnet/core/testing/mstest-analyzers/mstest0037) [C:\projects\antigravity\gridiron\UnitTestProject1\UnitTestProject1.csproj]
C:\projects\antigravity\gridiron\UnitTestProject1\CalculatorTests.cs(228,13): warning MSTEST0037: Use 'Assert.IsLessThan' instead of 'Assert.IsTrue' (https://learn.microsoft.com/dotnet/core/testing/mstest-analyzers/mstest0037) [C:\projects\antigravity\gridiron\UnitTestProject1\UnitTestProject1.csproj]
C:\projects\antigravity\gridiron\UnitTestProject1\CalculatorTests.cs(229,13): warning MSTEST0037: Use 'Assert.IsGreaterThan' instead of 'Assert.IsTrue' (https://learn.microsoft.com/dotnet/core/testing/mstest-analyzers/mstest0037) [C:\projects\antigravity\gridiron\UnitTestProject1\UnitTestProject1.csproj]
C:\projects\antigravity\gridiron\UnitTestProject1\InjurySystemTests.cs(152,11): warning MSTEST0032: Review or remove the assertion as its condition is known to be always true (https://learn.microsoft.com/dotnet/core/testing/mstest-analyzers/mstest0032) [C:\projects\antigravity\gridiron\UnitTestProject1\UnitTestProject1.csproj]
C:\projects\antigravity\gridiron\UnitTestProject1\InjurySystemTests.cs(159,11): warning MSTEST0032: Review or remove the assertion as its condition is known to be always true (https://learn.microsoft.com/dotnet/core/testing/mstest-analyzers/mstest0032) [C:\projects\antigravity\gridiron\UnitTestProject1\UnitTestProject1.csproj]
C:\projects\antigravity\gridiron\UnitTestProject1\PassPlayExecutionTests.cs(172,13): warning MSTEST0037: Use 'Assert.IsGreaterThan' instead of 'Assert.IsTrue' (https://learn.microsoft.com/dotnet/core/testing/mstest-analyzers/mstest0037) [C:\projects\antigravity\gridiron\UnitTestProject1\UnitTestProject1.csproj]
C:\projects\antigravity\gridiron\UnitTestProject1\InjurySystemTests.cs(166,2): warning MSTEST0032: Review or remove the assertion as its condition is known to be always true (https://learn.microsoft.com/dotnet/core/testing/mstest-analyzers/mstest0032) [C:\projects\antigravity\gridiron\UnitTestProject1\UnitTestProject1.csproj]
C:\projects\antigravity\gridiron\UnitTestProject1\InterceptionTests.cs(184,13): warning MSTEST0037: Use 'Assert.IsGreaterThanOrEqualTo' instead of 'Assert.IsTrue' (https://learn.microsoft.com/dotnet/core/testing/mstest-analyzers/mstest0037) [C:\projects\antigravity\gridiron\UnitTestProject1\UnitTestProject1.csproj]
C:\projects\antigravity\gridiron\UnitTestProject1\InterceptionTests.cs(185,13): warning MSTEST0037: Use 'Assert.IsLessThanOrEqualTo' instead of 'Assert.IsTrue' (https://learn.microsoft.com/dotnet/core/testing/mstest-analyzers/mstest0037) [C:\projects\antigravity\gridiron\UnitTestProject1\UnitTestProject1.csproj]
C:\projects\antigravity\gridiron\UnitTestProject1\CalculatorTests.cs(340,13): warning MSTEST0037: Use 'Assert.IsLessThanOrEqualTo' instead of 'Assert.IsTrue' (https://learn.microsoft.com/dotnet/core/testing/mstest-analyzers/mstest0037) [C:\projects\antigravity\gridiron\UnitTestProject1\UnitTestProject1.csproj]
C:\projects\antigravity\gridiron\UnitTestProject1\CalculatorTests.cs(341,13): warning MSTEST0037: Use 'Assert.IsGreaterThanOrEqualTo' instead of 'Assert.IsTrue' (https://learn.microsoft.com/dotnet/core/testing/mstest-analyzers/mstest0037) [C:\projects\antigravity\gridiron\UnitTestProject1\UnitTestProject1.csproj]
C:\projects\antigravity\gridiron\UnitTestProject1\CalculatorTests.cs(367,13): warning MSTEST0037: Use 'Assert.IsGreaterThanOrEqualTo' instead of 'Assert.IsTrue' (https://learn.microsoft.com/dotnet/core/testing/mstest-analyzers/mstest0037) [C:\projects\antigravity\gridiron\UnitTestProject1\UnitTestProject1.csproj]
C:\projects\antigravity\gridiron\UnitTestProject1\InjurySystemTests.cs(173,8): warning MSTEST0032: Review or remove the assertion as its condition is known to be always true (https://learn.microsoft.com/dotnet/core/testing/mstest-analyzers/mstest0032) [C:\projects\antigravity\gridiron\UnitTestProject1\UnitTestProject1.csproj]
C:\projects\antigravity\gridiron\UnitTestProject1\CalculatorTests.cs(368,13): warning MSTEST0037: Use 'Assert.IsLessThan' instead of 'Assert.IsTrue' (https://learn.microsoft.com/dotnet/core/testing/mstest-analyzers/mstest0037) [C:\projects\antigravity\gridiron\UnitTestProject1\UnitTestProject1.csproj]
C:\projects\antigravity\gridiron\UnitTestProject1\PassPlayExecutionTests.cs(197,13): warning MSTEST0037: Use 'Assert.IsGreaterThan' instead of 'Assert.IsTrue' (https://learn.microsoft.com/dotnet/core/testing/mstest-analyzers/mstest0037) [C:\projects\antigravity\gridiron\UnitTestProject1\UnitTestProject1.csproj]
C:\projects\antigravity\gridiron\UnitTestProject1\InjurySystemTests.cs(180,13): warning MSTEST0032: Review or remove the assertion as its condition is known to be always true (https://learn.microsoft.com/dotnet/core/testing/mstest-analyzers/mstest0032) [C:\projects\antigravity\gridiron\UnitTestProject1\UnitTestProject1.csproj]
C:\projects\antigravity\gridiron\UnitTestProject1\InjurySystemTests.cs(187,9): warning MSTEST0032: Review or remove the assertion as its condition is known to be always true (https://learn.microsoft.com/dotnet/core/testing/mstest-analyzers/mstest0032) [C:\projects\antigravity\gridiron\UnitTestProject1\UnitTestProject1.csproj]
C:\projects\antigravity\gridiron\UnitTestProject1\GoalLineTests.cs(228,13): warning MSTEST0037: Use 'Assert.IsGreaterThanOrEqualTo' instead of 'Assert.IsTrue' (https://learn.microsoft.com/dotnet/core/testing/mstest-analyzers/mstest0037) [C:\projects\antigravity\gridiron\UnitTestProject1\UnitTestProject1.csproj]
C:\projects\antigravity\gridiron\UnitTestProject1\InjurySystemTests.cs(196,1): warning MSTEST0032: Review or remove the assertion as its condition is known to be always true (https://learn.microsoft.com/dotnet/core/testing/mstest-analyzers/mstest0032) [C:\projects\antigravity\gridiron\UnitTestProject1\UnitTestProject1.csproj]
C:\projects\antigravity\gridiron\UnitTestProject1\CalculatorTests.cs(397,13): warning MSTEST0037: Use 'Assert.IsGreaterThan' instead of 'Assert.IsTrue' (https://learn.microsoft.com/dotnet/core/testing/mstest-analyzers/mstest0037) [C:\projects\antigravity\gridiron\UnitTestProject1\UnitTestProject1.csproj]
C:\projects\antigravity\gridiron\UnitTestProject1\GoalLineTests.cs(252,13): warning MSTEST0037: Use 'Assert.IsLessThanOrEqualTo' instead of 'Assert.IsTrue' (https://learn.microsoft.com/dotnet/core/testing/mstest-analyzers/mstest0037) [C:\projects\antigravity\gridiron\UnitTestProject1\UnitTestProject1.csproj]
C:\projects\antigravity\gridiron\UnitTestProject1\KickoffPlayExecutionTests.cs(99,13): warning MSTEST0037: Use 'Assert.IsLessThan' instead of 'Assert.IsTrue' (https://learn.microsoft.com/dotnet/core/testing/mstest-analyzers/mstest0037) [C:\projects\antigravity\gridiron\UnitTestProject1\UnitTestProject1.csproj]
C:\projects\antigravity\gridiron\UnitTestProject1\PassPlayExecutionTests.cs(224,13): warning MSTEST0037: Use 'Assert.IsGreaterThan' instead of 'Assert.IsTrue' (https://learn.microsoft.com/dotnet/core/testing/mstest-analyzers/mstest0037) [C:\projects\antigravity\gridiron\UnitTestProject1\UnitTestProject1.csproj]
C:\projects\antigravity\gridiron\UnitTestProject1\GoalLineTests.cs(288,13): warning MSTEST0037: Use 'Assert.IsGreaterThan' instead of 'Assert.IsTrue' (https://learn.microsoft.com/dotnet/core/testing/mstest-analyzers/mstest0037) [C:\projects\antigravity\gridiron\UnitTestProject1\UnitTestProject1.csproj]
C:\projects\antigravity\gridiron\UnitTestProject1\GoalLineTests.cs(271,13): warning MSTEST0037: Use 'Assert.IsGreaterThanOrEqualTo' instead of 'Assert.IsTrue' (https://learn.microsoft.com/dotnet/core/testing/mstest-analyzers/mstest0037) [C:\projects\antigravity\gridiron\UnitTestProject1\UnitTestProject1.csproj]
C:\projects\antigravity\gridiron\UnitTestProject1\PassPlayExecutionTests.cs(248,13): warning MSTEST0037: Use 'Assert.IsLessThanOrEqualTo' instead of 'Assert.IsTrue' (https://learn.microsoft.com/dotnet/core/testing/mstest-analyzers/mstest0037) [C:\projects\antigravity\gridiron\UnitTestProject1\UnitTestProject1.csproj]
C:\projects\antigravity\gridiron\UnitTestProject1\InterceptionTests.cs(278,13): warning MSTEST0037: Use 'Assert.IsGreaterThanOrEqualTo' instead of 'Assert.IsTrue' (https://learn.microsoft.com/dotnet/core/testing/mstest-analyzers/mstest0037) [C:\projects\antigravity\gridiron\UnitTestProject1\UnitTestProject1.csproj]
C:\projects\antigravity\gridiron\UnitTestProject1\InterceptionTests.cs(281,13): warning MSTEST0037: Use 'Assert.IsGreaterThan' instead of 'Assert.IsTrue' (https://learn.microsoft.com/dotnet/core/testing/mstest-analyzers/mstest0037) [C:\projects\antigravity\gridiron\UnitTestProject1\UnitTestProject1.csproj]
C:\projects\antigravity\gridiron\UnitTestProject1\InterceptionTests.cs(348,13): warning MSTEST0037: Use 'Assert.IsLessThanOrEqualTo' instead of 'Assert.IsTrue' (https://learn.microsoft.com/dotnet/core/testing/mstest-analyzers/mstest0037) [C:\projects\antigravity\gridiron\UnitTestProject1\UnitTestProject1.csproj]
C:\projects\antigravity\gridiron\UnitTestProject1\InterceptionTests.cs(316,13): warning MSTEST0037: Use 'Assert.IsGreaterThanOrEqualTo' instead of 'Assert.IsTrue' (https://learn.microsoft.com/dotnet/core/testing/mstest-analyzers/mstest0037) [C:\projects\antigravity\gridiron\UnitTestProject1\UnitTestProject1.csproj]
C:\projects\antigravity\gridiron\UnitTestProject1\InterceptionTests.cs(319,13): warning MSTEST0037: Use 'Assert.IsLessThan' instead of 'Assert.IsTrue' (https://learn.microsoft.com/dotnet/core/testing/mstest-analyzers/mstest0037) [C:\projects\antigravity\gridiron\UnitTestProject1\UnitTestProject1.csproj]
C:\projects\antigravity\gridiron\UnitTestProject1\MultiplePenaltyTests.cs(197,13): warning MSTEST0037: Use 'Assert.HasCount' instead of 'Assert.AreEqual' (https://learn.microsoft.com/dotnet/core/testing/mstest-analyzers/mstest0037) [C:\projects\antigravity\gridiron\UnitTestProject1\UnitTestProject1.csproj]
C:\projects\antigravity\gridiron\UnitTestProject1\MultiplePenaltyTests.cs(222,13): warning MSTEST0037: Use 'Assert.HasCount' instead of 'Assert.AreEqual' (https://learn.microsoft.com/dotnet/core/testing/mstest-analyzers/mstest0037) [C:\projects\antigravity\gridiron\UnitTestProject1\UnitTestProject1.csproj]
C:\projects\antigravity\gridiron\UnitTestProject1\MultiplePenaltyTests.cs(242,13): warning MSTEST0037: Use 'Assert.HasCount' instead of 'Assert.AreEqual' (https://learn.microsoft.com/dotnet/core/testing/mstest-analyzers/mstest0037) [C:\projects\antigravity\gridiron\UnitTestProject1\UnitTestProject1.csproj]
C:\projects\antigravity\gridiron\UnitTestProject1\DownProgressionTests.cs(540,13): warning MSTEST0037: Use 'Assert.IsGreaterThanOrEqualTo' instead of 'Assert.IsTrue' (https://learn.microsoft.com/dotnet/core/testing/mstest-analyzers/mstest0037) [C:\projects\antigravity\gridiron\UnitTestProject1\UnitTestProject1.csproj]
C:\projects\antigravity\gridiron\UnitTestProject1\DownProgressionTests.cs(556,13): warning MSTEST0037: Use 'Assert.IsGreaterThanOrEqualTo' instead of 'Assert.IsTrue' (https://learn.microsoft.com/dotnet/core/testing/mstest-analyzers/mstest0037) [C:\projects\antigravity\gridiron\UnitTestProject1\UnitTestProject1.csproj]
C:\projects\antigravity\gridiron\UnitTestProject1\MultiplePenaltyTests.cs(266,13): warning MSTEST0037: Use 'Assert.HasCount' instead of 'Assert.AreEqual' (https://learn.microsoft.com/dotnet/core/testing/mstest-analyzers/mstest0037) [C:\projects\antigravity\gridiron\UnitTestProject1\UnitTestProject1.csproj]
C:\projects\antigravity\gridiron\UnitTestProject1\MultiplePenaltyTests.cs(311,13): warning MSTEST0037: Use 'Assert.HasCount' instead of 'Assert.AreEqual' (https://learn.microsoft.com/dotnet/core/testing/mstest-analyzers/mstest0037) [C:\projects\antigravity\gridiron\UnitTestProject1\UnitTestProject1.csproj]
C:\projects\antigravity\gridiron\UnitTestProject1\MultiplePenaltyTests.cs(335,13): warning MSTEST0037: Use 'Assert.IsEmpty' instead of 'Assert.AreEqual' (https://learn.microsoft.com/dotnet/core/testing/mstest-analyzers/mstest0037) [C:\projects\antigravity\gridiron\UnitTestProject1\UnitTestProject1.csproj]
C:\projects\antigravity\gridiron\UnitTestProject1\DownProgressionTests.cs(604,13): warning MSTEST0037: Use 'Assert.IsLessThanOrEqualTo' instead of 'Assert.IsTrue' (https://learn.microsoft.com/dotnet/core/testing/mstest-analyzers/mstest0037) [C:\projects\antigravity\gridiron\UnitTestProject1\UnitTestProject1.csproj]
C:\projects\antigravity\gridiron\UnitTestProject1\MultiplePenaltyTests.cs(353,13): warning MSTEST0037: Use 'Assert.IsEmpty' instead of 'Assert.AreEqual' (https://learn.microsoft.com/dotnet/core/testing/mstest-analyzers/mstest0037) [C:\projects\antigravity\gridiron\UnitTestProject1\UnitTestProject1.csproj]
C:\projects\antigravity\gridiron\UnitTestProject1\DownProgressionTests.cs(620,13): warning MSTEST0037: Use 'Assert.IsLessThanOrEqualTo' instead of 'Assert.IsTrue' (https://learn.microsoft.com/dotnet/core/testing/mstest-analyzers/mstest0037) [C:\projects\antigravity\gridiron\UnitTestProject1\UnitTestProject1.csproj]
C:\projects\antigravity\gridiron\UnitTestProject1\PassPlayExecutionTests.cs(488,13): warning MSTEST0037: Use 'Assert.IsGreaterThanOrEqualTo' instead of 'Assert.IsTrue' (https://learn.microsoft.com/dotnet/core/testing/mstest-analyzers/mstest0037) [C:\projects\antigravity\gridiron\UnitTestProject1\UnitTestProject1.csproj]
C:\projects\antigravity\gridiron\UnitTestProject1\MultiplePenaltyTests.cs(291,13): warning MSTEST0037: Use 'Assert.HasCount' instead of 'Assert.AreEqual' (https://learn.microsoft.com/dotnet/core/testing/mstest-analyzers/mstest0037) [C:\projects\antigravity\gridiron\UnitTestProject1\UnitTestProject1.csproj]
C:\projects\antigravity\gridiron\UnitTestProject1\RedZoneTests.cs(32,13): warning MSTEST0037: Use 'Assert.IsGreaterThanOrEqualTo' instead of 'Assert.IsTrue' (https://learn.microsoft.com/dotnet/core/testing/mstest-analyzers/mstest0037) [C:\projects\antigravity\gridiron\UnitTestProject1\UnitTestProject1.csproj]
C:\projects\antigravity\gridiron\UnitTestProject1\PlayArchitectureTests.cs(46,13): warning MSTEST0037: Use 'Assert.HasCount' instead of 'Assert.AreEqual' (https://learn.microsoft.com/dotnet/core/testing/mstest-analyzers/mstest0037) [C:\projects\antigravity\gridiron\UnitTestProject1\UnitTestProject1.csproj]
C:\projects\antigravity\gridiron\UnitTestProject1\PuntPlayExecutionTests.cs(37,13): warning MSTEST0037: Use 'Assert.IsLessThan' instead of 'Assert.IsTrue' (https://learn.microsoft.com/dotnet/core/testing/mstest-analyzers/mstest0037) [C:\projects\antigravity\gridiron\UnitTestProject1\UnitTestProject1.csproj]
C:\projects\antigravity\gridiron\UnitTestProject1\PuntPlayExecutionTests.cs(38,13): warning MSTEST0037: Use 'Assert.IsGreaterThanOrEqualTo' instead of 'Assert.IsTrue' (https://learn.microsoft.com/dotnet/core/testing/mstest-analyzers/mstest0037) [C:\projects\antigravity\gridiron\UnitTestProject1\UnitTestProject1.csproj]
C:\projects\antigravity\gridiron\UnitTestProject1\PassPlayExecutionTests.cs(516,13): warning MSTEST0037: Use 'Assert.IsLessThan' instead of 'Assert.IsTrue' (https://learn.microsoft.com/dotnet/core/testing/mstest-analyzers/mstest0037) [C:\projects\antigravity\gridiron\UnitTestProject1\UnitTestProject1.csproj]
C:\projects\antigravity\gridiron\UnitTestProject1\RunPlayExecutionTests.cs(29,13): warning MSTEST0037: Use 'Assert.HasCount' instead of 'Assert.AreEqual' (https://learn.microsoft.com/dotnet/core/testing/mstest-analyzers/mstest0037) [C:\projects\antigravity\gridiron\UnitTestProject1\UnitTestProject1.csproj]
C:\projects\antigravity\gridiron\UnitTestProject1\RunPlayExecutionTests.cs(31,13): warning MSTEST0037: Use 'Assert.AreNotEqual' instead of 'Assert.IsTrue' (https://learn.microsoft.com/dotnet/core/testing/mstest-analyzers/mstest0037) [C:\projects\antigravity\gridiron\UnitTestProject1\UnitTestProject1.csproj]
C:\projects\antigravity\gridiron\UnitTestProject1\RunPlayExecutionTests.cs(32,13): warning MSTEST0037: Use 'Assert.IsGreaterThan' instead of 'Assert.IsTrue' (https://learn.microsoft.com/dotnet/core/testing/mstest-analyzers/mstest0037) [C:\projects\antigravity\gridiron\UnitTestProject1\UnitTestProject1.csproj]
C:\projects\antigravity\gridiron\UnitTestProject1\PassPlayExecutionTests.cs(596,13): warning MSTEST0037: Use 'Assert.IsGreaterThanOrEqualTo' instead of 'Assert.IsTrue' (https://learn.microsoft.com/dotnet/core/testing/mstest-analyzers/mstest0037) [C:\projects\antigravity\gridiron\UnitTestProject1\UnitTestProject1.csproj]
C:\projects\antigravity\gridiron\UnitTestProject1\RedZoneTests.cs(71,13): warning MSTEST0037: Use 'Assert.IsGreaterThanOrEqualTo' instead of 'Assert.IsTrue' (https://learn.microsoft.com/dotnet/core/testing/mstest-analyzers/mstest0037) [C:\projects\antigravity\gridiron\UnitTestProject1\UnitTestProject1.csproj]
C:\projects\antigravity\gridiron\UnitTestProject1\PassPlayExecutionTests.cs(616,13): warning MSTEST0037: Use 'Assert.IsGreaterThanOrEqualTo' instead of 'Assert.IsTrue' (https://learn.microsoft.com/dotnet/core/testing/mstest-analyzers/mstest0037) [C:\projects\antigravity\gridiron\UnitTestProject1\UnitTestProject1.csproj]
C:\projects\antigravity\gridiron\UnitTestProject1\PrePlayFormationTests.cs(39,13): warning MSTEST0037: Use 'Assert.HasCount' instead of 'Assert.AreEqual' (https://learn.microsoft.com/dotnet/core/testing/mstest-analyzers/mstest0037) [C:\projects\antigravity\gridiron\UnitTestProject1\UnitTestProject1.csproj]
C:\projects\antigravity\gridiron\UnitTestProject1\PuntPlayExecutionTests.cs(112,13): warning MSTEST0037: Use 'Assert.IsGreaterThanOrEqualTo' instead of 'Assert.IsTrue' (https://learn.microsoft.com/dotnet/core/testing/mstest-analyzers/mstest0037) [C:\projects\antigravity\gridiron\UnitTestProject1\UnitTestProject1.csproj]
C:\projects\antigravity\gridiron\UnitTestProject1\PuntPlayExecutionTests.cs(113,13): warning MSTEST0037: Use 'Assert.IsLessThanOrEqualTo' instead of 'Assert.IsTrue' (https://learn.microsoft.com/dotnet/core/testing/mstest-analyzers/mstest0037) [C:\projects\antigravity\gridiron\UnitTestProject1\UnitTestProject1.csproj]
C:\projects\antigravity\gridiron\UnitTestProject1\RedZoneTests.cs(88,13): warning MSTEST0037: Use 'Assert.IsLessThanOrEqualTo' instead of 'Assert.IsTrue' (https://learn.microsoft.com/dotnet/core/testing/mstest-analyzers/mstest0037) [C:\projects\antigravity\gridiron\UnitTestProject1\UnitTestProject1.csproj]
C:\projects\antigravity\gridiron\UnitTestProject1\PenaltySkillsChecksTests.cs(91,13): warning MSTEST0037: Use 'Assert.IsGreaterThan' instead of 'Assert.IsTrue' (https://learn.microsoft.com/dotnet/core/testing/mstest-analyzers/mstest0037) [C:\projects\antigravity\gridiron\UnitTestProject1\UnitTestProject1.csproj]
C:\projects\antigravity\gridiron\UnitTestProject1\PenaltyClassTests.cs(126,13): warning MSTEST0037: Use 'Assert.IsGreaterThan' instead of 'Assert.IsTrue' (https://learn.microsoft.com/dotnet/core/testing/mstest-analyzers/mstest0037) [C:\projects\antigravity\gridiron\UnitTestProject1\UnitTestProject1.csproj]
C:\projects\antigravity\gridiron\UnitTestProject1\ReplaySeedableRandomTests.cs(77,13): warning MSTEST0037: Use 'Assert.HasCount' instead of 'Assert.AreEqual' (https://learn.microsoft.com/dotnet/core/testing/mstest-analyzers/mstest0037) [C:\projects\antigravity\gridiron\UnitTestProject1\UnitTestProject1.csproj]
C:\projects\antigravity\gridiron\UnitTestProject1\ReplaySeedableRandomTests.cs(78,13): warning MSTEST0037: Use 'Assert.HasCount' instead of 'Assert.AreEqual' (https://learn.microsoft.com/dotnet/core/testing/mstest-analyzers/mstest0037) [C:\projects\antigravity\gridiron\UnitTestProject1\UnitTestProject1.csproj]
C:\projects\antigravity\gridiron\UnitTestProject1\ReplaySeedableRandomTests.cs(79,13): warning MSTEST0037: Use 'Assert.HasCount' instead of 'Assert.AreEqual' (https://learn.microsoft.com/dotnet/core/testing/mstest-analyzers/mstest0037) [C:\projects\antigravity\gridiron\UnitTestProject1\UnitTestProject1.csproj]
C:\projects\antigravity\gridiron\UnitTestProject1\PlayerDisciplinePenaltyTests.cs(87,13): warning MSTEST0037: Use 'Assert.IsGreaterThan' instead of 'Assert.IsTrue' (https://learn.microsoft.com/dotnet/core/testing/mstest-analyzers/mstest0037) [C:\projects\antigravity\gridiron\UnitTestProject1\UnitTestProject1.csproj]
C:\projects\antigravity\gridiron\UnitTestProject1\PuntPlayExecutionTests.cs(134,13): warning MSTEST0037: Use 'Assert.IsLessThan' instead of 'Assert.IsTrue' (https://learn.microsoft.com/dotnet/core/testing/mstest-analyzers/mstest0037) [C:\projects\antigravity\gridiron\UnitTestProject1\UnitTestProject1.csproj]
C:\projects\antigravity\gridiron\UnitTestProject1\PuntPlayExecutionTests.cs(135,13): warning MSTEST0037: Use 'Assert.IsGreaterThanOrEqualTo' instead of 'Assert.IsTrue' (https://learn.microsoft.com/dotnet/core/testing/mstest-analyzers/mstest0037) [C:\projects\antigravity\gridiron\UnitTestProject1\UnitTestProject1.csproj]
C:\projects\antigravity\gridiron\UnitTestProject1\FieldGoalPlayExecutionTests.cs(462,13): warning MSTEST0037: Use 'Assert.Contains' instead of 'Assert.IsTrue' (https://learn.microsoft.com/dotnet/core/testing/mstest-analyzers/mstest0037) [C:\projects\antigravity\gridiron\UnitTestProject1\UnitTestProject1.csproj]
C:\projects\antigravity\gridiron\UnitTestProject1\RedZoneTests.cs(110,13): warning MSTEST0037: Use 'Assert.IsGreaterThanOrEqualTo' instead of 'Assert.IsTrue' (https://learn.microsoft.com/dotnet/core/testing/mstest-analyzers/mstest0037) [C:\projects\antigravity\gridiron\UnitTestProject1\UnitTestProject1.csproj]
C:\projects\antigravity\gridiron\UnitTestProject1\ReplaySeedableRandomTests.cs(101,13): warning MSTEST0037: Use 'Assert.HasCount' instead of 'Assert.AreEqual' (https://learn.microsoft.com/dotnet/core/testing/mstest-analyzers/mstest0037) [C:\projects\antigravity\gridiron\UnitTestProject1\UnitTestProject1.csproj]
C:\projects\antigravity\gridiron\UnitTestProject1\RedZoneTests.cs(129,13): warning MSTEST0037: Use 'Assert.IsLessThan' instead of 'Assert.IsTrue' (https://learn.microsoft.com/dotnet/core/testing/mstest-analyzers/mstest0037) [C:\projects\antigravity\gridiron\UnitTestProject1\UnitTestProject1.csproj]
C:\projects\antigravity\gridiron\UnitTestProject1\FieldGoalPlayExecutionTests.cs(488,13): warning MSTEST0037: Use 'Assert.Contains' instead of 'Assert.IsTrue' (https://learn.microsoft.com/dotnet/core/testing/mstest-analyzers/mstest0037) [C:\projects\antigravity\gridiron\UnitTestProject1\UnitTestProject1.csproj]
C:\projects\antigravity\gridiron\UnitTestProject1\FieldGoalPlayExecutionTests.cs(489,13): warning MSTEST0037: Use 'Assert.IsLessThan' instead of 'Assert.IsTrue' (https://learn.microsoft.com/dotnet/core/testing/mstest-analyzers/mstest0037) [C:\projects\antigravity\gridiron\UnitTestProject1\UnitTestProject1.csproj]
C:\projects\antigravity\gridiron\UnitTestProject1\PlayArchitectureTests.cs(136,13): warning MSTEST0037: Use 'Assert.IsEmpty' instead of 'Assert.AreEqual' (https://learn.microsoft.com/dotnet/core/testing/mstest-analyzers/mstest0037) [C:\projects\antigravity\gridiron\UnitTestProject1\UnitTestProject1.csproj]
C:\projects\antigravity\gridiron\UnitTestProject1\RedZoneTests.cs(148,13): warning MSTEST0037: Use 'Assert.IsGreaterThanOrEqualTo' instead of 'Assert.IsTrue' (https://learn.microsoft.com/dotnet/core/testing/mstest-analyzers/mstest0037) [C:\projects\antigravity\gridiron\UnitTestProject1\UnitTestProject1.csproj]
C:\projects\antigravity\gridiron\UnitTestProject1\PenaltyClassTests.cs(76,13): warning MSTEST0037: Use 'Assert.IsGreaterThan' instead of 'Assert.IsTrue' (https://learn.microsoft.com/dotnet/core/testing/mstest-analyzers/mstest0037) [C:\projects\antigravity\gridiron\UnitTestProject1\UnitTestProject1.csproj]
C:\projects\antigravity\gridiron\UnitTestProject1\PassPlayExecutionTests.cs(694,13): warning MSTEST0037: Use 'Assert.IsLessThanOrEqualTo' instead of 'Assert.IsTrue' (https://learn.microsoft.com/dotnet/core/testing/mstest-analyzers/mstest0037) [C:\projects\antigravity\gridiron\UnitTestProject1\UnitTestProject1.csproj]
C:\projects\antigravity\gridiron\UnitTestProject1\RedZoneTests.cs(170,13): warning MSTEST0037: Use 'Assert.IsGreaterThanOrEqualTo' instead of 'Assert.IsTrue' (https://learn.microsoft.com/dotnet/core/testing/mstest-analyzers/mstest0037) [C:\projects\antigravity\gridiron\UnitTestProject1\UnitTestProject1.csproj]
C:\projects\antigravity\gridiron\UnitTestProject1\PlayArchitectureTests.cs(162,13): warning MSTEST0037: Use 'Assert.HasCount' instead of 'Assert.AreEqual' (https://learn.microsoft.com/dotnet/core/testing/mstest-analyzers/mstest0037) [C:\projects\antigravity\gridiron\UnitTestProject1\UnitTestProject1.csproj]
C:\projects\antigravity\gridiron\UnitTestProject1\RunPlayExecutionTests.cs(116,13): warning MSTEST0037: Use 'Assert.IsGreaterThan' instead of 'Assert.IsTrue' (https://learn.microsoft.com/dotnet/core/testing/mstest-analyzers/mstest0037) [C:\projects\antigravity\gridiron\UnitTestProject1\UnitTestProject1.csproj]
C:\projects\antigravity\gridiron\UnitTestProject1\PrePlayFormationTests.cs(56,13): warning MSTEST0037: Use 'Assert.HasCount' instead of 'Assert.AreEqual' (https://learn.microsoft.com/dotnet/core/testing/mstest-analyzers/mstest0037) [C:\projects\antigravity\gridiron\UnitTestProject1\UnitTestProject1.csproj]
C:\projects\antigravity\gridiron\UnitTestProject1\PenaltyClassTests.cs(205,13): warning MSTEST0037: Use 'Assert.IsGreaterThan' instead of 'Assert.IsTrue' (https://learn.microsoft.com/dotnet/core/testing/mstest-analyzers/mstest0037) [C:\projects\antigravity\gridiron\UnitTestProject1\UnitTestProject1.csproj]
C:\projects\antigravity\gridiron\UnitTestProject1\PlayerDisciplinePenaltyTests.cs(157,13): warning MSTEST0037: Use 'Assert.IsGreaterThan' instead of 'Assert.IsTrue' (https://learn.microsoft.com/dotnet/core/testing/mstest-analyzers/mstest0037) [C:\projects\antigravity\gridiron\UnitTestProject1\UnitTestProject1.csproj]
C:\projects\antigravity\gridiron\UnitTestProject1\KickoffPlayExecutionTests.cs(345,13): warning MSTEST0037: Use 'Assert.IsEmpty' instead of 'Assert.AreEqual' (https://learn.microsoft.com/dotnet/core/testing/mstest-analyzers/mstest0037) [C:\projects\antigravity\gridiron\UnitTestProject1\UnitTestProject1.csproj]
C:\projects\antigravity\gridiron\UnitTestProject1\RunPlayExecutionTests.cs(140,13): warning MSTEST0037: Use 'Assert.IsGreaterThan' instead of 'Assert.IsTrue' (https://learn.microsoft.com/dotnet/core/testing/mstest-analyzers/mstest0037) [C:\projects\antigravity\gridiron\UnitTestProject1\UnitTestProject1.csproj]
C:\projects\antigravity\gridiron\UnitTestProject1\RedZoneTests.cs(188,13): warning MSTEST0037: Use 'Assert.IsLessThan' instead of 'Assert.IsTrue' (https://learn.microsoft.com/dotnet/core/testing/mstest-analyzers/mstest0037) [C:\projects\antigravity\gridiron\UnitTestProject1\UnitTestProject1.csproj]
C:\projects\antigravity\gridiron\UnitTestProject1\PenaltyClassTests.cs(219,13): warning MSTEST0037: Use 'Assert.IsGreaterThan' instead of 'Assert.IsTrue' (https://learn.microsoft.com/dotnet/core/testing/mstest-analyzers/mstest0037) [C:\projects\antigravity\gridiron\UnitTestProject1\UnitTestProject1.csproj]
C:\projects\antigravity\gridiron\UnitTestProject1\PlayArchitectureTests.cs(186,13): warning MSTEST0037: Use 'Assert.IsEmpty' instead of 'Assert.AreEqual' (https://learn.microsoft.com/dotnet/core/testing/mstest-analyzers/mstest0037) [C:\projects\antigravity\gridiron\UnitTestProject1\UnitTestProject1.csproj]
C:\projects\antigravity\gridiron\UnitTestProject1\FieldGoalPlayExecutionTests.cs(405,13): warning MSTEST0037: Use 'Assert.Contains' instead of 'Assert.IsTrue' (https://learn.microsoft.com/dotnet/core/testing/mstest-analyzers/mstest0037) [C:\projects\antigravity\gridiron\UnitTestProject1\UnitTestProject1.csproj]
C:\projects\antigravity\gridiron\UnitTestProject1\FieldGoalPlayExecutionTests.cs(407,13): warning MSTEST0037: Use 'Assert.IsGreaterThan' instead of 'Assert.IsTrue' (https://learn.microsoft.com/dotnet/core/testing/mstest-analyzers/mstest0037) [C:\projects\antigravity\gridiron\UnitTestProject1\UnitTestProject1.csproj]
C:\projects\antigravity\gridiron\UnitTestProject1\PenaltyClassTests.cs(236,13): warning MSTEST0037: Use 'Assert.IsGreaterThan' instead of 'Assert.IsTrue' (https://learn.microsoft.com/dotnet/core/testing/mstest-analyzers/mstest0037) [C:\projects\antigravity\gridiron\UnitTestProject1\UnitTestProject1.csproj]
C:\projects\antigravity\gridiron\UnitTestProject1\PassPlayExecutionTests.cs(733,13): warning MSTEST0037: Use 'Assert.IsLessThan' instead of 'Assert.IsTrue' (https://learn.microsoft.com/dotnet/core/testing/mstest-analyzers/mstest0037) [C:\projects\antigravity\gridiron\UnitTestProject1\UnitTestProject1.csproj]
C:\projects\antigravity\gridiron\UnitTestProject1\PassPlayExecutionTests.cs(735,13): warning MSTEST0037: Use 'Assert.IsLessThanOrEqualTo' instead of 'Assert.IsTrue' (https://learn.microsoft.com/dotnet/core/testing/mstest-analyzers/mstest0037) [C:\projects\antigravity\gridiron\UnitTestProject1\UnitTestProject1.csproj]
C:\projects\antigravity\gridiron\UnitTestProject1\RedZoneTests.cs(223,13): warning MSTEST0037: Use 'Assert.IsGreaterThanOrEqualTo' instead of 'Assert.IsTrue' (https://learn.microsoft.com/dotnet/core/testing/mstest-analyzers/mstest0037) [C:\projects\antigravity\gridiron\UnitTestProject1\UnitTestProject1.csproj]
C:\projects\antigravity\gridiron\UnitTestProject1\PassPlayExecutionTests.cs(775,13): warning MSTEST0037: Use 'Assert.IsGreaterThanOrEqualTo' instead of 'Assert.IsTrue' (https://learn.microsoft.com/dotnet/core/testing/mstest-analyzers/mstest0037) [C:\projects\antigravity\gridiron\UnitTestProject1\UnitTestProject1.csproj]
C:\projects\antigravity\gridiron\UnitTestProject1\PrePlayFormationTests.cs(74,13): warning MSTEST0037: Use 'Assert.HasCount' instead of 'Assert.AreEqual' (https://learn.microsoft.com/dotnet/core/testing/mstest-analyzers/mstest0037) [C:\projects\antigravity\gridiron\UnitTestProject1\UnitTestProject1.csproj]
C:\projects\antigravity\gridiron\UnitTestProject1\RedZoneTests.cs(247,13): warning MSTEST0037: Use 'Assert.IsLessThanOrEqualTo' instead of 'Assert.IsTrue' (https://learn.microsoft.com/dotnet/core/testing/mstest-analyzers/mstest0037) [C:\projects\antigravity\gridiron\UnitTestProject1\UnitTestProject1.csproj]
C:\projects\antigravity\gridiron\UnitTestProject1\RunPlayExecutionTests.cs(180,13): warning MSTEST0037: Use 'Assert.IsGreaterThan' instead of 'Assert.IsTrue' (https://learn.microsoft.com/dotnet/core/testing/mstest-analyzers/mstest0037) [C:\projects\antigravity\gridiron\UnitTestProject1\UnitTestProject1.csproj]
C:\projects\antigravity\gridiron\UnitTestProject1\PenaltyClassTests.cs(281,13): warning MSTEST0037: Use 'Assert.IsGreaterThan' instead of 'Assert.IsTrue' (https://learn.microsoft.com/dotnet/core/testing/mstest-analyzers/mstest0037) [C:\projects\antigravity\gridiron\UnitTestProject1\UnitTestProject1.csproj]
C:\projects\antigravity\gridiron\UnitTestProject1\KickoffPlayExecutionTests.cs(401,13): warning MSTEST0037: Use 'Assert.IsNotEmpty' instead of 'Assert.IsTrue' (https://learn.microsoft.com/dotnet/core/testing/mstest-analyzers/mstest0037) [C:\projects\antigravity\gridiron\UnitTestProject1\UnitTestProject1.csproj]
C:\projects\antigravity\gridiron\UnitTestProject1\KickoffPlayExecutionTests.cs(422,13): warning MSTEST0037: Use 'Assert.IsEmpty' instead of 'Assert.AreEqual' (https://learn.microsoft.com/dotnet/core/testing/mstest-analyzers/mstest0037) [C:\projects\antigravity\gridiron\UnitTestProject1\UnitTestProject1.csproj]
C:\projects\antigravity\gridiron\UnitTestProject1\PassPlayExecutionTests.cs(804,13): warning MSTEST0037: Use 'Assert.IsGreaterThanOrEqualTo' instead of 'Assert.IsTrue' (https://learn.microsoft.com/dotnet/core/testing/mstest-analyzers/mstest0037) [C:\projects\antigravity\gridiron\UnitTestProject1\UnitTestProject1.csproj]
C:\projects\antigravity\gridiron\UnitTestProject1\RunPlayExecutionTests.cs(205,13): warning MSTEST0037: Use 'Assert.IsLessThanOrEqualTo' instead of 'Assert.IsTrue' (https://learn.microsoft.com/dotnet/core/testing/mstest-analyzers/mstest0037) [C:\projects\antigravity\gridiron\UnitTestProject1\UnitTestProject1.csproj]
C:\projects\antigravity\gridiron\UnitTestProject1\PrePlayFormationTests.cs(92,13): warning MSTEST0037: Use 'Assert.HasCount' instead of 'Assert.AreEqual' (https://learn.microsoft.com/dotnet/core/testing/mstest-analyzers/mstest0037) [C:\projects\antigravity\gridiron\UnitTestProject1\UnitTestProject1.csproj]
C:\projects\antigravity\gridiron\UnitTestProject1\PlayArchitectureTests.cs(266,13): warning MSTEST0037: Use 'Assert.HasCount' instead of 'Assert.AreEqual' (https://learn.microsoft.com/dotnet/core/testing/mstest-analyzers/mstest0037) [C:\projects\antigravity\gridiron\UnitTestProject1\UnitTestProject1.csproj]
C:\projects\antigravity\gridiron\UnitTestProject1\KickoffPlayExecutionTests.cs(465,13): warning MSTEST0037: Use 'Assert.IsLessThanOrEqualTo' instead of 'Assert.IsTrue' (https://learn.microsoft.com/dotnet/core/testing/mstest-analyzers/mstest0037) [C:\projects\antigravity\gridiron\UnitTestProject1\UnitTestProject1.csproj]
C:\projects\antigravity\gridiron\UnitTestProject1\RunPlayExecutionTests.cs(224,13): warning MSTEST0037: Use 'Assert.IsLessThanOrEqualTo' instead of 'Assert.IsTrue' (https://learn.microsoft.com/dotnet/core/testing/mstest-analyzers/mstest0037) [C:\projects\antigravity\gridiron\UnitTestProject1\UnitTestProject1.csproj]
C:\projects\antigravity\gridiron\UnitTestProject1\RedZoneTests.cs(334,13): warning MSTEST0037: Use 'Assert.IsGreaterThanOrEqualTo' instead of 'Assert.IsTrue' (https://learn.microsoft.com/dotnet/core/testing/mstest-analyzers/mstest0037) [C:\projects\antigravity\gridiron\UnitTestProject1\UnitTestProject1.csproj]
C:\projects\antigravity\gridiron\UnitTestProject1\PlayerDisciplinePenaltyTests.cs(322,13): warning MSTEST0037: Use 'Assert.IsGreaterThan' instead of 'Assert.IsTrue' (https://learn.microsoft.com/dotnet/core/testing/mstest-analyzers/mstest0037) [C:\projects\antigravity\gridiron\UnitTestProject1\UnitTestProject1.csproj]
C:\projects\antigravity\gridiron\UnitTestProject1\RedZoneTests.cs(50,13): warning MSTEST0037: Use 'Assert.IsGreaterThanOrEqualTo' instead of 'Assert.IsTrue' (https://learn.microsoft.com/dotnet/core/testing/mstest-analyzers/mstest0037) [C:\projects\antigravity\gridiron\UnitTestProject1\UnitTestProject1.csproj]
C:\projects\antigravity\gridiron\UnitTestProject1\PuntPlayExecutionTests.cs(306,13): warning MSTEST0037: Use 'Assert.IsGreaterThan' instead of 'Assert.IsTrue' (https://learn.microsoft.com/dotnet/core/testing/mstest-analyzers/mstest0037) [C:\projects\antigravity\gridiron\UnitTestProject1\UnitTestProject1.csproj]
C:\projects\antigravity\gridiron\UnitTestProject1\PuntPlayExecutionTests.cs(307,13): warning MSTEST0037: Use 'Assert.IsEmpty' instead of 'Assert.AreEqual' (https://learn.microsoft.com/dotnet/core/testing/mstest-analyzers/mstest0037) [C:\projects\antigravity\gridiron\UnitTestProject1\UnitTestProject1.csproj]
C:\projects\antigravity\gridiron\UnitTestProject1\PuntPlayExecutionTests.cs(332,13): warning MSTEST0037: Use 'Assert.IsGreaterThan' instead of 'Assert.IsTrue' (https://learn.microsoft.com/dotnet/core/testing/mstest-analyzers/mstest0037) [C:\projects\antigravity\gridiron\UnitTestProject1\UnitTestProject1.csproj]
C:\projects\antigravity\gridiron\UnitTestProject1\PuntPlayExecutionTests.cs(333,13): warning MSTEST0037: Use 'Assert.IsEmpty' instead of 'Assert.AreEqual' (https://learn.microsoft.com/dotnet/core/testing/mstest-analyzers/mstest0037) [C:\projects\antigravity\gridiron\UnitTestProject1\UnitTestProject1.csproj]
C:\projects\antigravity\gridiron\UnitTestProject1\SafetyFreeKickTests.cs(280,13): warning MSTEST0037: Use 'Assert.HasCount' instead of 'Assert.AreEqual' (https://learn.microsoft.com/dotnet/core/testing/mstest-analyzers/mstest0037) [C:\projects\antigravity\gridiron\UnitTestProject1\UnitTestProject1.csproj]
C:\projects\antigravity\gridiron\UnitTestProject1\SafetyFreeKickTests.cs(282,13): warning MSTEST0037: Use 'Assert.HasCount' instead of 'Assert.AreEqual' (https://learn.microsoft.com/dotnet/core/testing/mstest-analyzers/mstest0037) [C:\projects\antigravity\gridiron\UnitTestProject1\UnitTestProject1.csproj]
C:\projects\antigravity\gridiron\UnitTestProject1\PuntPlayExecutionTests.cs(353,13): warning MSTEST0037: Use 'Assert.IsGreaterThan' instead of 'Assert.IsTrue' (https://learn.microsoft.com/dotnet/core/testing/mstest-analyzers/mstest0037) [C:\projects\antigravity\gridiron\UnitTestProject1\UnitTestProject1.csproj]
C:\projects\antigravity\gridiron\UnitTestProject1\RunPlayExecutionTests.cs(314,13): warning MSTEST0037: Use 'Assert.IsLessThanOrEqualTo' instead of 'Assert.IsTrue' (https://learn.microsoft.com/dotnet/core/testing/mstest-analyzers/mstest0037) [C:\projects\antigravity\gridiron\UnitTestProject1\UnitTestProject1.csproj]
C:\projects\antigravity\gridiron\UnitTestProject1\PuntPlayExecutionTests.cs(378,13): warning MSTEST0037: Use 'Assert.IsEmpty' instead of 'Assert.AreEqual' (https://learn.microsoft.com/dotnet/core/testing/mstest-analyzers/mstest0037) [C:\projects\antigravity\gridiron\UnitTestProject1\UnitTestProject1.csproj]
C:\projects\antigravity\gridiron\UnitTestProject1\PlayArchitectureTests.cs(392,13): warning MSTEST0037: Use 'Assert.HasCount' instead of 'Assert.AreEqual' (https://learn.microsoft.com/dotnet/core/testing/mstest-analyzers/mstest0037) [C:\projects\antigravity\gridiron\UnitTestProject1\UnitTestProject1.csproj]
C:\projects\antigravity\gridiron\UnitTestProject1\RunPlayExecutionTests.cs(293,13): warning MSTEST0037: Use 'Assert.IsGreaterThanOrEqualTo' instead of 'Assert.IsTrue' (https://learn.microsoft.com/dotnet/core/testing/mstest-analyzers/mstest0037) [C:\projects\antigravity\gridiron\UnitTestProject1\UnitTestProject1.csproj]
C:\projects\antigravity\gridiron\UnitTestProject1\PlayArchitectureTests.cs(446,13): warning MSTEST0037: Use 'Assert.HasCount' instead of 'Assert.AreEqual' (https://learn.microsoft.com/dotnet/core/testing/mstest-analyzers/mstest0037) [C:\projects\antigravity\gridiron\UnitTestProject1\UnitTestProject1.csproj]
C:\projects\antigravity\gridiron\UnitTestProject1\RunPlayExecutionTests.cs(340,13): warning MSTEST0037: Use 'Assert.IsGreaterThanOrEqualTo' instead of 'Assert.IsTrue' (https://learn.microsoft.com/dotnet/core/testing/mstest-analyzers/mstest0037) [C:\projects\antigravity\gridiron\UnitTestProject1\UnitTestProject1.csproj]
C:\projects\antigravity\gridiron\UnitTestProject1\ReplaySeedableRandomTests.cs(422,13): warning MSTEST0037: Use 'Assert.HasCount' instead of 'Assert.AreEqual' (https://learn.microsoft.com/dotnet/core/testing/mstest-analyzers/mstest0037) [C:\projects\antigravity\gridiron\UnitTestProject1\UnitTestProject1.csproj]
C:\projects\antigravity\gridiron\UnitTestProject1\FieldGoalPlayExecutionTests.cs(870,13): warning MSTEST0037: Use 'Assert.IsGreaterThan' instead of 'Assert.IsTrue' (https://learn.microsoft.com/dotnet/core/testing/mstest-analyzers/mstest0037) [C:\projects\antigravity\gridiron\UnitTestProject1\UnitTestProject1.csproj]
C:\projects\antigravity\gridiron\UnitTestProject1\ScoringIntegrationTests.cs(361,13): warning MSTEST0037: Use 'Assert.IsGreaterThan' instead of 'Assert.IsTrue' (https://learn.microsoft.com/dotnet/core/testing/mstest-analyzers/mstest0037) [C:\projects\antigravity\gridiron\UnitTestProject1\UnitTestProject1.csproj]
C:\projects\antigravity\gridiron\UnitTestProject1\ScoringIntegrationTests.cs(367,13): warning MSTEST0037: Use 'Assert.IsGreaterThan' instead of 'Assert.IsTrue' (https://learn.microsoft.com/dotnet/core/testing/mstest-analyzers/mstest0037) [C:\projects\antigravity\gridiron\UnitTestProject1\UnitTestProject1.csproj]
C:\projects\antigravity\gridiron\UnitTestProject1\ReplaySeedableRandomTests.cs(441,13): warning MSTEST0037: Use 'Assert.HasCount' instead of 'Assert.AreEqual' (https://learn.microsoft.com/dotnet/core/testing/mstest-analyzers/mstest0037) [C:\projects\antigravity\gridiron\UnitTestProject1\UnitTestProject1.csproj]
C:\projects\antigravity\gridiron\UnitTestProject1\ReplaySeedableRandomTests.cs(459,13): warning MSTEST0037: Use 'Assert.HasCount' instead of 'Assert.AreEqual' (https://learn.microsoft.com/dotnet/core/testing/mstest-analyzers/mstest0037) [C:\projects\antigravity\gridiron\UnitTestProject1\UnitTestProject1.csproj]
C:\projects\antigravity\gridiron\UnitTestProject1\PuntPlayExecutionTests.cs(471,13): warning MSTEST0037: Use 'Assert.HasCount' instead of 'Assert.AreEqual' (https://learn.microsoft.com/dotnet/core/testing/mstest-analyzers/mstest0037) [C:\projects\antigravity\gridiron\UnitTestProject1\UnitTestProject1.csproj]
C:\projects\antigravity\gridiron\UnitTestProject1\RunPlayExecutionTests.cs(379,13): warning MSTEST0037: Use 'Assert.IsGreaterThan' instead of 'Assert.IsTrue' (https://learn.microsoft.com/dotnet/core/testing/mstest-analyzers/mstest0037) [C:\projects\antigravity\gridiron\UnitTestProject1\UnitTestProject1.csproj]
C:\projects\antigravity\gridiron\UnitTestProject1\PenaltySkillsChecksTests.cs(550,13): warning MSTEST0037: Use 'Assert.AreEqual' instead of 'Assert.IsTrue' (https://learn.microsoft.com/dotnet/core/testing/mstest-analyzers/mstest0037) [C:\projects\antigravity\gridiron\UnitTestProject1\UnitTestProject1.csproj]
C:\projects\antigravity\gridiron\UnitTestProject1\ReplaySeedableRandomTests.cs(481,13): warning MSTEST0037: Use 'Assert.IsEmpty' instead of 'Assert.AreEqual' (https://learn.microsoft.com/dotnet/core/testing/mstest-analyzers/mstest0037) [C:\projects\antigravity\gridiron\UnitTestProject1\UnitTestProject1.csproj]
C:\projects\antigravity\gridiron\UnitTestProject1\ReplaySeedableRandomTests.cs(482,13): warning MSTEST0037: Use 'Assert.IsEmpty' instead of 'Assert.AreEqual' (https://learn.microsoft.com/dotnet/core/testing/mstest-analyzers/mstest0037) [C:\projects\antigravity\gridiron\UnitTestProject1\UnitTestProject1.csproj]
C:\projects\antigravity\gridiron\UnitTestProject1\ReplaySeedableRandomTests.cs(483,13): warning MSTEST0037: Use 'Assert.IsEmpty' instead of 'Assert.AreEqual' (https://learn.microsoft.com/dotnet/core/testing/mstest-analyzers/mstest0037) [C:\projects\antigravity\gridiron\UnitTestProject1\UnitTestProject1.csproj]
C:\projects\antigravity\gridiron\UnitTestProject1\ReplaySeedableRandomTests.cs(531,13): warning MSTEST0037: Use 'Assert.HasCount' instead of 'Assert.AreEqual' (https://learn.microsoft.com/dotnet/core/testing/mstest-analyzers/mstest0037) [C:\projects\antigravity\gridiron\UnitTestProject1\UnitTestProject1.csproj]
C:\projects\antigravity\gridiron\UnitTestProject1\ReplaySeedableRandomTests.cs(507,13): warning MSTEST0037: Use 'Assert.IsEmpty' instead of 'Assert.AreEqual' (https://learn.microsoft.com/dotnet/core/testing/mstest-analyzers/mstest0037) [C:\projects\antigravity\gridiron\UnitTestProject1\UnitTestProject1.csproj]
C:\projects\antigravity\gridiron\UnitTestProject1\ReplaySeedableRandomTests.cs(508,13): warning MSTEST0037: Use 'Assert.IsEmpty' instead of 'Assert.AreEqual' (https://learn.microsoft.com/dotnet/core/testing/mstest-analyzers/mstest0037) [C:\projects\antigravity\gridiron\UnitTestProject1\UnitTestProject1.csproj]
C:\projects\antigravity\gridiron\UnitTestProject1\ReplaySeedableRandomTests.cs(509,13): warning MSTEST0037: Use 'Assert.IsEmpty' instead of 'Assert.AreEqual' (https://learn.microsoft.com/dotnet/core/testing/mstest-analyzers/mstest0037) [C:\projects\antigravity\gridiron\UnitTestProject1\UnitTestProject1.csproj]
C:\projects\antigravity\gridiron\UnitTestProject1\PuntPlayExecutionTests.cs(500,13): warning MSTEST0037: Use 'Assert.HasCount' instead of 'Assert.AreEqual' (https://learn.microsoft.com/dotnet/core/testing/mstest-analyzers/mstest0037) [C:\projects\antigravity\gridiron\UnitTestProject1\UnitTestProject1.csproj]
C:\projects\antigravity\gridiron\UnitTestProject1\RunPlayExecutionTests.cs(403,13): warning MSTEST0037: Use 'Assert.IsGreaterThanOrEqualTo' instead of 'Assert.IsTrue' (https://learn.microsoft.com/dotnet/core/testing/mstest-analyzers/mstest0037) [C:\projects\antigravity\gridiron\UnitTestProject1\UnitTestProject1.csproj]
C:\projects\antigravity\gridiron\UnitTestProject1\ReplaySeedableRandomTests.cs(580,13): warning MSTEST0037: Use 'Assert.HasCount' instead of 'Assert.AreEqual' (https://learn.microsoft.com/dotnet/core/testing/mstest-analyzers/mstest0037) [C:\projects\antigravity\gridiron\UnitTestProject1\UnitTestProject1.csproj]
C:\projects\antigravity\gridiron\UnitTestProject1\PassPlaySkillsChecksTests.cs(538,13): warning MSTEST0037: Use 'Assert.IsGreaterThan' instead of 'Assert.IsTrue' (https://learn.microsoft.com/dotnet/core/testing/mstest-analyzers/mstest0037) [C:\projects\antigravity\gridiron\UnitTestProject1\UnitTestProject1.csproj]
C:\projects\antigravity\gridiron\UnitTestProject1\PassPlaySkillsChecksTests.cs(539,13): warning MSTEST0037: Use 'Assert.IsLessThan' instead of 'Assert.IsTrue' (https://learn.microsoft.com/dotnet/core/testing/mstest-analyzers/mstest0037) [C:\projects\antigravity\gridiron\UnitTestProject1\UnitTestProject1.csproj]
C:\projects\antigravity\gridiron\UnitTestProject1\PuntPlayExecutionTests.cs(546,13): warning MSTEST0037: Use 'Assert.IsGreaterThanOrEqualTo' instead of 'Assert.IsTrue' (https://learn.microsoft.com/dotnet/core/testing/mstest-analyzers/mstest0037) [C:\projects\antigravity\gridiron\UnitTestProject1\UnitTestProject1.csproj]
C:\projects\antigravity\gridiron\UnitTestProject1\PassPlaySkillsChecksTests.cs(571,13): warning MSTEST0037: Use 'Assert.IsGreaterThan' instead of 'Assert.IsTrue' (https://learn.microsoft.com/dotnet/core/testing/mstest-analyzers/mstest0037) [C:\projects\antigravity\gridiron\UnitTestProject1\UnitTestProject1.csproj]
C:\projects\antigravity\gridiron\UnitTestProject1\PassPlaySkillsChecksTests.cs(572,13): warning MSTEST0037: Use 'Assert.IsLessThan' instead of 'Assert.IsTrue' (https://learn.microsoft.com/dotnet/core/testing/mstest-analyzers/mstest0037) [C:\projects\antigravity\gridiron\UnitTestProject1\UnitTestProject1.csproj]
C:\projects\antigravity\gridiron\UnitTestProject1\SkillsCheckResultsTests.cs(148,13): warning MSTEST0037: Use 'Assert.IsGreaterThanOrEqualTo' instead of 'Assert.IsTrue' (https://learn.microsoft.com/dotnet/core/testing/mstest-analyzers/mstest0037) [C:\projects\antigravity\gridiron\UnitTestProject1\UnitTestProject1.csproj]
C:\projects\antigravity\gridiron\UnitTestProject1\SkillsCheckResultsTests.cs(149,13): warning MSTEST0037: Use 'Assert.IsLessThan' instead of 'Assert.IsTrue' (https://learn.microsoft.com/dotnet/core/testing/mstest-analyzers/mstest0037) [C:\projects\antigravity\gridiron\UnitTestProject1\UnitTestProject1.csproj]
C:\projects\antigravity\gridiron\UnitTestProject1\SkillsCheckResultsTests.cs(165,13): warning MSTEST0037: Use 'Assert.IsGreaterThanOrEqualTo' instead of 'Assert.IsTrue' (https://learn.microsoft.com/dotnet/core/testing/mstest-analyzers/mstest0037) [C:\projects\antigravity\gridiron\UnitTestProject1\UnitTestProject1.csproj]
C:\projects\antigravity\gridiron\UnitTestProject1\SkillsCheckResultsTests.cs(166,13): warning MSTEST0037: Use 'Assert.IsLessThan' instead of 'Assert.IsTrue' (https://learn.microsoft.com/dotnet/core/testing/mstest-analyzers/mstest0037) [C:\projects\antigravity\gridiron\UnitTestProject1\UnitTestProject1.csproj]
C:\projects\antigravity\gridiron\UnitTestProject1\SkillsCheckResultsTests.cs(199,13): warning MSTEST0037: Use 'Assert.IsGreaterThanOrEqualTo' instead of 'Assert.IsTrue' (https://learn.microsoft.com/dotnet/core/testing/mstest-analyzers/mstest0037) [C:\projects\antigravity\gridiron\UnitTestProject1\UnitTestProject1.csproj]
C:\projects\antigravity\gridiron\UnitTestProject1\SkillsCheckResultsTests.cs(200,13): warning MSTEST0037: Use 'Assert.IsLessThan' instead of 'Assert.IsTrue' (https://learn.microsoft.com/dotnet/core/testing/mstest-analyzers/mstest0037) [C:\projects\antigravity\gridiron\UnitTestProject1\UnitTestProject1.csproj]
C:\projects\antigravity\gridiron\UnitTestProject1\KickoffPlayExecutionTests.cs(685,13): warning MSTEST0037: Use 'Assert.IsGreaterThan' instead of 'Assert.IsTrue' (https://learn.microsoft.com/dotnet/core/testing/mstest-analyzers/mstest0037) [C:\projects\antigravity\gridiron\UnitTestProject1\UnitTestProject1.csproj]
C:\projects\antigravity\gridiron\UnitTestProject1\SkillsCheckResultsTests.cs(182,13): warning MSTEST0037: Use 'Assert.IsGreaterThanOrEqualTo' instead of 'Assert.IsTrue' (https://learn.microsoft.com/dotnet/core/testing/mstest-analyzers/mstest0037) [C:\projects\antigravity\gridiron\UnitTestProject1\UnitTestProject1.csproj]
C:\projects\antigravity\gridiron\UnitTestProject1\SkillsCheckResultsTests.cs(183,13): warning MSTEST0037: Use 'Assert.IsLessThan' instead of 'Assert.IsTrue' (https://learn.microsoft.com/dotnet/core/testing/mstest-analyzers/mstest0037) [C:\projects\antigravity\gridiron\UnitTestProject1\UnitTestProject1.csproj]
C:\projects\antigravity\gridiron\UnitTestProject1\RunPlayExecutionTests.cs(438,13): warning MSTEST0037: Use 'Assert.IsGreaterThan' instead of 'Assert.IsTrue' (https://learn.microsoft.com/dotnet/core/testing/mstest-analyzers/mstest0037) [C:\projects\antigravity\gridiron\UnitTestProject1\UnitTestProject1.csproj]
C:\projects\antigravity\gridiron\UnitTestProject1\PassPlayExecutionTests.cs(544,13): warning MSTEST0037: Use 'Assert.IsGreaterThan' instead of 'Assert.IsTrue' (https://learn.microsoft.com/dotnet/core/testing/mstest-analyzers/mstest0037) [C:\projects\antigravity\gridiron\UnitTestProject1\UnitTestProject1.csproj]
C:\projects\antigravity\gridiron\UnitTestProject1\PuntPlayExecutionTests.cs(589,13): warning MSTEST0037: Use 'Assert.IsGreaterThan' instead of 'Assert.IsTrue' (https://learn.microsoft.com/dotnet/core/testing/mstest-analyzers/mstest0037) [C:\projects\antigravity\gridiron\UnitTestProject1\UnitTestProject1.csproj]
C:\projects\antigravity\gridiron\UnitTestProject1\PassPlaySkillsChecksTests.cs(604,13): warning MSTEST0037: Use 'Assert.IsLessThan' instead of 'Assert.IsTrue' (https://learn.microsoft.com/dotnet/core/testing/mstest-analyzers/mstest0037) [C:\projects\antigravity\gridiron\UnitTestProject1\UnitTestProject1.csproj]
C:\projects\antigravity\gridiron\UnitTestProject1\SkillsCheckResultsTests.cs(218,13): warning MSTEST0037: Use 'Assert.IsGreaterThanOrEqualTo' instead of 'Assert.IsTrue' (https://learn.microsoft.com/dotnet/core/testing/mstest-analyzers/mstest0037) [C:\projects\antigravity\gridiron\UnitTestProject1\UnitTestProject1.csproj]
C:\projects\antigravity\gridiron\UnitTestProject1\PassPlaySkillsChecksTests.cs(605,13): warning MSTEST0037: Use 'Assert.IsGreaterThan' instead of 'Assert.IsTrue' (https://learn.microsoft.com/dotnet/core/testing/mstest-analyzers/mstest0037) [C:\projects\antigravity\gridiron\UnitTestProject1\UnitTestProject1.csproj]
C:\projects\antigravity\gridiron\UnitTestProject1\SkillsCheckResultsTests.cs(219,13): warning MSTEST0037: Use 'Assert.IsLessThan' instead of 'Assert.IsTrue' (https://learn.microsoft.com/dotnet/core/testing/mstest-analyzers/mstest0037) [C:\projects\antigravity\gridiron\UnitTestProject1\UnitTestProject1.csproj]
C:\projects\antigravity\gridiron\UnitTestProject1\SkillsCheckResultsTests.cs(235,13): warning MSTEST0037: Use 'Assert.IsGreaterThanOrEqualTo' instead of 'Assert.IsTrue' (https://learn.microsoft.com/dotnet/core/testing/mstest-analyzers/mstest0037) [C:\projects\antigravity\gridiron\UnitTestProject1\UnitTestProject1.csproj]
C:\projects\antigravity\gridiron\UnitTestProject1\SkillsCheckResultsTests.cs(236,13): warning MSTEST0037: Use 'Assert.IsLessThan' instead of 'Assert.IsTrue' (https://learn.microsoft.com/dotnet/core/testing/mstest-analyzers/mstest0037) [C:\projects\antigravity\gridiron\UnitTestProject1\UnitTestProject1.csproj]
C:\projects\antigravity\gridiron\UnitTestProject1\PlayArchitectureTests.cs(680,13): warning MSTEST0037: Use 'Assert.HasCount' instead of 'Assert.AreEqual' (https://learn.microsoft.com/dotnet/core/testing/mstest-analyzers/mstest0037) [C:\projects\antigravity\gridiron\UnitTestProject1\UnitTestProject1.csproj]
C:\projects\antigravity\gridiron\UnitTestProject1\TeamsDepthChartTests.cs(17,13): warning MSTEST0037: Use 'Assert.IsNotEmpty' instead of 'Assert.IsTrue' (https://learn.microsoft.com/dotnet/core/testing/mstest-analyzers/mstest0037) [C:\projects\antigravity\gridiron\UnitTestProject1\UnitTestProject1.csproj]
C:\projects\antigravity\gridiron\UnitTestProject1\SpecialTeamsSubstitutionTests.cs(45,13): warning MSTEST0037: Use 'Assert.HasCount' instead of 'Assert.AreEqual' (https://learn.microsoft.com/dotnet/core/testing/mstest-analyzers/mstest0037) [C:\projects\antigravity\gridiron\UnitTestProject1\UnitTestProject1.csproj]
C:\projects\antigravity\gridiron\UnitTestProject1\ReplaySeedableRandomTests.cs(602,13): warning MSTEST0037: Use 'Assert.HasCount' instead of 'Assert.AreEqual' (https://learn.microsoft.com/dotnet/core/testing/mstest-analyzers/mstest0037) [C:\projects\antigravity\gridiron\UnitTestProject1\UnitTestProject1.csproj]
C:\projects\antigravity\gridiron\UnitTestProject1\SkillsCheckResultsTests.cs(256,13): warning MSTEST0037: Use 'Assert.IsLessThan' instead of 'Assert.IsTrue' (https://learn.microsoft.com/dotnet/core/testing/mstest-analyzers/mstest0037) [C:\projects\antigravity\gridiron\UnitTestProject1\UnitTestProject1.csproj]
C:\projects\antigravity\gridiron\UnitTestProject1\SkillsCheckResultsTests.cs(257,13): warning MSTEST0037: Use 'Assert.IsGreaterThanOrEqualTo' instead of 'Assert.IsTrue' (https://learn.microsoft.com/dotnet/core/testing/mstest-analyzers/mstest0037) [C:\projects\antigravity\gridiron\UnitTestProject1\UnitTestProject1.csproj]
C:\projects\antigravity\gridiron\UnitTestProject1\SkillsCheckResultsTests.cs(258,13): warning MSTEST0037: Use 'Assert.IsLessThanOrEqualTo' instead of 'Assert.IsTrue' (https://learn.microsoft.com/dotnet/core/testing/mstest-analyzers/mstest0037) [C:\projects\antigravity\gridiron\UnitTestProject1\UnitTestProject1.csproj]
C:\projects\antigravity\gridiron\UnitTestProject1\TimeConsumptionTests.cs(52,13): warning MSTEST0037: Use 'Assert.IsGreaterThan' instead of 'Assert.IsTrue' (https://learn.microsoft.com/dotnet/core/testing/mstest-analyzers/mstest0037) [C:\projects\antigravity\gridiron\UnitTestProject1\UnitTestProject1.csproj]
C:\projects\antigravity\gridiron\UnitTestProject1\SpecialTeamsSubstitutionTests.cs(65,13): warning MSTEST0037: Use 'Assert.HasCount' instead of 'Assert.AreEqual' (https://learn.microsoft.com/dotnet/core/testing/mstest-analyzers/mstest0037) [C:\projects\antigravity\gridiron\UnitTestProject1\UnitTestProject1.csproj]
C:\projects\antigravity\gridiron\UnitTestProject1\PuntPlayExecutionTests.cs(645,13): warning MSTEST0037: Use 'Assert.IsGreaterThanOrEqualTo' instead of 'Assert.IsTrue' (https://learn.microsoft.com/dotnet/core/testing/mstest-analyzers/mstest0037) [C:\projects\antigravity\gridiron\UnitTestProject1\UnitTestProject1.csproj]
C:\projects\antigravity\gridiron\UnitTestProject1\PuntPlayExecutionTests.cs(646,13): warning MSTEST0037: Use 'Assert.IsLessThan' instead of 'Assert.IsTrue' (https://learn.microsoft.com/dotnet/core/testing/mstest-analyzers/mstest0037) [C:\projects\antigravity\gridiron\UnitTestProject1\UnitTestProject1.csproj]
C:\projects\antigravity\gridiron\UnitTestProject1\PuntPlayExecutionTests.cs(665,13): warning MSTEST0037: Use 'Assert.IsGreaterThanOrEqualTo' instead of 'Assert.IsTrue' (https://learn.microsoft.com/dotnet/core/testing/mstest-analyzers/mstest0037) [C:\projects\antigravity\gridiron\UnitTestProject1\UnitTestProject1.csproj]
C:\projects\antigravity\gridiron\UnitTestProject1\PuntPlayExecutionTests.cs(666,13): warning MSTEST0037: Use 'Assert.IsLessThanOrEqualTo' instead of 'Assert.IsTrue' (https://learn.microsoft.com/dotnet/core/testing/mstest-analyzers/mstest0037) [C:\projects\antigravity\gridiron\UnitTestProject1\UnitTestProject1.csproj]
C:\projects\antigravity\gridiron\UnitTestProject1\RunPlayExecutionTests.cs(464,13): warning MSTEST0037: Use 'Assert.HasCount' instead of 'Assert.AreEqual' (https://learn.microsoft.com/dotnet/core/testing/mstest-analyzers/mstest0037) [C:\projects\antigravity\gridiron\UnitTestProject1\UnitTestProject1.csproj]
C:\projects\antigravity\gridiron\UnitTestProject1\RunPlayExecutionTests.cs(466,13): warning MSTEST0037: Use 'Assert.IsGreaterThanOrEqualTo' instead of 'Assert.IsTrue' (https://learn.microsoft.com/dotnet/core/testing/mstest-analyzers/mstest0037) [C:\projects\antigravity\gridiron\UnitTestProject1\UnitTestProject1.csproj]
C:\projects\antigravity\gridiron\UnitTestProject1\ThirdDownConversionTests.cs(33,13): warning MSTEST0037: Use 'Assert.IsGreaterThanOrEqualTo' instead of 'Assert.IsTrue' (https://learn.microsoft.com/dotnet/core/testing/mstest-analyzers/mstest0037) [C:\projects\antigravity\gridiron\UnitTestProject1\UnitTestProject1.csproj]
C:\projects\antigravity\gridiron\UnitTestProject1\TimeConsumptionTests.cs(107,13): warning MSTEST0037: Use 'Assert.IsGreaterThan' instead of 'Assert.IsTrue' (https://learn.microsoft.com/dotnet/core/testing/mstest-analyzers/mstest0037) [C:\projects\antigravity\gridiron\UnitTestProject1\UnitTestProject1.csproj]
C:\projects\antigravity\gridiron\UnitTestProject1\KickoffPlayExecutionTests.cs(707,13): warning MSTEST0037: Use 'Assert.IsGreaterThanOrEqualTo' instead of 'Assert.IsTrue' (https://learn.microsoft.com/dotnet/core/testing/mstest-analyzers/mstest0037) [C:\projects\antigravity\gridiron\UnitTestProject1\UnitTestProject1.csproj]
C:\projects\antigravity\gridiron\UnitTestProject1\SpecialTeamsSubstitutionTests.cs(90,13): warning MSTEST0037: Use 'Assert.Contains' instead of 'Assert.IsTrue' (https://learn.microsoft.com/dotnet/core/testing/mstest-analyzers/mstest0037) [C:\projects\antigravity\gridiron\UnitTestProject1\UnitTestProject1.csproj]
C:\projects\antigravity\gridiron\UnitTestProject1\PassPlaySkillsChecksTests.cs(637,13): warning MSTEST0037: Use 'Assert.IsLessThan' instead of 'Assert.IsTrue' (https://learn.microsoft.com/dotnet/core/testing/mstest-analyzers/mstest0037) [C:\projects\antigravity\gridiron\UnitTestProject1\UnitTestProject1.csproj]
C:\projects\antigravity\gridiron\UnitTestProject1\PassPlaySkillsChecksTests.cs(638,13): warning MSTEST0037: Use 'Assert.IsGreaterThan' instead of 'Assert.IsTrue' (https://learn.microsoft.com/dotnet/core/testing/mstest-analyzers/mstest0037) [C:\projects\antigravity\gridiron\UnitTestProject1\UnitTestProject1.csproj]
C:\projects\antigravity\gridiron\UnitTestProject1\KickoffPlayExecutionTests.cs(729,13): warning MSTEST0037: Use 'Assert.IsLessThanOrEqualTo' instead of 'Assert.IsTrue' (https://learn.microsoft.com/dotnet/core/testing/mstest-analyzers/mstest0037) [C:\projects\antigravity\gridiron\UnitTestProject1\UnitTestProject1.csproj]
C:\projects\antigravity\gridiron\UnitTestProject1\RunPlayExecutionTests.cs(494,13): warning MSTEST0037: Use 'Assert.IsGreaterThanOrEqualTo' instead of 'Assert.IsTrue' (https://learn.microsoft.com/dotnet/core/testing/mstest-analyzers/mstest0037) [C:\projects\antigravity\gridiron\UnitTestProject1\UnitTestProject1.csproj]
C:\projects\antigravity\gridiron\UnitTestProject1\TeamsDepthChartTests.cs(33,13): warning MSTEST0037: Use 'Assert.HasCount' instead of 'Assert.AreEqual' (https://learn.microsoft.com/dotnet/core/testing/mstest-analyzers/mstest0037) [C:\projects\antigravity\gridiron\UnitTestProject1\UnitTestProject1.csproj]
C:\projects\antigravity\gridiron\UnitTestProject1\SpecialTeamsSubstitutionTests.cs(141,13): warning MSTEST0037: Use 'Assert.HasCount' instead of 'Assert.AreEqual' (https://learn.microsoft.com/dotnet/core/testing/mstest-analyzers/mstest0037) [C:\projects\antigravity\gridiron\UnitTestProject1\UnitTestProject1.csproj]
C:\projects\antigravity\gridiron\UnitTestProject1\ThirdDownConversionTests.cs(70,13): warning MSTEST0037: Use 'Assert.IsGreaterThanOrEqualTo' instead of 'Assert.IsTrue' (https://learn.microsoft.com/dotnet/core/testing/mstest-analyzers/mstest0037) [C:\projects\antigravity\gridiron\UnitTestProject1\UnitTestProject1.csproj]
C:\projects\antigravity\gridiron\UnitTestProject1\SkillsCheckResultsTests.cs(330,13): warning MSTEST0037: Use 'Assert.IsGreaterThanOrEqualTo' instead of 'Assert.IsTrue' (https://learn.microsoft.com/dotnet/core/testing/mstest-analyzers/mstest0037) [C:\projects\antigravity\gridiron\UnitTestProject1\UnitTestProject1.csproj]
C:\projects\antigravity\gridiron\UnitTestProject1\SkillsCheckResultsTests.cs(331,13): warning MSTEST0037: Use 'Assert.IsLessThan' instead of 'Assert.IsTrue' (https://learn.microsoft.com/dotnet/core/testing/mstest-analyzers/mstest0037) [C:\projects\antigravity\gridiron\UnitTestProject1\UnitTestProject1.csproj]
C:\projects\antigravity\gridiron\UnitTestProject1\RunPlayExecutionTests.cs(515,13): warning MSTEST0037: Use 'Assert.IsLessThanOrEqualTo' instead of 'Assert.IsTrue' (https://learn.microsoft.com/dotnet/core/testing/mstest-analyzers/mstest0037) [C:\projects\antigravity\gridiron\UnitTestProject1\UnitTestProject1.csproj]
C:\projects\antigravity\gridiron\UnitTestProject1\KickoffPlayExecutionTests.cs(754,13): warning MSTEST0037: Use 'Assert.IsNotEmpty' instead of 'Assert.IsTrue' (https://learn.microsoft.com/dotnet/core/testing/mstest-analyzers/mstest0037) [C:\projects\antigravity\gridiron\UnitTestProject1\UnitTestProject1.csproj]
C:\projects\antigravity\gridiron\UnitTestProject1\KickoffPlayExecutionTests.cs(755,13): warning MSTEST0037: Use 'Assert.IsGreaterThanOrEqualTo' instead of 'Assert.IsTrue' (https://learn.microsoft.com/dotnet/core/testing/mstest-analyzers/mstest0037) [C:\projects\antigravity\gridiron\UnitTestProject1\UnitTestProject1.csproj]
C:\projects\antigravity\gridiron\UnitTestProject1\ReplaySeedableRandomTests.cs(660,13): warning MSTEST0037: Use 'Assert.HasCount' instead of 'Assert.AreEqual' (https://learn.microsoft.com/dotnet/core/testing/mstest-analyzers/mstest0037) [C:\projects\antigravity\gridiron\UnitTestProject1\UnitTestProject1.csproj]
C:\projects\antigravity\gridiron\UnitTestProject1\ReplaySeedableRandomTests.cs(661,13): warning MSTEST0037: Use 'Assert.HasCount' instead of 'Assert.AreEqual' (https://learn.microsoft.com/dotnet/core/testing/mstest-analyzers/mstest0037) [C:\projects\antigravity\gridiron\UnitTestProject1\UnitTestProject1.csproj]
C:\projects\antigravity\gridiron\UnitTestProject1\ReplaySeedableRandomTests.cs(662,13): warning MSTEST0037: Use 'Assert.HasCount' instead of 'Assert.AreEqual' (https://learn.microsoft.com/dotnet/core/testing/mstest-analyzers/mstest0037) [C:\projects\antigravity\gridiron\UnitTestProject1\UnitTestProject1.csproj]
C:\projects\antigravity\gridiron\UnitTestProject1\SpecialTeamsSubstitutionTests.cs(161,13): warning MSTEST0037: Use 'Assert.HasCount' instead of 'Assert.AreEqual' (https://learn.microsoft.com/dotnet/core/testing/mstest-analyzers/mstest0037) [C:\projects\antigravity\gridiron\UnitTestProject1\UnitTestProject1.csproj]
C:\projects\antigravity\gridiron\UnitTestProject1\TimeConsumptionTests.cs(141,13): warning MSTEST0037: Use 'Assert.IsGreaterThan' instead of 'Assert.IsTrue' (https://learn.microsoft.com/dotnet/core/testing/mstest-analyzers/mstest0037) [C:\projects\antigravity\gridiron\UnitTestProject1\UnitTestProject1.csproj]
C:\projects\antigravity\gridiron\UnitTestProject1\TeamsDepthChartTests.cs(52,13): warning MSTEST0037: Use 'Assert.HasCount' instead of 'Assert.AreEqual' (https://learn.microsoft.com/dotnet/core/testing/mstest-analyzers/mstest0037) [C:\projects\antigravity\gridiron\UnitTestProject1\UnitTestProject1.csproj]
C:\projects\antigravity\gridiron\UnitTestProject1\ThirdDownConversionTests.cs(88,13): warning MSTEST0037: Use 'Assert.IsLessThan' instead of 'Assert.IsTrue' (https://learn.microsoft.com/dotnet/core/testing/mstest-analyzers/mstest0037) [C:\projects\antigravity\gridiron\UnitTestProject1\UnitTestProject1.csproj]
C:\projects\antigravity\gridiron\UnitTestProject1\SkillsCheckResultsTests.cs(354,13): warning MSTEST0037: Use 'Assert.IsGreaterThan' instead of 'Assert.IsTrue' (https://learn.microsoft.com/dotnet/core/testing/mstest-analyzers/mstest0037) [C:\projects\antigravity\gridiron\UnitTestProject1\UnitTestProject1.csproj]
C:\projects\antigravity\gridiron\UnitTestProject1\SkillsCheckResultsTests.cs(355,13): warning MSTEST0037: Use 'Assert.IsLessThan' instead of 'Assert.IsTrue' (https://learn.microsoft.com/dotnet/core/testing/mstest-analyzers/mstest0037) [C:\projects\antigravity\gridiron\UnitTestProject1\UnitTestProject1.csproj]
C:\projects\antigravity\gridiron\UnitTestProject1\SpecialTeamsSubstitutionTests.cs(189,13): warning MSTEST0037: Use 'Assert.Contains' instead of 'Assert.IsTrue' (https://learn.microsoft.com/dotnet/core/testing/mstest-analyzers/mstest0037) [C:\projects\antigravity\gridiron\UnitTestProject1\UnitTestProject1.csproj]
C:\projects\antigravity\gridiron\UnitTestProject1\SpecialTeamsSubstitutionTests.cs(221,13): warning MSTEST0037: Use 'Assert.Contains' instead of 'Assert.IsTrue' (https://learn.microsoft.com/dotnet/core/testing/mstest-analyzers/mstest0037) [C:\projects\antigravity\gridiron\UnitTestProject1\UnitTestProject1.csproj]
C:\projects\antigravity\gridiron\UnitTestProject1\TeamsDepthChartTests.cs(68,13): warning MSTEST0037: Use 'Assert.HasCount' instead of 'Assert.AreEqual' (https://learn.microsoft.com/dotnet/core/testing/mstest-analyzers/mstest0037) [C:\projects\antigravity\gridiron\UnitTestProject1\UnitTestProject1.csproj]
C:\projects\antigravity\gridiron\UnitTestProject1\PuntPlayExecutionTests.cs(783,13): warning MSTEST0037: Use 'Assert.IsEmpty' instead of 'Assert.AreEqual' (https://learn.microsoft.com/dotnet/core/testing/mstest-analyzers/mstest0037) [C:\projects\antigravity\gridiron\UnitTestProject1\UnitTestProject1.csproj]
C:\projects\antigravity\gridiron\UnitTestProject1\SkillsCheckResultsTests.cs(376,13): warning MSTEST0037: Use 'Assert.IsGreaterThanOrEqualTo' instead of 'Assert.IsTrue' (https://learn.microsoft.com/dotnet/core/testing/mstest-analyzers/mstest0037) [C:\projects\antigravity\gridiron\UnitTestProject1\UnitTestProject1.csproj]
C:\projects\antigravity\gridiron\UnitTestProject1\SkillsCheckResultsTests.cs(377,13): warning MSTEST0037: Use 'Assert.IsLessThanOrEqualTo' instead of 'Assert.IsTrue' (https://learn.microsoft.com/dotnet/core/testing/mstest-analyzers/mstest0037) [C:\projects\antigravity\gridiron\UnitTestProject1\UnitTestProject1.csproj]
C:\projects\antigravity\gridiron\UnitTestProject1\KickoffPlayExecutionTests.cs(780,13): warning MSTEST0037: Use 'Assert.IsNotEmpty' instead of 'Assert.IsTrue' (https://learn.microsoft.com/dotnet/core/testing/mstest-analyzers/mstest0037) [C:\projects\antigravity\gridiron\UnitTestProject1\UnitTestProject1.csproj]
C:\projects\antigravity\gridiron\UnitTestProject1\PassPlaySkillsChecksTests.cs(670,13): warning MSTEST0037: Use 'Assert.IsGreaterThan' instead of 'Assert.IsTrue' (https://learn.microsoft.com/dotnet/core/testing/mstest-analyzers/mstest0037) [C:\projects\antigravity\gridiron\UnitTestProject1\UnitTestProject1.csproj]
C:\projects\antigravity\gridiron\UnitTestProject1\KickoffPlayExecutionTests.cs(781,13): warning MSTEST0037: Use 'Assert.IsLessThan' instead of 'Assert.IsTrue' (https://learn.microsoft.com/dotnet/core/testing/mstest-analyzers/mstest0037) [C:\projects\antigravity\gridiron\UnitTestProject1\UnitTestProject1.csproj]
C:\projects\antigravity\gridiron\UnitTestProject1\SkillsCheckResultsTests.cs(398,13): warning MSTEST0037: Use 'Assert.IsGreaterThanOrEqualTo' instead of 'Assert.IsTrue' (https://learn.microsoft.com/dotnet/core/testing/mstest-analyzers/mstest0037) [C:\projects\antigravity\gridiron\UnitTestProject1\UnitTestProject1.csproj]
C:\projects\antigravity\gridiron\UnitTestProject1\SkillsCheckResultsTests.cs(399,13): warning MSTEST0037: Use 'Assert.IsLessThanOrEqualTo' instead of 'Assert.IsTrue' (https://learn.microsoft.com/dotnet/core/testing/mstest-analyzers/mstest0037) [C:\projects\antigravity\gridiron\UnitTestProject1\UnitTestProject1.csproj]
C:\projects\antigravity\gridiron\UnitTestProject1\SpecialTeamsSubstitutionTests.cs(245,13): warning MSTEST0037: Use 'Assert.HasCount' instead of 'Assert.AreEqual' (https://learn.microsoft.com/dotnet/core/testing/mstest-analyzers/mstest0037) [C:\projects\antigravity\gridiron\UnitTestProject1\UnitTestProject1.csproj]
C:\projects\antigravity\gridiron\UnitTestProject1\PlayArchitectureTests.cs(815,13): warning MSTEST0037: Use 'Assert.HasCount' instead of 'Assert.AreEqual' (https://learn.microsoft.com/dotnet/core/testing/mstest-analyzers/mstest0037) [C:\projects\antigravity\gridiron\UnitTestProject1\UnitTestProject1.csproj]
C:\projects\antigravity\gridiron\UnitTestProject1\TimeConsumptionTests.cs(177,13): warning MSTEST0037: Use 'Assert.IsGreaterThan' instead of 'Assert.IsTrue' (https://learn.microsoft.com/dotnet/core/testing/mstest-analyzers/mstest0037) [C:\projects\antigravity\gridiron\UnitTestProject1\UnitTestProject1.csproj]
C:\projects\antigravity\gridiron\UnitTestProject1\ThirdDownConversionTests.cs(110,13): warning MSTEST0037: Use 'Assert.IsGreaterThanOrEqualTo' instead of 'Assert.IsTrue' (https://learn.microsoft.com/dotnet/core/testing/mstest-analyzers/mstest0037) [C:\projects\antigravity\gridiron\UnitTestProject1\UnitTestProject1.csproj]
C:\projects\antigravity\gridiron\UnitTestProject1\SpecialTeamsSubstitutionTests.cs(271,13): warning MSTEST0037: Use 'Assert.HasCount' instead of 'Assert.AreEqual' (https://learn.microsoft.com/dotnet/core/testing/mstest-analyzers/mstest0037) [C:\projects\antigravity\gridiron\UnitTestProject1\UnitTestProject1.csproj]
C:\projects\antigravity\gridiron\UnitTestProject1\PuntPlayExecutionTests.cs(802,13): warning MSTEST0037: Use 'Assert.IsNotEmpty' instead of 'Assert.IsTrue' (https://learn.microsoft.com/dotnet/core/testing/mstest-analyzers/mstest0037) [C:\projects\antigravity\gridiron\UnitTestProject1\UnitTestProject1.csproj]
C:\projects\antigravity\gridiron\UnitTestProject1\PuntPlayExecutionTests.cs(804,13): warning MSTEST0037: Use 'Assert.IsGreaterThanOrEqualTo' instead of 'Assert.IsTrue' (https://learn.microsoft.com/dotnet/core/testing/mstest-analyzers/mstest0037) [C:\projects\antigravity\gridiron\UnitTestProject1\UnitTestProject1.csproj]
C:\projects\antigravity\gridiron\UnitTestProject1\SpecialTeamsSubstitutionTests.cs(292,13): warning MSTEST0037: Use 'Assert.HasCount' instead of 'Assert.AreEqual' (https://learn.microsoft.com/dotnet/core/testing/mstest-analyzers/mstest0037) [C:\projects\antigravity\gridiron\UnitTestProject1\UnitTestProject1.csproj]
C:\projects\antigravity\gridiron\UnitTestProject1\SkillsCheckResultsTests.cs(424,13): warning MSTEST0037: Use 'Assert.IsGreaterThanOrEqualTo' instead of 'Assert.IsTrue' (https://learn.microsoft.com/dotnet/core/testing/mstest-analyzers/mstest0037) [C:\projects\antigravity\gridiron\UnitTestProject1\UnitTestProject1.csproj]
C:\projects\antigravity\gridiron\UnitTestProject1\SkillsCheckResultsTests.cs(425,13): warning MSTEST0037: Use 'Assert.IsLessThan' instead of 'Assert.IsTrue' (https://learn.microsoft.com/dotnet/core/testing/mstest-analyzers/mstest0037) [C:\projects\antigravity\gridiron\UnitTestProject1\UnitTestProject1.csproj]
C:\projects\antigravity\gridiron\UnitTestProject1\TeamsDepthChartTests.cs(84,13): warning MSTEST0037: Use 'Assert.HasCount' instead of 'Assert.AreEqual' (https://learn.microsoft.com/dotnet/core/testing/mstest-analyzers/mstest0037) [C:\projects\antigravity\gridiron\UnitTestProject1\UnitTestProject1.csproj]
C:\projects\antigravity\gridiron\UnitTestProject1\SkillsCheckResultsTests.cs(446,13): warning MSTEST0037: Use 'Assert.IsLessThan' instead of 'Assert.IsTrue' (https://learn.microsoft.com/dotnet/core/testing/mstest-analyzers/mstest0037) [C:\projects\antigravity\gridiron\UnitTestProject1\UnitTestProject1.csproj]
C:\projects\antigravity\gridiron\UnitTestProject1\SkillsCheckResultsTests.cs(467,13): warning MSTEST0037: Use 'Assert.IsGreaterThanOrEqualTo' instead of 'Assert.IsTrue' (https://learn.microsoft.com/dotnet/core/testing/mstest-analyzers/mstest0037) [C:\projects\antigravity\gridiron\UnitTestProject1\UnitTestProject1.csproj]
C:\projects\antigravity\gridiron\UnitTestProject1\SpecialTeamsSubstitutionTests.cs(323,13): warning MSTEST0037: Use 'Assert.Contains' instead of 'Assert.IsTrue' (https://learn.microsoft.com/dotnet/core/testing/mstest-analyzers/mstest0037) [C:\projects\antigravity\gridiron\UnitTestProject1\UnitTestProject1.csproj]
C:\projects\antigravity\gridiron\UnitTestProject1\SpecialTeamsSubstitutionTests.cs(358,13): warning MSTEST0037: Use 'Assert.Contains' instead of 'Assert.IsTrue' (https://learn.microsoft.com/dotnet/core/testing/mstest-analyzers/mstest0037) [C:\projects\antigravity\gridiron\UnitTestProject1\UnitTestProject1.csproj]
C:\projects\antigravity\gridiron\UnitTestProject1\ThirdDownConversionTests.cs(128,13): warning MSTEST0037: Use 'Assert.IsLessThan' instead of 'Assert.IsTrue' (https://learn.microsoft.com/dotnet/core/testing/mstest-analyzers/mstest0037) [C:\projects\antigravity\gridiron\UnitTestProject1\UnitTestProject1.csproj]
C:\projects\antigravity\gridiron\UnitTestProject1\ThirdDownConversionTests.cs(147,13): warning MSTEST0037: Use 'Assert.IsGreaterThanOrEqualTo' instead of 'Assert.IsTrue' (https://learn.microsoft.com/dotnet/core/testing/mstest-analyzers/mstest0037) [C:\projects\antigravity\gridiron\UnitTestProject1\UnitTestProject1.csproj]
C:\projects\antigravity\gridiron\UnitTestProject1\SpecialTeamsSubstitutionTests.cs(392,13): warning MSTEST0037: Use 'Assert.Contains' instead of 'Assert.IsTrue' (https://learn.microsoft.com/dotnet/core/testing/mstest-analyzers/mstest0037) [C:\projects\antigravity\gridiron\UnitTestProject1\UnitTestProject1.csproj]
C:\projects\antigravity\gridiron\UnitTestProject1\ThirdDownConversionTests.cs(169,13): warning MSTEST0037: Use 'Assert.IsGreaterThanOrEqualTo' instead of 'Assert.IsTrue' (https://learn.microsoft.com/dotnet/core/testing/mstest-analyzers/mstest0037) [C:\projects\antigravity\gridiron\UnitTestProject1\UnitTestProject1.csproj]
C:\projects\antigravity\gridiron\UnitTestProject1\PlayArchitectureTests.cs(903,13): warning MSTEST0037: Use 'Assert.HasCount' instead of 'Assert.AreEqual' (https://learn.microsoft.com/dotnet/core/testing/mstest-analyzers/mstest0037) [C:\projects\antigravity\gridiron\UnitTestProject1\UnitTestProject1.csproj]
C:\projects\antigravity\gridiron\UnitTestProject1\PuntPlayExecutionTests.cs(867,13): warning MSTEST0037: Use 'Assert.IsNotEmpty' instead of 'Assert.IsTrue' (https://learn.microsoft.com/dotnet/core/testing/mstest-analyzers/mstest0037) [C:\projects\antigravity\gridiron\UnitTestProject1\UnitTestProject1.csproj]
C:\projects\antigravity\gridiron\UnitTestProject1\ThirdDownConversionTests.cs(188,13): warning MSTEST0037: Use 'Assert.IsGreaterThanOrEqualTo' instead of 'Assert.IsTrue' (https://learn.microsoft.com/dotnet/core/testing/mstest-analyzers/mstest0037) [C:\projects\antigravity\gridiron\UnitTestProject1\UnitTestProject1.csproj]
C:\projects\antigravity\gridiron\UnitTestProject1\PlayArchitectureTests.cs(1003,13): warning MSTEST0037: Use 'Assert.HasCount' instead of 'Assert.AreEqual' (https://learn.microsoft.com/dotnet/core/testing/mstest-analyzers/mstest0037) [C:\projects\antigravity\gridiron\UnitTestProject1\UnitTestProject1.csproj]
C:\projects\antigravity\gridiron\UnitTestProject1\SpecialTeamsSubstitutionTests.cs(445,13): warning MSTEST0037: Use 'Assert.HasCount' instead of 'Assert.AreEqual' (https://learn.microsoft.com/dotnet/core/testing/mstest-analyzers/mstest0037) [C:\projects\antigravity\gridiron\UnitTestProject1\UnitTestProject1.csproj]
C:\projects\antigravity\gridiron\UnitTestProject1\PuntPlayExecutionTests.cs(893,13): warning MSTEST0037: Use 'Assert.IsNotEmpty' instead of 'Assert.IsTrue' (https://learn.microsoft.com/dotnet/core/testing/mstest-analyzers/mstest0037) [C:\projects\antigravity\gridiron\UnitTestProject1\UnitTestProject1.csproj]
C:\projects\antigravity\gridiron\UnitTestProject1\ThirdDownConversionTests.cs(224,13): warning MSTEST0037: Use 'Assert.IsLessThan' instead of 'Assert.IsTrue' (https://learn.microsoft.com/dotnet/core/testing/mstest-analyzers/mstest0037) [C:\projects\antigravity\gridiron\UnitTestProject1\UnitTestProject1.csproj]
C:\projects\antigravity\gridiron\UnitTestProject1\PuntPlayExecutionTests.cs(913,13): warning MSTEST0037: Use 'Assert.IsGreaterThan' instead of 'Assert.IsTrue' (https://learn.microsoft.com/dotnet/core/testing/mstest-analyzers/mstest0037) [C:\projects\antigravity\gridiron\UnitTestProject1\UnitTestProject1.csproj]
C:\projects\antigravity\gridiron\UnitTestProject1\PlayArchitectureTests.cs(1051,13): warning MSTEST0037: Use 'Assert.HasCount' instead of 'Assert.AreEqual' (https://learn.microsoft.com/dotnet/core/testing/mstest-analyzers/mstest0037) [C:\projects\antigravity\gridiron\UnitTestProject1\UnitTestProject1.csproj]
C:\projects\antigravity\gridiron\UnitTestProject1\PuntPlayExecutionTests.cs(934,17): warning MSTEST0037: Use 'Assert.IsGreaterThan' instead of 'Assert.IsTrue' (https://learn.microsoft.com/dotnet/core/testing/mstest-analyzers/mstest0037) [C:\projects\antigravity\gridiron\UnitTestProject1\UnitTestProject1.csproj]
C:\projects\antigravity\gridiron\UnitTestProject1\PuntPlayExecutionTests.cs(955,13): warning MSTEST0037: Use 'Assert.IsLessThan' instead of 'Assert.IsTrue' (https://learn.microsoft.com/dotnet/core/testing/mstest-analyzers/mstest0037) [C:\projects\antigravity\gridiron\UnitTestProject1\UnitTestProject1.csproj]
C:\projects\antigravity\gridiron\UnitTestProject1\PuntPlayExecutionTests.cs(956,13): warning MSTEST0037: Use 'Assert.IsGreaterThanOrEqualTo' instead of 'Assert.IsTrue' (https://learn.microsoft.com/dotnet/core/testing/mstest-analyzers/mstest0037) [C:\projects\antigravity\gridiron\UnitTestProject1\UnitTestProject1.csproj]
C:\projects\antigravity\gridiron\UnitTestProject1\SpecialTeamsSubstitutionTests.cs(486,13): warning MSTEST0037: Use 'Assert.HasCount' instead of 'Assert.AreEqual' (https://learn.microsoft.com/dotnet/core/testing/mstest-analyzers/mstest0037) [C:\projects\antigravity\gridiron\UnitTestProject1\UnitTestProject1.csproj]
C:\projects\antigravity\gridiron\UnitTestProject1\SpecialTeamsSubstitutionTests.cs(529,13): warning MSTEST0037: Use 'Assert.Contains' instead of 'Assert.IsTrue' (https://learn.microsoft.com/dotnet/core/testing/mstest-analyzers/mstest0037) [C:\projects\antigravity\gridiron\UnitTestProject1\UnitTestProject1.csproj]
C:\projects\antigravity\gridiron\UnitTestProject1\SpecialTeamsSubstitutionTests.cs(533,13): warning MSTEST0037: Use 'Assert.HasCount' instead of 'Assert.AreEqual' (https://learn.microsoft.com/dotnet/core/testing/mstest-analyzers/mstest0037) [C:\projects\antigravity\gridiron\UnitTestProject1\UnitTestProject1.csproj]
C:\projects\antigravity\gridiron\UnitTestProject1\TouchdownConversionFlowTests.cs(407,13): warning MSTEST0037: Use 'Assert.HasCount' instead of 'Assert.AreEqual' (https://learn.microsoft.com/dotnet/core/testing/mstest-analyzers/mstest0037) [C:\projects\antigravity\gridiron\UnitTestProject1\UnitTestProject1.csproj]
C:\projects\antigravity\gridiron\UnitTestProject1\TouchdownConversionFlowTests.cs(408,13): warning MSTEST0037: Use 'Assert.HasCount' instead of 'Assert.AreEqual' (https://learn.microsoft.com/dotnet/core/testing/mstest-analyzers/mstest0037) [C:\projects\antigravity\gridiron\UnitTestProject1\UnitTestProject1.csproj]
C:\projects\antigravity\gridiron\UnitTestProject1\SpecialTeamsSubstitutionTests.cs(560,13): warning MSTEST0037: Use 'Assert.Contains' instead of 'Assert.IsTrue' (https://learn.microsoft.com/dotnet/core/testing/mstest-analyzers/mstest0037) [C:\projects\antigravity\gridiron\UnitTestProject1\UnitTestProject1.csproj]
C:\projects\antigravity\gridiron\UnitTestProject1\SpecialTeamsSubstitutionTests.cs(564,13): warning MSTEST0037: Use 'Assert.HasCount' instead of 'Assert.AreEqual' (https://learn.microsoft.com/dotnet/core/testing/mstest-analyzers/mstest0037) [C:\projects\antigravity\gridiron\UnitTestProject1\UnitTestProject1.csproj]
C:\projects\antigravity\gridiron\UnitTestProject1\PlayArchitectureTests.cs(1117,13): warning MSTEST0037: Use 'Assert.HasCount' instead of 'Assert.AreEqual' (https://learn.microsoft.com/dotnet/core/testing/mstest-analyzers/mstest0037) [C:\projects\antigravity\gridiron\UnitTestProject1\UnitTestProject1.csproj]
C:\projects\antigravity\gridiron\UnitTestProject1\Helpers\FieldGoalPlayScenarios.cs(80,18): error CS1061: 'TestFluentSeedableRandom' does not contain a definition for 'ElapsedTimeRandomFactor' and no accessible extension method 'ElapsedTimeRandomFactor' accepting a first argument of type 'TestFluentSeedableRandom' could be found (are you missing a using directive or an assembly reference?) [C:\projects\antigravity\gridiron\UnitTestProject1\UnitTestProject1.csproj]
C:\projects\antigravity\gridiron\UnitTestProject1\Helpers\FieldGoalPlayScenarios.cs(97,18): error CS1061: 'TestFluentSeedableRandom' does not contain a definition for 'ElapsedTimeRandomFactor' and no accessible extension method 'ElapsedTimeRandomFactor' accepting a first argument of type 'TestFluentSeedableRandom' could be found (are you missing a using directive or an assembly reference?) [C:\projects\antigravity\gridiron\UnitTestProject1\UnitTestProject1.csproj]
C:\projects\antigravity\gridiron\UnitTestProject1\Helpers\FieldGoalPlayScenarios.cs(117,18): error CS1061: 'TestFluentSeedableRandom' does not contain a definition for 'ElapsedTimeRandomFactor' and no accessible extension method 'ElapsedTimeRandomFactor' accepting a first argument of type 'TestFluentSeedableRandom' could be found (are you missing a using directive or an assembly reference?) [C:\projects\antigravity\gridiron\UnitTestProject1\UnitTestProject1.csproj]
C:\projects\antigravity\gridiron\UnitTestProject1\Helpers\FieldGoalPlayScenarios.cs(138,18): error CS1061: 'TestFluentSeedableRandom' does not contain a definition for 'ElapsedTimeRandomFactor' and no accessible extension method 'ElapsedTimeRandomFactor' accepting a first argument of type 'TestFluentSeedableRandom' could be found (are you missing a using directive or an assembly reference?) [C:\projects\antigravity\gridiron\UnitTestProject1\UnitTestProject1.csproj]
C:\projects\antigravity\gridiron\UnitTestProject1\Helpers\FieldGoalPlayScenarios.cs(156,18): error CS1061: 'TestFluentSeedableRandom' does not contain a definition for 'ElapsedTimeRandomFactor' and no accessible extension method 'ElapsedTimeRandomFactor' accepting a first argument of type 'TestFluentSeedableRandom' could be found (are you missing a using directive or an assembly reference?) [C:\projects\antigravity\gridiron\UnitTestProject1\UnitTestProject1.csproj]
C:\projects\antigravity\gridiron\UnitTestProject1\Helpers\FieldGoalPlayScenarios.cs(177,18): error CS1061: 'TestFluentSeedableRandom' does not contain a definition for 'ElapsedTimeRandomFactor' and no accessible extension method 'ElapsedTimeRandomFactor' accepting a first argument of type 'TestFluentSeedableRandom' could be found (are you missing a using directive or an assembly reference?) [C:\projects\antigravity\gridiron\UnitTestProject1\UnitTestProject1.csproj]
C:\projects\antigravity\gridiron\UnitTestProject1\Helpers\FieldGoalPlayScenarios.cs(195,18): error CS1061: 'TestFluentSeedableRandom' does not contain a definition for 'ElapsedTimeRandomFactor' and no accessible extension method 'ElapsedTimeRandomFactor' accepting a first argument of type 'TestFluentSeedableRandom' could be found (are you missing a using directive or an assembly reference?) [C:\projects\antigravity\gridiron\UnitTestProject1\UnitTestProject1.csproj]
C:\projects\antigravity\gridiron\UnitTestProject1\Helpers\FieldGoalPlayScenarios.cs(216,18): error CS1061: 'TestFluentSeedableRandom' does not contain a definition for 'ElapsedTimeRandomFactor' and no accessible extension method 'ElapsedTimeRandomFactor' accepting a first argument of type 'TestFluentSeedableRandom' could be found (are you missing a using directive or an assembly reference?) [C:\projects\antigravity\gridiron\UnitTestProject1\UnitTestProject1.csproj]
C:\projects\antigravity\gridiron\UnitTestProject1\Helpers\FieldGoalPlayScenarios.cs(228,18): error CS1061: 'TestFluentSeedableRandom' does not contain a definition for 'ElapsedTimeRandomFactor' and no accessible extension method 'ElapsedTimeRandomFactor' accepting a first argument of type 'TestFluentSeedableRandom' could be found (are you missing a using directive or an assembly reference?) [C:\projects\antigravity\gridiron\UnitTestProject1\UnitTestProject1.csproj]
C:\projects\antigravity\gridiron\UnitTestProject1\Helpers\FieldGoalPlayScenarios.cs(249,18): error CS1061: 'TestFluentSeedableRandom' does not contain a definition for 'ElapsedTimeRandomFactor' and no accessible extension method 'ElapsedTimeRandomFactor' accepting a first argument of type 'TestFluentSeedableRandom' could be found (are you missing a using directive or an assembly reference?) [C:\projects\antigravity\gridiron\UnitTestProject1\UnitTestProject1.csproj]
C:\projects\antigravity\gridiron\UnitTestProject1\Helpers\FieldGoalPlayScenarios.cs(266,18): error CS1061: 'TestFluentSeedableRandom' does not contain a definition for 'ElapsedTimeRandomFactor' and no accessible extension method 'ElapsedTimeRandomFactor' accepting a first argument of type 'TestFluentSeedableRandom' could be found (are you missing a using directive or an assembly reference?) [C:\projects\antigravity\gridiron\UnitTestProject1\UnitTestProject1.csproj]
C:\projects\antigravity\gridiron\UnitTestProject1\Helpers\KickoffPlayScenarios.cs(81,9): error CS1061: 'TestFluentSeedableRandom' does not contain a definition for 'ElapsedTimeRandomFactor' and no accessible extension method 'ElapsedTimeRandomFactor' accepting a first argument of type 'TestFluentSeedableRandom' could be found (are you missing a using directive or an assembly reference?) [C:\projects\antigravity\gridiron\UnitTestProject1\UnitTestProject1.csproj]
C:\projects\antigravity\gridiron\UnitTestProject1\Helpers\FieldGoalPlayScenarios.cs(279,18): error CS1061: 'TestFluentSeedableRandom' does not contain a definition for 'ElapsedTimeRandomFactor' and no accessible extension method 'ElapsedTimeRandomFactor' accepting a first argument of type 'TestFluentSeedableRandom' could be found (are you missing a using directive or an assembly reference?) [C:\projects\antigravity\gridiron\UnitTestProject1\UnitTestProject1.csproj]
C:\projects\antigravity\gridiron\UnitTestProject1\Helpers\PuntPlayScenarios.cs(133,18): error CS1061: 'TestFluentSeedableRandom' does not contain a definition for 'ElapsedTimeRandomFactor' and no accessible extension method 'ElapsedTimeRandomFactor' accepting a first argument of type 'TestFluentSeedableRandom' could be found (are you missing a using directive or an assembly reference?) [C:\projects\antigravity\gridiron\UnitTestProject1\UnitTestProject1.csproj]
C:\projects\antigravity\gridiron\UnitTestProject1\Helpers\PassPlayScenarios.cs(100,18): error CS1061: 'TestFluentSeedableRandom' does not contain a definition for 'ElapsedTimeRandomFactor' and no accessible extension method 'ElapsedTimeRandomFactor' accepting a first argument of type 'TestFluentSeedableRandom' could be found (are you missing a using directive or an assembly reference?) [C:\projects\antigravity\gridiron\UnitTestProject1\UnitTestProject1.csproj]
C:\projects\antigravity\gridiron\UnitTestProject1\Helpers\FieldGoalPlayScenarios.cs(292,18): error CS1061: 'TestFluentSeedableRandom' does not contain a definition for 'ElapsedTimeRandomFactor' and no accessible extension method 'ElapsedTimeRandomFactor' accepting a first argument of type 'TestFluentSeedableRandom' could be found (are you missing a using directive or an assembly reference?) [C:\projects\antigravity\gridiron\UnitTestProject1\UnitTestProject1.csproj]
C:\projects\antigravity\gridiron\UnitTestProject1\Helpers\KickoffPlayScenarios.cs(155,6): error CS1061: 'TestFluentSeedableRandom' does not contain a definition for 'ElapsedTimeRandomFactor' and no accessible extension method 'ElapsedTimeRandomFactor' accepting a first argument of type 'TestFluentSeedableRandom' could be found (are you missing a using directive or an assembly reference?) [C:\projects\antigravity\gridiron\UnitTestProject1\UnitTestProject1.csproj]
C:\projects\antigravity\gridiron\UnitTestProject1\DownProgressionTests.cs(224,18): error CS1061: 'TestFluentSeedableRandom' does not contain a definition for 'ElapsedTimeRandomFactor' and no accessible extension method 'ElapsedTimeRandomFactor' accepting a first argument of type 'TestFluentSeedableRandom' could be found (are you missing a using directive or an assembly reference?) [C:\projects\antigravity\gridiron\UnitTestProject1\UnitTestProject1.csproj]
C:\projects\antigravity\gridiron\UnitTestProject1\Helpers\KickoffPlayScenarios.cs(171,5): error CS1061: 'TestFluentSeedableRandom' does not contain a definition for 'ElapsedTimeRandomFactor' and no accessible extension method 'ElapsedTimeRandomFactor' accepting a first argument of type 'TestFluentSeedableRandom' could be found (are you missing a using directive or an assembly reference?) [C:\projects\antigravity\gridiron\UnitTestProject1\UnitTestProject1.csproj]
C:\projects\antigravity\gridiron\UnitTestProject1\Helpers\PuntPlayScenarios.cs(176,18): error CS1061: 'TestFluentSeedableRandom' does not contain a definition for 'ElapsedTimeRandomFactor' and no accessible extension method 'ElapsedTimeRandomFactor' accepting a first argument of type 'TestFluentSeedableRandom' could be found (are you missing a using directive or an assembly reference?) [C:\projects\antigravity\gridiron\UnitTestProject1\UnitTestProject1.csproj]
C:\projects\antigravity\gridiron\UnitTestProject1\Helpers\FieldGoalPlayScenarios.cs(306,18): error CS1061: 'TestFluentSeedableRandom' does not contain a definition for 'ElapsedTimeRandomFactor' and no accessible extension method 'ElapsedTimeRandomFactor' accepting a first argument of type 'TestFluentSeedableRandom' could be found (are you missing a using directive or an assembly reference?) [C:\projects\antigravity\gridiron\UnitTestProject1\UnitTestProject1.csproj]
C:\projects\antigravity\gridiron\UnitTestProject1\Helpers\KickoffPlayScenarios.cs(183,15): error CS1061: 'TestFluentSeedableRandom' does not contain a definition for 'ElapsedTimeRandomFactor' and no accessible extension method 'ElapsedTimeRandomFactor' accepting a first argument of type 'TestFluentSeedableRandom' could be found (are you missing a using directive or an assembly reference?) [C:\projects\antigravity\gridiron\UnitTestProject1\UnitTestProject1.csproj]
C:\projects\antigravity\gridiron\UnitTestProject1\Helpers\PuntPlayScenarios.cs(197,18): error CS1061: 'TestFluentSeedableRandom' does not contain a definition for 'ElapsedTimeRandomFactor' and no accessible extension method 'ElapsedTimeRandomFactor' accepting a first argument of type 'TestFluentSeedableRandom' could be found (are you missing a using directive or an assembly reference?) [C:\projects\antigravity\gridiron\UnitTestProject1\UnitTestProject1.csproj]
C:\projects\antigravity\gridiron\UnitTestProject1\Helpers\PassPlayScenarios.cs(148,18): error CS1061: 'TestFluentSeedableRandom' does not contain a definition for 'ElapsedTimeRandomFactor' and no accessible extension method 'ElapsedTimeRandomFactor' accepting a first argument of type 'TestFluentSeedableRandom' could be found (are you missing a using directive or an assembly reference?) [C:\projects\antigravity\gridiron\UnitTestProject1\UnitTestProject1.csproj]
C:\projects\antigravity\gridiron\UnitTestProject1\Helpers\PuntPlayScenarios.cs(209,18): error CS1061: 'TestFluentSeedableRandom' does not contain a definition for 'ElapsedTimeRandomFactor' and no accessible extension method 'ElapsedTimeRandomFactor' accepting a first argument of type 'TestFluentSeedableRandom' could be found (are you missing a using directive or an assembly reference?) [C:\projects\antigravity\gridiron\UnitTestProject1\UnitTestProject1.csproj]
C:\projects\antigravity\gridiron\UnitTestProject1\Helpers\KickoffPlayScenarios.cs(214,2): error CS1061: 'TestFluentSeedableRandom' does not contain a definition for 'ElapsedTimeRandomFactor' and no accessible extension method 'ElapsedTimeRandomFactor' accepting a first argument of type 'TestFluentSeedableRandom' could be found (are you missing a using directive or an assembly reference?) [C:\projects\antigravity\gridiron\UnitTestProject1\UnitTestProject1.csproj]
C:\projects\antigravity\gridiron\UnitTestProject1\Helpers\FieldGoalPlayScenarios.cs(320,18): error CS1061: 'TestFluentSeedableRandom' does not contain a definition for 'ElapsedTimeRandomFactor' and no accessible extension method 'ElapsedTimeRandomFactor' accepting a first argument of type 'TestFluentSeedableRandom' could be found (are you missing a using directive or an assembly reference?) [C:\projects\antigravity\gridiron\UnitTestProject1\UnitTestProject1.csproj]
C:\projects\antigravity\gridiron\UnitTestProject1\Helpers\RunPlayScenarios.cs(70,18): error CS1061: 'TestFluentSeedableRandom' does not contain a definition for 'ElapsedTimeRandomFactor' and no accessible extension method 'ElapsedTimeRandomFactor' accepting a first argument of type 'TestFluentSeedableRandom' could be found (are you missing a using directive or an assembly reference?) [C:\projects\antigravity\gridiron\UnitTestProject1\UnitTestProject1.csproj]
C:\projects\antigravity\gridiron\UnitTestProject1\Helpers\PuntPlayScenarios.cs(230,18): error CS1061: 'TestFluentSeedableRandom' does not contain a definition for 'ElapsedTimeRandomFactor' and no accessible extension method 'ElapsedTimeRandomFactor' accepting a first argument of type 'TestFluentSeedableRandom' could be found (are you missing a using directive or an assembly reference?) [C:\projects\antigravity\gridiron\UnitTestProject1\UnitTestProject1.csproj]
C:\projects\antigravity\gridiron\UnitTestProject1\Helpers\KickoffPlayScenarios.cs(235,18): error CS1061: 'TestFluentSeedableRandom' does not contain a definition for 'ElapsedTimeRandomFactor' and no accessible extension method 'ElapsedTimeRandomFactor' accepting a first argument of type 'TestFluentSeedableRandom' could be found (are you missing a using directive or an assembly reference?) [C:\projects\antigravity\gridiron\UnitTestProject1\UnitTestProject1.csproj]
C:\projects\antigravity\gridiron\UnitTestProject1\Helpers\PuntPlayScenarios.cs(252,18): error CS1061: 'TestFluentSeedableRandom' does not contain a definition for 'ElapsedTimeRandomFactor' and no accessible extension method 'ElapsedTimeRandomFactor' accepting a first argument of type 'TestFluentSeedableRandom' could be found (are you missing a using directive or an assembly reference?) [C:\projects\antigravity\gridiron\UnitTestProject1\UnitTestProject1.csproj]
C:\projects\antigravity\gridiron\UnitTestProject1\Helpers\KickoffPlayScenarios.cs(269,6): error CS1061: 'TestFluentSeedableRandom' does not contain a definition for 'ElapsedTimeRandomFactor' and no accessible extension method 'ElapsedTimeRandomFactor' accepting a first argument of type 'TestFluentSeedableRandom' could be found (are you missing a using directive or an assembly reference?) [C:\projects\antigravity\gridiron\UnitTestProject1\UnitTestProject1.csproj]
C:\projects\antigravity\gridiron\UnitTestProject1\Helpers\PuntPlayScenarios.cs(266,18): error CS1061: 'TestFluentSeedableRandom' does not contain a definition for 'ElapsedTimeRandomFactor' and no accessible extension method 'ElapsedTimeRandomFactor' accepting a first argument of type 'TestFluentSeedableRandom' could be found (are you missing a using directive or an assembly reference?) [C:\projects\antigravity\gridiron\UnitTestProject1\UnitTestProject1.csproj]
C:\projects\antigravity\gridiron\UnitTestProject1\Helpers\PuntPlayScenarios.cs(279,18): error CS1061: 'TestFluentSeedableRandom' does not contain a definition for 'ElapsedTimeRandomFactor' and no accessible extension method 'ElapsedTimeRandomFactor' accepting a first argument of type 'TestFluentSeedableRandom' could be found (are you missing a using directive or an assembly reference?) [C:\projects\antigravity\gridiron\UnitTestProject1\UnitTestProject1.csproj]
C:\projects\antigravity\gridiron\UnitTestProject1\Helpers\FieldGoalPlayScenarios.cs(350,17): error CS1061: 'TestFluentSeedableRandom' does not contain a definition for 'ElapsedTimeRandomFactor' and no accessible extension method 'ElapsedTimeRandomFactor' accepting a first argument of type 'TestFluentSeedableRandom' could be found (are you missing a using directive or an assembly reference?) [C:\projects\antigravity\gridiron\UnitTestProject1\UnitTestProject1.csproj]
C:\projects\antigravity\gridiron\UnitTestProject1\Helpers\KickoffPlayScenarios.cs(307,9): error CS1061: 'TestFluentSeedableRandom' does not contain a definition for 'ElapsedTimeRandomFactor' and no accessible extension method 'ElapsedTimeRandomFactor' accepting a first argument of type 'TestFluentSeedableRandom' could be found (are you missing a using directive or an assembly reference?) [C:\projects\antigravity\gridiron\UnitTestProject1\UnitTestProject1.csproj]
C:\projects\antigravity\gridiron\UnitTestProject1\Helpers\RunPlayScenarios.cs(98,18): error CS1061: 'TestFluentSeedableRandom' does not contain a definition for 'ElapsedTimeRandomFactor' and no accessible extension method 'ElapsedTimeRandomFactor' accepting a first argument of type 'TestFluentSeedableRandom' could be found (are you missing a using directive or an assembly reference?) [C:\projects\antigravity\gridiron\UnitTestProject1\UnitTestProject1.csproj]
C:\projects\antigravity\gridiron\UnitTestProject1\DownProgressionTests.cs(255,18): error CS1061: 'TestFluentSeedableRandom' does not contain a definition for 'ElapsedTimeRandomFactor' and no accessible extension method 'ElapsedTimeRandomFactor' accepting a first argument of type 'TestFluentSeedableRandom' could be found (are you missing a using directive or an assembly reference?) [C:\projects\antigravity\gridiron\UnitTestProject1\UnitTestProject1.csproj]
C:\projects\antigravity\gridiron\UnitTestProject1\Helpers\KickoffPlayScenarios.cs(334,16): error CS1061: 'TestFluentSeedableRandom' does not contain a definition for 'ElapsedTimeRandomFactor' and no accessible extension method 'ElapsedTimeRandomFactor' accepting a first argument of type 'TestFluentSeedableRandom' could be found (are you missing a using directive or an assembly reference?) [C:\projects\antigravity\gridiron\UnitTestProject1\UnitTestProject1.csproj]
C:\projects\antigravity\gridiron\UnitTestProject1\Helpers\FieldGoalPlayScenarios.cs(371,18): error CS1061: 'TestFluentSeedableRandom' does not contain a definition for 'ElapsedTimeRandomFactor' and no accessible extension method 'ElapsedTimeRandomFactor' accepting a first argument of type 'TestFluentSeedableRandom' could be found (are you missing a using directive or an assembly reference?) [C:\projects\antigravity\gridiron\UnitTestProject1\UnitTestProject1.csproj]
C:\projects\antigravity\gridiron\UnitTestProject1\Helpers\KickoffPlayScenarios.cs(357,6): error CS1061: 'TestFluentSeedableRandom' does not contain a definition for 'ElapsedTimeRandomFactor' and no accessible extension method 'ElapsedTimeRandomFactor' accepting a first argument of type 'TestFluentSeedableRandom' could be found (are you missing a using directive or an assembly reference?) [C:\projects\antigravity\gridiron\UnitTestProject1\UnitTestProject1.csproj]
C:\projects\antigravity\gridiron\UnitTestProject1\Helpers\PassPlayScenarios.cs(178,18): error CS1061: 'TestFluentSeedableRandom' does not contain a definition for 'ElapsedTimeRandomFactor' and no accessible extension method 'ElapsedTimeRandomFactor' accepting a first argument of type 'TestFluentSeedableRandom' could be found (are you missing a using directive or an assembly reference?) [C:\projects\antigravity\gridiron\UnitTestProject1\UnitTestProject1.csproj]
C:\projects\antigravity\gridiron\UnitTestProject1\Helpers\PuntPlayScenarios.cs(389,18): error CS1061: 'TestFluentSeedableRandom' does not contain a definition for 'ElapsedTimeRandomFactor' and no accessible extension method 'ElapsedTimeRandomFactor' accepting a first argument of type 'TestFluentSeedableRandom' could be found (are you missing a using directive or an assembly reference?) [C:\projects\antigravity\gridiron\UnitTestProject1\UnitTestProject1.csproj]
C:\projects\antigravity\gridiron\UnitTestProject1\Helpers\RunPlayScenarios.cs(127,18): error CS1061: 'TestFluentSeedableRandom' does not contain a definition for 'ElapsedTimeRandomFactor' and no accessible extension method 'ElapsedTimeRandomFactor' accepting a first argument of type 'TestFluentSeedableRandom' could be found (are you missing a using directive or an assembly reference?) [C:\projects\antigravity\gridiron\UnitTestProject1\UnitTestProject1.csproj]
C:\projects\antigravity\gridiron\UnitTestProject1\Helpers\PuntPlayScenarios.cs(406,18): error CS1061: 'TestFluentSeedableRandom' does not contain a definition for 'ElapsedTimeRandomFactor' and no accessible extension method 'ElapsedTimeRandomFactor' accepting a first argument of type 'TestFluentSeedableRandom' could be found (are you missing a using directive or an assembly reference?) [C:\projects\antigravity\gridiron\UnitTestProject1\UnitTestProject1.csproj]
C:\projects\antigravity\gridiron\UnitTestProject1\Helpers\PuntPlayScenarios.cs(435,18): error CS1061: 'TestFluentSeedableRandom' does not contain a definition for 'ElapsedTimeRandomFactor' and no accessible extension method 'ElapsedTimeRandomFactor' accepting a first argument of type 'TestFluentSeedableRandom' could be found (are you missing a using directive or an assembly reference?) [C:\projects\antigravity\gridiron\UnitTestProject1\UnitTestProject1.csproj]
C:\projects\antigravity\gridiron\UnitTestProject1\Helpers\PassPlayScenarios.cs(232,18): error CS1061: 'TestFluentSeedableRandom' does not contain a definition for 'ElapsedTimeRandomFactor' and no accessible extension method 'ElapsedTimeRandomFactor' accepting a first argument of type 'TestFluentSeedableRandom' could be found (are you missing a using directive or an assembly reference?) [C:\projects\antigravity\gridiron\UnitTestProject1\UnitTestProject1.csproj]
C:\projects\antigravity\gridiron\UnitTestProject1\Helpers\PuntPlayScenarios.cs(457,18): error CS1061: 'TestFluentSeedableRandom' does not contain a definition for 'ElapsedTimeRandomFactor' and no accessible extension method 'ElapsedTimeRandomFactor' accepting a first argument of type 'TestFluentSeedableRandom' could be found (are you missing a using directive or an assembly reference?) [C:\projects\antigravity\gridiron\UnitTestProject1\UnitTestProject1.csproj]
C:\projects\antigravity\gridiron\UnitTestProject1\Helpers\KickoffPlayScenarios.cs(391,13): error CS1061: 'TestFluentSeedableRandom' does not contain a definition for 'ElapsedTimeRandomFactor' and no accessible extension method 'ElapsedTimeRandomFactor' accepting a first argument of type 'TestFluentSeedableRandom' could be found (are you missing a using directive or an assembly reference?) [C:\projects\antigravity\gridiron\UnitTestProject1\UnitTestProject1.csproj]
C:\projects\antigravity\gridiron\UnitTestProject1\Helpers\KickoffPlayScenarios.cs(441,14): error CS1061: 'TestFluentSeedableRandom' does not contain a definition for 'ElapsedTimeRandomFactor' and no accessible extension method 'ElapsedTimeRandomFactor' accepting a first argument of type 'TestFluentSeedableRandom' could be found (are you missing a using directive or an assembly reference?) [C:\projects\antigravity\gridiron\UnitTestProject1\UnitTestProject1.csproj]
C:\projects\antigravity\gridiron\UnitTestProject1\Helpers\PassPlayScenarios.cs(260,18): error CS1061: 'TestFluentSeedableRandom' does not contain a definition for 'ElapsedTimeRandomFactor' and no accessible extension method 'ElapsedTimeRandomFactor' accepting a first argument of type 'TestFluentSeedableRandom' could be found (are you missing a using directive or an assembly reference?) [C:\projects\antigravity\gridiron\UnitTestProject1\UnitTestProject1.csproj]
C:\projects\antigravity\gridiron\UnitTestProject1\Helpers\PassPlayScenarios.cs(304,18): error CS1061: 'TestFluentSeedableRandom' does not contain a definition for 'ElapsedTimeRandomFactor' and no accessible extension method 'ElapsedTimeRandomFactor' accepting a first argument of type 'TestFluentSeedableRandom' could be found (are you missing a using directive or an assembly reference?) [C:\projects\antigravity\gridiron\UnitTestProject1\UnitTestProject1.csproj]
C:\projects\antigravity\gridiron\UnitTestProject1\Helpers\PuntPlayScenarios.cs(507,18): error CS1061: 'TestFluentSeedableRandom' does not contain a definition for 'ElapsedTimeRandomFactor' and no accessible extension method 'ElapsedTimeRandomFactor' accepting a first argument of type 'TestFluentSeedableRandom' could be found (are you missing a using directive or an assembly reference?) [C:\projects\antigravity\gridiron\UnitTestProject1\UnitTestProject1.csproj]
C:\projects\antigravity\gridiron\UnitTestProject1\Helpers\FieldGoalPlayScenarios.cs(402,22): error CS1061: 'TestFluentSeedableRandom' does not contain a definition for 'ElapsedTimeRandomFactor' and no accessible extension method 'ElapsedTimeRandomFactor' accepting a first argument of type 'TestFluentSeedableRandom' could be found (are you missing a using directive or an assembly reference?) [C:\projects\antigravity\gridiron\UnitTestProject1\UnitTestProject1.csproj]
C:\projects\antigravity\gridiron\UnitTestProject1\Helpers\FieldGoalPlayScenarios.cs(424,21): error CS1061: 'TestFluentSeedableRandom' does not contain a definition for 'ElapsedTimeRandomFactor' and no accessible extension method 'ElapsedTimeRandomFactor' accepting a first argument of type 'TestFluentSeedableRandom' could be found (are you missing a using directive or an assembly reference?) [C:\projects\antigravity\gridiron\UnitTestProject1\UnitTestProject1.csproj]
C:\projects\antigravity\gridiron\UnitTestProject1\Helpers\FieldGoalPlayScenarios.cs(443,17): error CS1061: 'TestFluentSeedableRandom' does not contain a definition for 'ElapsedTimeRandomFactor' and no accessible extension method 'ElapsedTimeRandomFactor' accepting a first argument of type 'TestFluentSeedableRandom' could be found (are you missing a using directive or an assembly reference?) [C:\projects\antigravity\gridiron\UnitTestProject1\UnitTestProject1.csproj]
C:\projects\antigravity\gridiron\UnitTestProject1\Helpers\PuntPlayScenarios.cs(536,18): error CS1061: 'TestFluentSeedableRandom' does not contain a definition for 'ElapsedTimeRandomFactor' and no accessible extension method 'ElapsedTimeRandomFactor' accepting a first argument of type 'TestFluentSeedableRandom' could be found (are you missing a using directive or an assembly reference?) [C:\projects\antigravity\gridiron\UnitTestProject1\UnitTestProject1.csproj]
C:\projects\antigravity\gridiron\UnitTestProject1\Helpers\PassPlayScenarios.cs(330,18): error CS1061: 'TestFluentSeedableRandom' does not contain a definition for 'ElapsedTimeRandomFactor' and no accessible extension method 'ElapsedTimeRandomFactor' accepting a first argument of type 'TestFluentSeedableRandom' could be found (are you missing a using directive or an assembly reference?) [C:\projects\antigravity\gridiron\UnitTestProject1\UnitTestProject1.csproj]
C:\projects\antigravity\gridiron\UnitTestProject1\Helpers\PuntPlayScenarios.cs(556,18): error CS1061: 'TestFluentSeedableRandom' does not contain a definition for 'ElapsedTimeRandomFactor' and no accessible extension method 'ElapsedTimeRandomFactor' accepting a first argument of type 'TestFluentSeedableRandom' could be found (are you missing a using directive or an assembly reference?) [C:\projects\antigravity\gridiron\UnitTestProject1\UnitTestProject1.csproj]
C:\projects\antigravity\gridiron\UnitTestProject1\Helpers\PassPlayScenarios.cs(363,18): error CS1061: 'TestFluentSeedableRandom' does not contain a definition for 'ElapsedTimeRandomFactor' and no accessible extension method 'ElapsedTimeRandomFactor' accepting a first argument of type 'TestFluentSeedableRandom' could be found (are you missing a using directive or an assembly reference?) [C:\projects\antigravity\gridiron\UnitTestProject1\UnitTestProject1.csproj]
C:\projects\antigravity\gridiron\UnitTestProject1\Helpers\PassPlayScenarios.cs(392,18): error CS1061: 'TestFluentSeedableRandom' does not contain a definition for 'ElapsedTimeRandomFactor' and no accessible extension method 'ElapsedTimeRandomFactor' accepting a first argument of type 'TestFluentSeedableRandom' could be found (are you missing a using directive or an assembly reference?) [C:\projects\antigravity\gridiron\UnitTestProject1\UnitTestProject1.csproj]
C:\projects\antigravity\gridiron\UnitTestProject1\Helpers\RunPlayScenarios.cs(166,18): error CS1061: 'TestFluentSeedableRandom' does not contain a definition for 'ElapsedTimeRandomFactor' and no accessible extension method 'ElapsedTimeRandomFactor' accepting a first argument of type 'TestFluentSeedableRandom' could be found (are you missing a using directive or an assembly reference?) [C:\projects\antigravity\gridiron\UnitTestProject1\UnitTestProject1.csproj]
C:\projects\antigravity\gridiron\UnitTestProject1\Helpers\PassPlayScenarios.cs(412,18): error CS1061: 'TestFluentSeedableRandom' does not contain a definition for 'ElapsedTimeRandomFactor' and no accessible extension method 'ElapsedTimeRandomFactor' accepting a first argument of type 'TestFluentSeedableRandom' could be found (are you missing a using directive or an assembly reference?) [C:\projects\antigravity\gridiron\UnitTestProject1\UnitTestProject1.csproj]
C:\projects\antigravity\gridiron\UnitTestProject1\Helpers\PassPlayScenarios.cs(432,18): error CS1061: 'TestFluentSeedableRandom' does not contain a definition for 'ElapsedTimeRandomFactor' and no accessible extension method 'ElapsedTimeRandomFactor' accepting a first argument of type 'TestFluentSeedableRandom' could be found (are you missing a using directive or an assembly reference?) [C:\projects\antigravity\gridiron\UnitTestProject1\UnitTestProject1.csproj]
C:\projects\antigravity\gridiron\UnitTestProject1\Helpers\PassPlayScenarios.cs(470,18): error CS1061: 'TestFluentSeedableRandom' does not contain a definition for 'ElapsedTimeRandomFactor' and no accessible extension method 'ElapsedTimeRandomFactor' accepting a first argument of type 'TestFluentSeedableRandom' could be found (are you missing a using directive or an assembly reference?) [C:\projects\antigravity\gridiron\UnitTestProject1\UnitTestProject1.csproj]
C:\projects\antigravity\gridiron\UnitTestProject1\Helpers\PassPlayScenarios.cs(491,18): error CS1061: 'TestFluentSeedableRandom' does not contain a definition for 'ElapsedTimeRandomFactor' and no accessible extension method 'ElapsedTimeRandomFactor' accepting a first argument of type 'TestFluentSeedableRandom' could be found (are you missing a using directive or an assembly reference?) [C:\projects\antigravity\gridiron\UnitTestProject1\UnitTestProject1.csproj]
C:\projects\antigravity\gridiron\UnitTestProject1\Helpers\PuntPlayScenarios.cs(593,22): error CS1061: 'TestFluentSeedableRandom' does not contain a definition for 'ElapsedTimeRandomFactor' and no accessible extension method 'ElapsedTimeRandomFactor' accepting a first argument of type 'TestFluentSeedableRandom' could be found (are you missing a using directive or an assembly reference?) [C:\projects\antigravity\gridiron\UnitTestProject1\UnitTestProject1.csproj]
C:\projects\antigravity\gridiron\UnitTestProject1\Helpers\PuntPlayScenarios.cs(616,21): error CS1061: 'TestFluentSeedableRandom' does not contain a definition for 'ElapsedTimeRandomFactor' and no accessible extension method 'ElapsedTimeRandomFactor' accepting a first argument of type 'TestFluentSeedableRandom' could be found (are you missing a using directive or an assembly reference?) [C:\projects\antigravity\gridiron\UnitTestProject1\UnitTestProject1.csproj]
C:\projects\antigravity\gridiron\UnitTestProject1\Helpers\PuntPlayScenarios.cs(655,21): error CS1061: 'TestFluentSeedableRandom' does not contain a definition for 'ElapsedTimeRandomFactor' and no accessible extension method 'ElapsedTimeRandomFactor' accepting a first argument of type 'TestFluentSeedableRandom' could be found (are you missing a using directive or an assembly reference?) [C:\projects\antigravity\gridiron\UnitTestProject1\UnitTestProject1.csproj]
C:\projects\antigravity\gridiron\UnitTestProject1\Helpers\PuntPlayScenarios.cs(670,21): error CS1061: 'TestFluentSeedableRandom' does not contain a definition for 'ElapsedTimeRandomFactor' and no accessible extension method 'ElapsedTimeRandomFactor' accepting a first argument of type 'TestFluentSeedableRandom' could be found (are you missing a using directive or an assembly reference?) [C:\projects\antigravity\gridiron\UnitTestProject1\UnitTestProject1.csproj]
C:\projects\antigravity\gridiron\UnitTestProject1\Helpers\PuntPlayScenarios.cs(692,17): error CS1061: 'TestFluentSeedableRandom' does not contain a definition for 'ElapsedTimeRandomFactor' and no accessible extension method 'ElapsedTimeRandomFactor' accepting a first argument of type 'TestFluentSeedableRandom' could be found (are you missing a using directive or an assembly reference?) [C:\projects\antigravity\gridiron\UnitTestProject1\UnitTestProject1.csproj]
C:\projects\antigravity\gridiron\UnitTestProject1\Helpers\PassPlayScenarios.cs(512,18): error CS1061: 'TestFluentSeedableRandom' does not contain a definition for 'ElapsedTimeRandomFactor' and no accessible extension method 'ElapsedTimeRandomFactor' accepting a first argument of type 'TestFluentSeedableRandom' could be found (are you missing a using directive or an assembly reference?) [C:\projects\antigravity\gridiron\UnitTestProject1\UnitTestProject1.csproj]
C:\projects\antigravity\gridiron\UnitTestProject1\Helpers\RunPlayScenarios.cs(200,18): error CS1061: 'TestFluentSeedableRandom' does not contain a definition for 'ElapsedTimeRandomFactor' and no accessible extension method 'ElapsedTimeRandomFactor' accepting a first argument of type 'TestFluentSeedableRandom' could be found (are you missing a using directive or an assembly reference?) [C:\projects\antigravity\gridiron\UnitTestProject1\UnitTestProject1.csproj]
C:\projects\antigravity\gridiron\UnitTestProject1\Helpers\PassPlayScenarios.cs(576,22): error CS1061: 'TestFluentSeedableRandom' does not contain a definition for 'ElapsedTimeRandomFactor' and no accessible extension method 'ElapsedTimeRandomFactor' accepting a first argument of type 'TestFluentSeedableRandom' could be found (are you missing a using directive or an assembly reference?) [C:\projects\antigravity\gridiron\UnitTestProject1\UnitTestProject1.csproj]
C:\projects\antigravity\gridiron\UnitTestProject1\Helpers\PassPlayScenarios.cs(615,26): error CS1061: 'TestFluentSeedableRandom' does not contain a definition for 'ElapsedTimeRandomFactor' and no accessible extension method 'ElapsedTimeRandomFactor' accepting a first argument of type 'TestFluentSeedableRandom' could be found (are you missing a using directive or an assembly reference?) [C:\projects\antigravity\gridiron\UnitTestProject1\UnitTestProject1.csproj]
C:\projects\antigravity\gridiron\UnitTestProject1\Helpers\PassPlayScenarios.cs(635,25): error CS1061: 'TestFluentSeedableRandom' does not contain a definition for 'ElapsedTimeRandomFactor' and no accessible extension method 'ElapsedTimeRandomFactor' accepting a first argument of type 'TestFluentSeedableRandom' could be found (are you missing a using directive or an assembly reference?) [C:\projects\antigravity\gridiron\UnitTestProject1\UnitTestProject1.csproj]
C:\projects\antigravity\gridiron\UnitTestProject1\Helpers\RunPlayScenarios.cs(240,18): error CS1061: 'TestFluentSeedableRandom' does not contain a definition for 'ElapsedTimeRandomFactor' and no accessible extension method 'ElapsedTimeRandomFactor' accepting a first argument of type 'TestFluentSeedableRandom' could be found (are you missing a using directive or an assembly reference?) [C:\projects\antigravity\gridiron\UnitTestProject1\UnitTestProject1.csproj]
C:\projects\antigravity\gridiron\UnitTestProject1\Helpers\RunPlayScenarios.cs(273,18): error CS1061: 'TestFluentSeedableRandom' does not contain a definition for 'ElapsedTimeRandomFactor' and no accessible extension method 'ElapsedTimeRandomFactor' accepting a first argument of type 'TestFluentSeedableRandom' could be found (are you missing a using directive or an assembly reference?) [C:\projects\antigravity\gridiron\UnitTestProject1\UnitTestProject1.csproj]
C:\projects\antigravity\gridiron\UnitTestProject1\Helpers\RunPlayScenarios.cs(308,18): error CS1061: 'TestFluentSeedableRandom' does not contain a definition for 'ElapsedTimeRandomFactor' and no accessible extension method 'ElapsedTimeRandomFactor' accepting a first argument of type 'TestFluentSeedableRandom' could be found (are you missing a using directive or an assembly reference?) [C:\projects\antigravity\gridiron\UnitTestProject1\UnitTestProject1.csproj]
C:\projects\antigravity\gridiron\UnitTestProject1\Helpers\RunPlayScenarios.cs(337,18): error CS1061: 'TestFluentSeedableRandom' does not contain a definition for 'ElapsedTimeRandomFactor' and no accessible extension method 'ElapsedTimeRandomFactor' accepting a first argument of type 'TestFluentSeedableRandom' could be found (are you missing a using directive or an assembly reference?) [C:\projects\antigravity\gridiron\UnitTestProject1\UnitTestProject1.csproj]
C:\projects\antigravity\gridiron\UnitTestProject1\DownProgressionTests.cs(510,18): error CS1061: 'TestFluentSeedableRandom' does not contain a definition for 'ElapsedTimeRandomFactor' and no accessible extension method 'ElapsedTimeRandomFactor' accepting a first argument of type 'TestFluentSeedableRandom' could be found (are you missing a using directive or an assembly reference?) [C:\projects\antigravity\gridiron\UnitTestProject1\UnitTestProject1.csproj]
C:\projects\antigravity\gridiron\UnitTestProject1\Helpers\RunPlayScenarios.cs(370,18): error CS1061: 'TestFluentSeedableRandom' does not contain a definition for 'ElapsedTimeRandomFactor' and no accessible extension method 'ElapsedTimeRandomFactor' accepting a first argument of type 'TestFluentSeedableRandom' could be found (are you missing a using directive or an assembly reference?) [C:\projects\antigravity\gridiron\UnitTestProject1\UnitTestProject1.csproj]
C:\projects\antigravity\gridiron\UnitTestProject1\Helpers\RunPlayScenarios.cs(399,18): error CS1061: 'TestFluentSeedableRandom' does not contain a definition for 'ElapsedTimeRandomFactor' and no accessible extension method 'ElapsedTimeRandomFactor' accepting a first argument of type 'TestFluentSeedableRandom' could be found (are you missing a using directive or an assembly reference?) [C:\projects\antigravity\gridiron\UnitTestProject1\UnitTestProject1.csproj]
C:\projects\antigravity\gridiron\UnitTestProject1\Helpers\RunPlayScenarios.cs(430,18): error CS1061: 'TestFluentSeedableRandom' does not contain a definition for 'ElapsedTimeRandomFactor' and no accessible extension method 'ElapsedTimeRandomFactor' accepting a first argument of type 'TestFluentSeedableRandom' could be found (are you missing a using directive or an assembly reference?) [C:\projects\antigravity\gridiron\UnitTestProject1\UnitTestProject1.csproj]
C:\projects\antigravity\gridiron\UnitTestProject1\Helpers\RunPlayScenarios.cs(495,18): error CS1061: 'TestFluentSeedableRandom' does not contain a definition for 'ElapsedTimeRandomFactor' and no accessible extension method 'ElapsedTimeRandomFactor' accepting a first argument of type 'TestFluentSeedableRandom' could be found (are you missing a using directive or an assembly reference?) [C:\projects\antigravity\gridiron\UnitTestProject1\UnitTestProject1.csproj]
    339 Warning(s)
    85 Error(s)

Time Elapsed 00:00:01.35
