  Determining projects to restore...
  All projects are up-to-date for restore.
  DomainObjects -> C:\projects\GoalToGoFootball\gridiron\DomainObjects\bin\Debug\net8.0\DomainObjects.dll
  Gridiron.TestHelpers -> C:\projects\GoalToGoFootball\gridiron\Gridiron.TestHelpers\bin\Debug\net8.0\Gridiron.TestHelpers.dll
  DataAccessLayer -> C:\projects\GoalToGoFootball\gridiron\DataAccessLayer\bin\Debug\net8.0\DataAccessLayer.dll
  GameManagement -> C:\projects\GoalToGoFootball\gridiron\GameManagement\bin\Debug\net8.0\GameManagement.dll
  GameManagement.Tests -> C:\projects\GoalToGoFootball\gridiron\GameManagement.Tests\bin\Debug\net8.0\GameManagement.Tests.dll
Test run for C:\projects\GoalToGoFootball\gridiron\GameManagement.Tests\bin\Debug\net8.0\GameManagement.Tests.dll (.NETCoreApp,Version=v8.0)
VSTest version 18.0.1 (x64)

  Gridiron.WebApi -> C:\projects\GoalToGoFootball\gridiron\Gridiron.WebApi\bin\Debug\net8.0\Gridiron.WebApi.dll
Starting test execution, please wait...
A total of 1 test files matched the specified pattern.
  Gridiron.IntegrationTests -> C:\projects\GoalToGoFootball\gridiron\Gridiron.IntegrationTests\bin\Debug\net8.0\Gridiron.IntegrationTests.dll
  Gridiron.WebApi.Tests -> C:\projects\GoalToGoFootball\gridiron\Gridiron.WebApi.Tests\bin\Debug\net8.0\Gridiron.WebApi.Tests.dll
Test run for C:\projects\GoalToGoFootball\gridiron\Gridiron.IntegrationTests\bin\Debug\net8.0\Gridiron.IntegrationTests.dll (.NETCoreApp,Version=v8.0)
Test run for C:\projects\GoalToGoFootball\gridiron\Gridiron.WebApi.Tests\bin\Debug\net8.0\Gridiron.WebApi.Tests.dll (.NETCoreApp,Version=v8.0)
VSTest version 18.0.1 (x64)

VSTest version 18.0.1 (x64)

Starting test execution, please wait...
Starting test execution, please wait...
A total of 1 test files matched the specified pattern.
A total of 1 test files matched the specified pattern.

Passed!  - Failed:     0, Passed:   293, Skipped:     0, Total:   293, Duration: 228 ms - GameManagement.Tests.dll (net8.0)
[xUnit.net 00:00:00.35]     Gridiron.WebApi.Tests.Controllers.PlayersControllerTests.GetPlayer_WhenStatsNull_ReturnsEmptyDictionaries [FAIL]
  Failed Gridiron.WebApi.Tests.Controllers.PlayersControllerTests.GetPlayer_WhenStatsNull_ReturnsEmptyDictionaries [2 ms]
  Error Message:
   System.NullReferenceException : Object reference not set to an instance of an object.
  Stack Trace:
     at DomainObjects.Player.SerializeStats(Dictionary`2 stats) in C:\projects\GoalToGoFootball\gridiron\DomainObjects\Player.cs:line 135
   at DomainObjects.Player.set_Stats(Dictionary`2 value) in C:\projects\GoalToGoFootball\gridiron\DomainObjects\Player.cs:line 38
   at Gridiron.WebApi.Tests.Controllers.PlayersControllerTests.GetPlayer_WhenStatsNull_ReturnsEmptyDictionaries() in C:\projects\GoalToGoFootball\gridiron\Gridiron.WebApi.Tests\Controllers\PlayersControllerTests.cs:line 280
--- End of stack trace from previous location ---

Failed!  - Failed:     1, Passed:   145, Skipped:     0, Total:   146, Duration: 175 ms - Gridiron.WebApi.Tests.dll (net8.0)

Passed!  - Failed:     0, Passed:   169, Skipped:     0, Total:   169, Duration: 9 s - Gridiron.IntegrationTests.dll (net8.0)
